******************************************************************************
                  TI ARM Linker PC v18.1.4                     
******************************************************************************
>> Linked Fri Nov 16 13:11:33 2018

OUTPUT FILE NAME:   <Quad_Encoder.out>
ENTRY POINT SYMBOL: "_c_int00"  address: 000038f9


MEMORY CONFIGURATION

         name            origin    length      used     unused   attr    fill
----------------------  --------  ---------  --------  --------  ----  --------
  FLASH                 00000000   00040000  00007236  00038dca  R  X
  SRAM                  20000000   00008000  0000184a  000067b6  RW X


SEGMENT ALLOCATION MAP

run origin  load origin   length   init length attrs members
----------  ----------- ---------- ----------- ----- -------
00000000    00000000    00007240   00007240    r-x
  00000000    00000000    0000003c   0000003c    r-- .resetVecs
  00000040    00000040    00005132   00005132    r-x .text
  00005174    00005174    00001eb8   00001eb8    r-- .const
  00007030    00007030    00000210   00000210    r-- .cinit
20000000    20000000    00001850   00000000    rw-
  20000000    20000000    00000360   00000000    rw- .vecs
  20000360    20000360    00000da0   00000000    rw- .bss
  20001100    20001100    0000044a   00000000    rw- .data
  20001550    20001550    00000300   00000000    rw- .stack


SECTION ALLOCATION MAP

 output                                  attributes/
section   page    origin      length       input sections
--------  ----  ----------  ----------   ----------------
.text      0    00000040    00005132     
                  00000040    00000430     sysbios.aem4f : BIOS.obj (.text:ti_sysbios_family_arm_m3_Hwi_excDumpRegs__I)
                  00000470    0000034c     ti.targets.arm.rtsarm.aem4f : System.oem4f (.text:xdc_runtime_System_doPrint__I)
                  000007bc    00000004     driverlib.lib : qei.obj (.text:QEIPositionGet)
                  000007c0    000002d0     sysbios.aem4f : BIOS.obj (.text:ti_sysbios_knl_Semaphore_pend__E)
                  00000a90    0000026c                   : BIOS.obj (.text:ti_sysbios_heaps_HeapMem_free__E)
                  00000cfc    00000004     rtsv7M4_T_le_v4SPD16_eabi.lib : exit.c.obj (.text:abort:abort)
                  00000d00    00000250     sysbios.aem4f : BIOS.obj (.text:ti_sysbios_heaps_HeapMem_alloc__E)
                  00000f50    000001fc                   : BIOS.obj (.text:ti_sysbios_family_arm_m3_Hwi_excHandlerMax__I)
                  0000114c    00000004     enc_rtos_pem4f.oem4f (.text:ti_sysbios_BIOS_RtsGateProxy_enter__E)
                  00001150    000001f0     sysbios.aem4f : BIOS.obj (.text:ti_sysbios_knl_Task_sleep__E)
                  00001340    00000174                   : BIOS.obj (.text:ti_sysbios_family_arm_m3_Hwi_excBusFault__I)
                  000014b4    00000004     enc_rtos_pem4f.oem4f (.text:ti_sysbios_BIOS_RtsGateProxy_leave__E)
                  000014b8    00000164     sysbios.aem4f : BIOS.obj (.text:ti_sysbios_family_arm_m3_Hwi_excUsageFault__I)
                  0000161c    00000150     drivers_tivaware.aem4f : GPIOTiva.oem4f (.text:GPIO_setConfig)
                  0000176c    00000004     sysbios.aem4f : BIOS.obj (.text:ti_sysbios_family_arm_lm4_Timer_masterEnable__I)
                  00001770    00000148                   : BIOS.obj (.text:ti_sysbios_family_arm_m3_Hwi_excMemFault__I)
                  000018b8    0000013c                   : BIOS.obj (.text:ti_sysbios_heaps_HeapMem_Instance_init__E)
                  000019f4    00000004     enc_rtos_pem4f.oem4f (.text:ti_sysbios_family_arm_m3_TaskSupport_Module__startupDone__S)
                  000019f8    00000134     sysbios.aem4f : BIOS.obj (.text:ti_sysbios_family_arm_lm4_Timer_start__E)
                  00001b2c    00000130     driverlib.lib : gpio.obj (.text:GPIOPadConfigSet)
                  00001c5c    00000118     ti.targets.arm.rtsarm.aem4f : Error.oem4f (.text:xdc_runtime_Error_policyDefault__E)
                  00001d74    00000100     Boot.aem4f : Boot_sysctl.oem4f (.text:ti_catalog_arm_cortexm4_tiva_ce_Boot_sysCtlClockSetI__I)
                  00001e74    00000100     ti.targets.arm.rtsarm.aem4f : Core-mem.oem4f (.text:xdc_runtime_Core_createObject__I)
                  00001f74    000000f8                                 : Startup.oem4f (.text:xdc_runtime_Startup_startMods__I)
                  0000206c    000000f8     enc_rtos_pem4f.oem4f (.text:xdc_runtime_System_printfExtend__I)
                  00002164    000000f4     sysbios.aem4f : m3_Hwi_asm.obj (.text:ti_sysbios_family_arm_m3_Hwi_dispatch__I)
                  00002258    000000ec                   : BIOS.obj (.text:ti_sysbios_knl_Semaphore_post__E)
                  00002344    000000e0     main_enc.obj (.text:heartBeat_TASK)
                  00002424    000000cc     ti.targets.arm.rtsarm.aem4f : Core-smem.oem4f (.text:xdc_runtime_Core_constructObject__I)
                  000024f0    000000bc     sysbios.aem4f : BIOS.obj (.text:ti_sysbios_family_arm_m3_Hwi_excDebugMon__I)
                  000025ac    00000004     enc_rtos_pem4f.oem4f (.text:ti_sysbios_heaps_HeapMem_Module_GateProxy_enter__E)
                  000025b0    000000bc     sysbios.aem4f : BIOS.obj (.text:ti_sysbios_family_arm_m3_Hwi_excHardFault__I)
                  0000266c    00000004     enc_rtos_pem4f.oem4f (.text:ti_sysbios_heaps_HeapMem_Module_GateProxy_leave__E)
                  00002670    000000b4     sysbios.aem4f : BIOS.obj (.text:ti_sysbios_gates_GateMutex_enter__E)
                  00002724    00000004     enc_rtos_pem4f.oem4f (.text:ti_sysbios_knl_Clock_TimerProxy_getMaxTicks__E)
                  00002728    000000b4     sysbios.aem4f : BIOS.obj (.text:ti_sysbios_knl_Task_checkStacks__E)
                  000027dc    00000004     enc_rtos_pem4f.oem4f (.text:ti_sysbios_knl_Queue_destruct)
                  000027e0    000000ac     sysbios.aem4f : BIOS.obj (.text:ti_sysbios_family_arm_lm4_Timer_enableTiva__I)
                  0000288c    00000004     enc_rtos_pem4f.oem4f (.text:ti_sysbios_knl_Semaphore_destruct)
                  00002890    000000a8     sysbios.aem4f : BIOS.obj (.text:ti_sysbios_family_arm_lm4_Timer_enableTimers__I)
                  00002938    000000a8                   : BIOS.obj (.text:ti_sysbios_knl_Task_postInit__I)
                  000029e0    000000a0     auto_init.aem4f : auto_init.oem4f (.text)
                  00002a80    000000a0     ti.targets.arm.rtsarm.aem4f : Text.oem4f (.text:xdc_runtime_Text_putMod__E)
                  00002b20    0000009c     rtsv7M4_T_le_v4SPD16_eabi.lib : memcpy_t2.asm.obj (.text)
                  00002bbc    00000004     ti.targets.arm.rtsarm.aem4f : Error.oem4f (.text:xdc_runtime_Error_getSite__E)
                  00002bc0    0000009c     sysbios.aem4f : BIOS.obj (.text:ti_sysbios_knl_Semaphore_Instance_init__E)
                  00002c5c    0000009a     ti.targets.arm.rtsarm.aem4f : Text.oem4f (.text:xdc_runtime_Text_putSite__E)
                  00002cf6    00000002     rtsv7M4_T_le_v4SPD16_eabi.lib : _lock.c.obj (.text:_nop)
                  00002cf8    00000098     Boot.aem4f : Boot.oem4f (.text:ti_catalog_arm_cortexm4_tiva_ce_Boot_sysCtlClockSet__E)
                  00002d90    00000094     sysbios.aem4f : BIOS.obj (.text:ti_sysbios_family_arm_m3_Hwi_Instance_init__E)
                  00002e24    00000004     enc_rtos_pem4f.oem4f (.text:xdc_runtime_System_Module_GateProxy_enter__E)
                  00002e28    00000094     sysbios.aem4f : BIOS.obj (.text:ti_sysbios_family_arm_m3_Hwi_initNVIC__E)
                  00002ebc    00000090     main_enc.obj (.text:main)
                  00002f4c    0000008c     drivers_tivaware.aem4f : GPIOTiva.oem4f (.text:GPIO_init)
                  00002fd8    0000008c     sysbios.aem4f : m3_TaskSupport_asm.obj (.text:ti_sysbios_family_arm_m3_TaskSupport_buildTaskStack)
                  00003064    00000004     enc_rtos_pem4f.oem4f (.text:xdc_runtime_System_Module_GateProxy_leave__E)
                  00003068    00000084     sysbios.aem4f : BIOS.obj (.text:ti_sysbios_family_arm_m3_Hwi_postInit__I)
                  000030ec    0000007a     rtsv7M4_T_le_v4SPD16_eabi.lib : memset_t2.asm.obj (.text)
                  00003166    00000002                                   : div0.asm.obj (.text)
                  00003168    00000070     sysbios.aem4f : BIOS.obj (.text:ti_sysbios_knl_Clock_workFunc__E)
                  000031d8    00000070                   : BIOS.obj (.text:ti_sysbios_knl_Task_exit__E)
                  00003248    0000006d     ti.targets.arm.rtsarm.aem4f : System.oem4f (.text:xdc_runtime_System_formatNum__I)
                  000032b5    00000001     --HOLE-- [fill = 0]
                  000032b6    00000002     enc_rtos_pem4f.oem4f (.text:ti_sysbios_BIOS_nullFunc__I)
                  000032b8    0000006c     sysbios.aem4f : BIOS.obj (.text:ti_sysbios_knl_Swi_restoreHwi__E)
                  00003324    0000006c     ti.targets.arm.rtsarm.aem4f : Error.oem4f (.text:xdc_runtime_Error_print__E)
                  00003390    0000006c                                 : Memory.oem4f (.text:xdc_runtime_Memory_alloc__E)
                  000033fc    00000068     rtsv7M4_T_le_v4SPD16_eabi.lib : copy_decompress_lzss.c.obj (.text:decompress:lzss:__TI_decompress_lzss)
                  00003464    00000066     ti.targets.arm.rtsarm.aem4f : Core-mem.oem4f (.text:xdc_runtime_Core_deleteObject__I)
                  000034ca    00000002     enc_rtos_pem4f.oem4f (.text:xdc_runtime_Startup_reset__I)
                  000034cc    00000064     drivers_tivaware.aem4f : GPIOTiva.oem4f (.text:GPIO_hwiIntFxn)
                  00003530    00000064     sysbios.aem4f : BIOS.obj (.text:ti_sysbios_family_arm_lm4_Timer_Module_startup__E)
                  00003594    00000064     enc_rtos_pem4f.oem4f (.text:ti_sysbios_family_arm_m3_Hwi_create)
                  000035f8    00000064     sysbios.aem4f : BIOS.obj (.text:ti_sysbios_family_arm_m3_Hwi_dispatchC__I)
                  0000365c    00000004     ti.targets.arm.rtsarm.aem4f : System.oem4f (.text:xdc_runtime_System_aprintf_va__F)
                  00003660    00000060     sysbios.aem4f : BIOS.obj (.text:ti_sysbios_family_arm_lm4_Timer_isrStub__E)
                  000036c0    00000060                   : BIOS.obj (.text:ti_sysbios_knl_Task_schedule__I)
                  00003720    0000005c                   : BIOS.obj (.text:ti_sysbios_knl_Swi_run__I)
                  0000377c    00000004     ti.targets.arm.rtsarm.aem4f : System.oem4f (.text:xdc_runtime_System_printf_va__F)
                  00003780    0000005c     sysbios.aem4f : BIOS.obj (.text:ti_sysbios_knl_Swi_schedule__I)
                  000037dc    00000004     --HOLE-- [fill = 0]
                  000037e0    0000005c                   : BIOS.obj (.text:ti_sysbios_knl_Task_Module_startup__E)
                  0000383c    00000004     --HOLE-- [fill = 0]
                  00003840    0000005c                   : BIOS.obj (.text:ti_sysbios_knl_Task_startCore__E)
                  0000389c    0000005b     ti.targets.arm.rtsarm.aem4f : Text.oem4f (.text:xdc_runtime_Text_putLab__E)
                  000038f7    00000001     --HOLE-- [fill = 0]
                  000038f8    00000058     boot.aem4f : boot.oem4f (.text)
                  00003950    00000058     rtsv7M4_T_le_v4SPD16_eabi.lib : hostwrite.c.obj (.text:HOSTwrite)
                  000039a8    00000058     sysbios.aem4f : m3_Hwi_asm_switch.obj (.text:ti_sysbios_family_arm_m3_Hwi_initStacks__E)
                  00003a00    00000056     driverlib.lib : gpio.obj (.text:GPIOIntTypeSet)
                  00003a56    00000002     --HOLE-- [fill = 0]
                  00003a58    00000054     ti.targets.arm.rtsarm.aem4f : Assert.oem4f (.text:xdc_runtime_Assert_raise__I)
                  00003aac    00000050     drivers_tivaware.aem4f : GPIOTiva.oem4f (.text:GPIO_setCallback)
                  00003afc    00000050                            : GPIOTiva.oem4f (.text:GPIO_toggle)
                  00003b4c    00000050                            : GPIOTiva.oem4f (.text:GPIO_write)
                  00003b9c    00000004     --HOLE-- [fill = 0]
                  00003ba0    00000050     sysbios.aem4f : BIOS.obj (.text:ti_sysbios_family_arm_m3_Hwi_Module_startup__E)
                  00003bf0    00000050     ti.targets.arm.rtsarm.aem4f : Startup.oem4f (.text:xdc_runtime_Startup_exec__E)
                  00003c40    00000050                                 : Text.oem4f (.text:xdc_runtime_Text_visitRope2__I)
                  00003c90    0000004c     rtsv7M4_T_le_v4SPD16_eabi.lib : cpy_tbl.c.obj (.text:copy_in)
                  00003cdc    00000004     --HOLE-- [fill = 0]
                  00003ce0    0000004c     sysbios.aem4f : BIOS.obj (.text:ti_sysbios_heaps_HeapMem_getStats__E)
                  00003d2c    00000004     --HOLE-- [fill = 0]
                  00003d30    0000004c                   : BIOS.obj (.text:ti_sysbios_knl_Swi_runLoop__I)
                  00003d7c    00000004     --HOLE-- [fill = 0]
                  00003d80    0000004c                   : BIOS.obj (.text:ti_sysbios_knl_Task_allBlockedFunction__I)
                  00003dcc    00000048     driverlib.lib : gpio.obj (.text:GPIOPinConfigure)
                  00003e14    00000004     --HOLE-- [fill = 0]
                  00003e18    00000048     sysbios.aem4f : BIOS.obj (.text:ti_sysbios_family_arm_m3_Hwi_disableInterrupt__E)
                  00003e60    00000048                   : BIOS.obj (.text:ti_sysbios_family_arm_m3_Hwi_enableInterrupt__E)
                  00003ea8    00000048                   : BIOS.obj (.text:ti_sysbios_family_arm_m3_Hwi_excReserved__I)
                  00003ef0    00000046     ti.targets.arm.rtsarm.aem4f : Core-params.oem4f (.text:xdc_runtime_Core_assignParams__I)
                  00003f36    00000002     --HOLE-- [fill = 0]
                  00003f38    00000044     sysbios.aem4f : BIOS.obj (.text:ti_sysbios_family_arm_m3_Hwi_getStackInfo__E)
                  00003f7c    00000004     --HOLE-- [fill = 0]
                  00003f80    00000044                   : BIOS.obj (.text:ti_sysbios_knl_Swi_post__E)
                  00003fc4    00000044     ti.targets.arm.rtsarm.aem4f : Error.oem4f (.text:xdc_runtime_Error_setX__E)
                  00004008    00000044                                 : SysMin.oem4f (.text:xdc_runtime_SysMin_flush__E)
                  0000404c    00000044                                 : Text.oem4f (.text:xdc_runtime_Text_xprintf__I)
                  00004090    00000040     EK_TM4C123GXL.obj (.text:EK_TM4C123GXL_initGeneral)
                  000040d0    00000040     rtsv7M4_T_le_v4SPD16_eabi.lib : u_divt2.asm.obj (.text)
                  00004110    00000040     sysbios.aem4f : BIOS.obj (.text:ti_sysbios_family_arm_lm4_Timer_startup__E)
                  00004150    0000003c                   : BIOS.obj (.text:ti_sysbios_family_arm_m3_Hwi_excSvCall__I)
                  0000418c    00000004     --HOLE-- [fill = 0]
                  00004190    0000003c                   : BIOS.obj (.text:ti_sysbios_heaps_HeapMem_init__I)
                  000041cc    00000004     --HOLE-- [fill = 0]
                  000041d0    0000003c                   : BIOS.obj (.text:ti_sysbios_knl_Swi_restore__E)
                  0000420c    00000038     driverlib.lib : sysctl.obj (.text:SysCtlPeripheralReady)
                  00004244    00000038     rtsv7M4_T_le_v4SPD16_eabi.lib : trgmsg.c.obj (.text:__TI_writemsg)
                  0000427c    00000004     --HOLE-- [fill = 0]
                  00004280    00000038     sysbios.aem4f : BIOS.obj (.text:ti_sysbios_family_arm_m3_Hwi_excNoIsr__I)
                  000042b8    00000038                   : BIOS.obj (.text:ti_sysbios_knl_Task_processVitalTaskFlag__I)
                  000042f0    00000038     ti.targets.arm.rtsarm.aem4f : SysMin.oem4f (.text:xdc_runtime_SysMin_putch__E)
                  00004328    00000038                                 : System.oem4f (.text:xdc_runtime_System_atexit__E)
                  00004360    00000034     driverlib.lib : sysctl.obj (.text:SysCtlPeripheralEnable)
                  00004394    00000034     rtsv7M4_T_le_v4SPD16_eabi.lib : trgmsg.c.obj (.text:__TI_readmsg)
                  000043c8    00000034     sysbios.aem4f : BIOS.obj (.text:ti_sysbios_family_arm_m3_Hwi_Instance_finalize__E)
                  000043fc    00000004     --HOLE-- [fill = 0]
                  00004400    00000034                   : BIOS.obj (.text:ti_sysbios_family_arm_m3_Hwi_excNmi__I)
                  00004434    00000004     --HOLE-- [fill = 0]
                  00004438    00000034                   : BIOS.obj (.text:ti_sysbios_hal_Hwi_checkStack)
                  0000446c    00000034     ti.targets.arm.rtsarm.aem4f : Core-label.oem4f (.text:xdc_runtime_Core_assignLabel__I)
                  000044a0    00000033                                 : Text.oem4f (.text:xdc_runtime_Text_printVisFxn__I)
                  000044d3    00000005     --HOLE-- [fill = 0]
                  000044d8    00000032     sysbios.aem4f : BIOS.obj (.text:ti_sysbios_hal_Hwi_initStack)
                  0000450a    00000002     --HOLE-- [fill = 0]
                  0000450c    00000030     EK_TM4C123GXL.obj (.text:EK_TM4C123GXL_initGPIO)
                  0000453c    00000030     enc_rtos_pem4f.oem4f (.text:ti_sysbios_BIOS_atExitFunc__I)
                  0000456c    00000004     --HOLE-- [fill = 0]
                  00004570    00000030     sysbios.aem4f : BIOS.obj (.text:ti_sysbios_family_arm_lm4_Timer_stop__E)
                  000045a0    00000030                   : BIOS.obj (.text:ti_sysbios_family_arm_m3_TaskSupport_start__E)
                  000045d0    00000030     enc_rtos_pem4f.oem4f (.text:ti_sysbios_gates_GateHwi_Object__create__S)
                  00004600    00000030     enc_rtos_pem4f.oem4f (.text:ti_sysbios_gates_GateMutex_Object__create__S)
                  00004630    00000030     enc_rtos_pem4f.oem4f (.text:ti_sysbios_heaps_HeapMem_Object__create__S)
                  00004660    00000030     enc_rtos_pem4f.oem4f (.text:ti_sysbios_knl_Semaphore_construct)
                  00004690    00000030     sysbios.aem4f : BIOS.obj (.text:ti_sysbios_knl_Semaphore_pendTimeout__I)
                  000046c0    00000030                   : BIOS.obj (.text:ti_sysbios_knl_Task_unblockI__E)
                  000046f0    00000030     ti.targets.arm.rtsarm.aem4f : SysMin.oem4f (.text:xdc_runtime_SysMin_abort__E)
                  00004720    00000030                                 : System.oem4f (.text:xdc_runtime_System_processAtExit__E)
                  00004750    0000002c     enc_rtos_pem4f.oem4f (.text:ti_sysbios_knl_Clock_doTick__I)
                  0000477c    0000002c     enc_rtos_pem4f.oem4f (.text:ti_sysbios_knl_Queue_construct)
                  000047a8    0000002c     sysbios.aem4f : BIOS.obj (.text:ti_sysbios_knl_Task_restore__E)
                  000047d4    0000002c     ti.targets.arm.rtsarm.aem4f : Text.oem4f (.text:xdc_runtime_Text_cordText__E)
                  00004800    0000002a     driverlib.lib : gpio.obj (.text:GPIODirModeSet)
                  0000482a    0000002a     ti.targets.arm.rtsarm.aem4f : System.oem4f (.text:xdc_runtime_System_putchar__I)
                  00004854    00000004     --HOLE-- [fill = 0]
                  00004858    00000028     sysbios.aem4f : BIOS.obj (.text:ti_sysbios_knl_Swi_Module_startup__E)
                  00004880    00000026                   : m3_Hwi_asm.obj (.text:ti_sysbios_family_arm_m3_Hwi_pendSV__I)
                  000048a6    00000026     ti.targets.arm.rtsarm.aem4f : System.oem4f (.text:xdc_runtime_System_avprintf__E)
                  000048cc    00000024     enc_rtos_pem4f.oem4f (.text:ti_sysbios_BIOS_errorRaiseHook__I)
                  000048f0    00000024     enc_rtos_pem4f.oem4f (.text:ti_sysbios_BIOS_registerRTSLock__I)
                  00004914    00000024     enc_rtos_pem4f.oem4f (.text:ti_sysbios_BIOS_removeRTSLock__I)
                  00004938    00000024     enc_rtos_pem4f.oem4f (.text:ti_sysbios_BIOS_startFunc__I)
                  0000495c    00000024     enc_rtos_pem4f.oem4f (.text:ti_sysbios_gates_GateMutex_Object__delete__S)
                  00004980    00000024     sysbios.aem4f : BIOS.obj (.text:ti_sysbios_knl_Clock_Module_startup__E)
                  000049a4    00000004     --HOLE-- [fill = 0]
                  000049a8    00000024                   : BIOS.obj (.text:ti_sysbios_knl_Task_restoreHwi__E)
                  000049cc    00000024     ti.targets.arm.rtsarm.aem4f : System.oem4f (.text:xdc_runtime_System_vprintf__E)
                  000049f0    00000022     sysbios.aem4f : BIOS.obj (.text:ti_sysbios_family_arm_lm4_Timer_write__I)
                  00004a12    00000022     enc_rtos_pem4f.oem4f (.text:xdc_runtime_SysMin_output__I)
                  00004a34    00000020     enc_rtos_pem4f.oem4f (.text:ti_sysbios_BIOS_rtsLock__I)
                  00004a54    00000020     sysbios.aem4f : m3_Hwi_asm.obj (.text:ti_sysbios_family_arm_m3_Hwi_excHandlerAsm__I)
                  00004a74    00000004     --HOLE-- [fill = 0]
                  00004a78    00000020                   : BIOS.obj (.text:ti_sysbios_family_arm_m3_Hwi_excHandler__I)
                  00004a98    00000020     enc_rtos_pem4f.oem4f (.text:ti_sysbios_gates_GateHwi_Object__delete__S)
                  00004ab8    00000020     enc_rtos_pem4f.oem4f (.text:ti_sysbios_heaps_HeapMem_Object__delete__S)
                  00004ad8    00000020     sysbios.aem4f : BIOS.obj (.text:ti_sysbios_knl_Idle_run__E)
                  00004af8    00000020     enc_rtos_pem4f.oem4f (.text:ti_sysbios_knl_Semaphore_Object__destruct__S)
                  00004b18    00000020     ti.targets.arm.rtsarm.aem4f : Registry.oem4f (.text:xdc_runtime_Registry_findById__E)
                  00004b38    00000020                                 : SysMin.oem4f (.text:xdc_runtime_SysMin_Module_startup__E)
                  00004b58    0000001e     sysbios.aem4f : m3_Hwi_asm_switch.obj (.text:ti_sysbios_family_xxx_Hwi_switchAndRunFunc)
                  00004b76    0000001c     drivers_tivaware.aem4f : GPIOTiva.oem4f (.text:getGpioIntIndex)
                  00004b92    00000006     driverlib.lib : gpio.obj (.text:GPIOIntClear)
                  00004b98    0000001c     sysbios.aem4f : BIOS.obj (.text:ti_sysbios_gates_GateMutex_Instance_init__E)
                  00004bb4    0000001c     enc_rtos_pem4f.oem4f (.text:ti_sysbios_knl_Queue_Object__destruct__S)
                  00004bd0    0000001c     sysbios.aem4f : BIOS.obj (.text:ti_sysbios_knl_Task_enter__I)
                  00004bec    0000001c     ti.targets.arm.rtsarm.aem4f : Error.oem4f (.text:xdc_runtime_Error_raiseX__E)
                  00004c08    0000001c                                 : Memory.oem4f (.text:xdc_runtime_Memory_valloc__E)
                  00004c24    0000001c                                 : SysMin.oem4f (.text:xdc_runtime_SysMin_exit__E)
                  00004c40    0000001c                                 : System.oem4f (.text:xdc_runtime_System_abort__E)
                  00004c5c    0000001a     enc_rtos_pem4f.oem4f (.text:ti_sysbios_family_arm_m3_Hwi_Handle__label__S)
                  00004c76    0000001a     enc_rtos_pem4f.oem4f (.text:ti_sysbios_gates_GateHwi_Handle__label__S)
                  00004c90    0000001a     enc_rtos_pem4f.oem4f (.text:ti_sysbios_gates_GateMutex_Handle__label__S)
                  00004caa    0000001a     enc_rtos_pem4f.oem4f (.text:ti_sysbios_heaps_HeapMem_Handle__label__S)
                  00004cc4    0000001a     enc_rtos_pem4f.oem4f (.text:ti_sysbios_knl_Swi_Handle__label__S)
                  00004cde    0000001a     enc_rtos_pem4f.oem4f (.text:ti_sysbios_knl_Task_Handle__label__S)
                  00004cf8    0000001a     enc_rtos_pem4f.oem4f (.text:xdc_runtime_System_aprintf__E)
                  00004d12    0000001a     enc_rtos_pem4f.oem4f (.text:xdc_runtime_System_printf__E)
                  00004d2c    00000018     rtsv7M4_T_le_v4SPD16_eabi.lib : args_main.c.obj (.text:_args_main)
                  00004d44    00000018     enc_rtos_pem4f.oem4f (.text:ti_sysbios_BIOS_rtsUnlock__I)
                  00004d5c    00000018     enc_rtos_pem4f.oem4f (.text:ti_sysbios_family_arm_lm4_Timer_Module__startupDone__F)
                  00004d74    00000018     enc_rtos_pem4f.oem4f (.text:ti_sysbios_family_arm_m3_Hwi_Module__startupDone__F)
                  00004d8c    00000018     sysbios.aem4f : m3_TaskSupport_asm.obj (.text:ti_sysbios_family_arm_m3_TaskSupport_swap__E)
                  00004da4    00000004     --HOLE-- [fill = 0]
                  00004da8    00000018                   : BIOS.obj (.text:ti_sysbios_gates_GateMutex_leave__E)
                  00004dc0    00000018                   : BIOS.obj (.text:ti_sysbios_knl_Task_sleepTimeout__I)
                  00004dd8    00000018     ti.targets.arm.rtsarm.aem4f : Error.oem4f (.text:xdc_runtime_Error_check__E)
                  00004df0    00000018                                 : System.oem4f (.text:xdc_runtime_System_exit__E)
                  00004e08    00000018                                 : Text.oem4f (.text:xdc_runtime_Text_ropeText__E)
                  00004e20    00000016     enc_rtos_pem4f.oem4f (.text:ti_sysbios_BIOS_exitFunc__I)
                  00004e36    00000014     rtsv7M4_T_le_v4SPD16_eabi.lib : strlen.c.obj (.text:strlen)
                  00004e4a    00000002     --HOLE-- [fill = 0]
                  00004e4c    00000014     enc_rtos_pem4f.oem4f (.text:ti_sysbios_family_arm_m3_Hwi_Object__get__S)
                  00004e60    00000014     sysbios.aem4f : BIOS.obj (.text:ti_sysbios_family_arm_m3_Hwi_switchFromBootStack__E)
                  00004e74    00000014     enc_rtos_pem4f.oem4f (.text:ti_sysbios_heaps_HeapMem_Object__get__S)
                  00004e88    00000014     enc_rtos_pem4f.oem4f (.text:ti_sysbios_knl_Swi_Object__get__S)
                  00004e9c    00000012     driverlib.lib : gpio.obj (.text:GPIOPinTypeGPIOInput)
                  00004eae    00000012                   : gpio.obj (.text:GPIOPinTypeQEI)
                  00004ec0    00000012     sysbios.aem4f : BIOS.obj (.text:ti_sysbios_hal_Hwi_Module_startup__E)
                  00004ed2    00000012     enc_rtos_pem4f.oem4f (.text:xdc_runtime_Startup_exec__I)
                  00004ee4    00000010     driverlib.lib : qei.obj (.text:QEIVelocityConfigure)
                  00004ef4    00000004     --HOLE-- [fill = 0]
                  00004ef8    00000010     sysbios.aem4f : BIOS.obj (.text:ti_sysbios_BIOS_setThreadType__E)
                  00004f08    00000010                   : BIOS.obj (.text:ti_sysbios_BIOS_start__E)
                  00004f18    00000010                   : m3_TaskSupport_asm.obj (.text:ti_sysbios_family_arm_m3_TaskSupport_glue)
                  00004f28    00000010                   : BIOS.obj (.text:ti_sysbios_gates_GateMutex_Instance_finalize__E)
                  00004f38    00000010                   : BIOS.obj (.text:ti_sysbios_knl_Semaphore_Instance_finalize__E)
                  00004f48    00000010                   : BIOS.obj (.text:ti_sysbios_knl_Swi_disable__E)
                  00004f58    00000010     enc_rtos_pem4f.oem4f (.text:ti_sysbios_knl_Task_Object__get__S)
                  00004f68    00000010     sysbios.aem4f : BIOS.obj (.text:ti_sysbios_knl_Task_disable__E)
                  00004f78    00000010     ti.targets.arm.rtsarm.aem4f : Gate.oem4f (.text:xdc_runtime_Gate_leaveSystem__E)
                  00004f88    00000010                                 : Memory.oem4f (.text:xdc_runtime_Memory_free__E)
                  00004f98    00000010                                 : SysMin.oem4f (.text:xdc_runtime_SysMin_ready__E)
                  00004fa8    00000010                                 : System.oem4f (.text:xdc_runtime_System_vsnprintf__E)
                  00004fb8    00000010     enc_rtos_pem4f.oem4f (.text:xdc_runtime_Text_visitRope__I)
                  00004fc8    0000000e     driverlib.lib : gpio.obj (.text:GPIOIntStatus)
                  00004fd6    0000000e                   : qei.obj (.text:QEIConfigure)
                  00004fe4    0000000e     rtsv7M4_T_le_v4SPD16_eabi.lib : copy_decompress_none.c.obj (.text:decompress:none:__TI_decompress_none)
                  00004ff2    00000006     driverlib.lib : gpio.obj (.text:GPIOPinRead)
                  00004ff8    0000000e     sysbios.aem4f : BIOS.obj (.text:ti_sysbios_knl_Idle_loop__E)
                  00005006    00000002     --HOLE-- [fill = 0]
                  00005008    0000000e                   : BIOS.obj (.text:ti_sysbios_knl_Queue_empty__E)
                  00005016    00000002     --HOLE-- [fill = 0]
                  00005018    0000000c     enc_rtos_pem4f.oem4f (.text:.bootCodeSection:ti_catalog_arm_cortexm4_tiva_ce_Boot_init__I)
                  00005024    0000000c     rtsv7M4_T_le_v4SPD16_eabi.lib : _lock.c.obj (.text:_register_lock)
                  00005030    0000000c                                   : _lock.c.obj (.text:_register_unlock)
                  0000503c    0000000c                                   : copy_zero_init.c.obj (.text:decompress:ZI:__TI_zero_init)
                  00005048    0000000c     sysbios.aem4f : BIOS.obj (.text:ti_sysbios_family_arm_lm4_Timer_getMaxTicks__E)
                  00005054    0000000c     enc_rtos_pem4f.oem4f (.text:ti_sysbios_family_arm_m3_Hwi_Params__init__S)
                  00005060    0000000c     sysbios.aem4f : BIOS.obj (.text:ti_sysbios_family_arm_m3_Hwi_disableFxn__E)
                  0000506c    00000004     --HOLE-- [fill = 0]
                  00005070    0000000c                   : BIOS.obj (.text:ti_sysbios_family_arm_m3_TaskSupport_checkStack__E)
                  0000507c    00000004     --HOLE-- [fill = 0]
                  00005080    0000000c                   : BIOS.obj (.text:ti_sysbios_gates_GateHwi_enter__E)
                  0000508c    0000000c     enc_rtos_pem4f.oem4f (.text:ti_sysbios_knl_Queue_Object__get__S)
                  00005098    0000000c     ti.targets.arm.rtsarm.aem4f : Error.oem4f (.text:xdc_runtime_Error_init__E)
                  000050a4    0000000c                                 : Gate.oem4f (.text:xdc_runtime_Gate_enterSystem__E)
                  000050b0    0000000c                                 : Memory.oem4f (.text:xdc_runtime_Memory_calloc__E)
                  000050bc    0000000c                                 : Memory.oem4f (.text:xdc_runtime_Memory_getMaxDefaultTypeAlign__E)
                  000050c8    0000000a     driverlib.lib : qei.obj (.text:QEIEnable)
                  000050d2    0000000a                   : qei.obj (.text:QEIVelocityEnable)
                  000050dc    0000000a     enc_rtos_pem4f.oem4f (.text:xdc_runtime_IHeap_alloc)
                  000050e6    0000000a     enc_rtos_pem4f.oem4f (.text:xdc_runtime_IHeap_free)
                  000050f0    00000008     sysbios.aem4f : BIOS.obj (.text:ti_sysbios_family_arm_lm4_Timer_masterDisable__I)
                  000050f8    00000008                   : BIOS.obj (.text:ti_sysbios_family_arm_m3_Hwi_doSwiRestore__I)
                  00005100    00000008                   : BIOS.obj (.text:ti_sysbios_family_arm_m3_Hwi_startup__E)
                  00005108    00000006     driverlib.lib : gpio.obj (.text:GPIOPinWrite)
                  0000510e    00000006     Boot.aem4f : Boot_sysctl.oem4f (.text:ti_catalog_arm_cortexm4_tiva_ce_Boot_sysCtlDelayI__I)
                  00005114    00000004     --HOLE-- [fill = 0]
                  00005118    00000006     sysbios.aem4f : BIOS.obj (.text:ti_sysbios_family_arm_m3_Hwi_doTaskRestore__I)
                  0000511e    00000002     --HOLE-- [fill = 0]
                  00005120    00000006                   : BIOS.obj (.text:ti_sysbios_family_arm_m3_Hwi_restoreFxn__E)
                  00005126    00000002     --HOLE-- [fill = 0]
                  00005128    00000006                   : BIOS.obj (.text:ti_sysbios_gates_GateHwi_leave__E)
                  0000512e    00000002     --HOLE-- [fill = 0]
                  00005130    00000006                   : BIOS.obj (.text:ti_sysbios_heaps_HeapMem_isBlocking__E)
                  00005136    00000002     --HOLE-- [fill = 0]
                  00005138    00000006                   : BIOS.obj (.text:ti_sysbios_knl_Queue_Instance_init__E)
                  0000513e    00000002     --HOLE-- [fill = 0]
                  00005140    00000006                   : BIOS.obj (.text:ti_sysbios_knl_Swi_startup__E)
                  00005146    00000006     ti.targets.arm.rtsarm.aem4f : System.oem4f (.text:xdc_runtime_System_Module_startup__E)
                  0000514c    00000004     --HOLE-- [fill = 0]
                  00005150    00000004     sysbios.aem4f : BIOS.obj (.text:ti_sysbios_gates_GateHwi_query__E)
                  00005154    00000004     --HOLE-- [fill = 0]
                  00005158    00000004                   : BIOS.obj (.text:ti_sysbios_gates_GateMutex_query__E)
                  0000515c    00000004     --HOLE-- [fill = 0]
                  00005160    00000004                   : BIOS.obj (.text:ti_sysbios_knl_Task_startup__E)
                  00005164    00000004     --HOLE-- [fill = 0]
                  00005168    00000002                   : BIOS.obj (.text:ti_sysbios_gates_GateHwi_Instance_init__E)
                  0000516a    00000006     --HOLE-- [fill = 0]
                  00005170    00000002                   : BIOS.obj (.text:ti_sysbios_knl_Clock_logTick__E)

.const     0    00005174    00001eb8     
                  00005174    00001877     enc_rtos_pem4f.oem4f (.const:xdc_runtime_Text_charTab__A)
                  000069eb    00000001     enc_rtos_pem4f.oem4f (.const:xdc_runtime_Error_policy__C)
                  000069ec    000000bc     enc_rtos_pem4f.oem4f (.const:xdc_runtime_Text_nodeTab__A)
                  00006aa8    00000090     driverlib.lib : gpio.obj (.const:g_pui32GPIOBaseAddrs)
                  00006b38    00000054     drivers_tivaware.aem4f : GPIOTiva.oem4f (.const:.string)
                  00006b8c    00000048     enc_rtos_pem4f.oem4f (.const:.string)
                  00006bd4    00000048     drivers_tivaware.aem4f : GPIOTiva.oem4f (.const:gpioBaseAddresses)
                  00006c1c    00000030     enc_rtos_pem4f.oem4f (.const:ti_sysbios_family_arm_m3_Hwi_Object__PARAMS__C)
                  00006c4c    00000028     enc_rtos_pem4f.oem4f (.const:ti_sysbios_heaps_HeapMem_Module__FXNS__C)
                  00006c74    00000024     enc_rtos_pem4f.oem4f (.const:ti_sysbios_gates_GateHwi_Module__FXNS__C)
                  00006c98    00000024     enc_rtos_pem4f.oem4f (.const:ti_sysbios_gates_GateMutex_Module__FXNS__C)
                  00006cbc    00000024     enc_rtos_pem4f.oem4f (.const:ti_sysbios_heaps_HeapMem_Object__PARAMS__C)
                  00006ce0    00000024     enc_rtos_pem4f.oem4f (.const:ti_sysbios_knl_Semaphore_Object__PARAMS__C)
                  00006d04    00000020     enc_rtos_pem4f.oem4f (.const:ti_sysbios_family_arm_m3_Hwi_Object__DESC__C)
                  00006d24    00000020     enc_rtos_pem4f.oem4f (.const:ti_sysbios_gates_GateHwi_Object__DESC__C)
                  00006d44    00000020     enc_rtos_pem4f.oem4f (.const:ti_sysbios_gates_GateMutex_Object__DESC__C)
                  00006d64    00000020     enc_rtos_pem4f.oem4f (.const:ti_sysbios_heaps_HeapMem_Object__DESC__C)
                  00006d84    00000020     enc_rtos_pem4f.oem4f (.const:ti_sysbios_knl_Queue_Object__DESC__C)
                  00006da4    00000020     enc_rtos_pem4f.oem4f (.const:ti_sysbios_knl_Semaphore_Object__DESC__C)
                  00006dc4    00000020     enc_rtos_pem4f.oem4f (.const:xdc_runtime_Startup_sfxnTab__A)
                  00006de4    00000018     enc_rtos_pem4f.oem4f (.const:ti_sysbios_gates_GateHwi_Object__PARAMS__C)
                  00006dfc    00000018     enc_rtos_pem4f.oem4f (.const:ti_sysbios_gates_GateMutex_Object__PARAMS__C)
                  00006e14    00000018     enc_rtos_pem4f.oem4f (.const:ti_sysbios_knl_Queue_Object__PARAMS__C)
                  00006e2c    00000014     EK_TM4C123GXL.obj (.const:GPIOTiva_config)
                  00006e40    00000014     enc_rtos_pem4f.oem4f (.const:xdc_runtime_Startup_firstFxns__A)
                  00006e54    00000010     enc_rtos_pem4f.oem4f (.const:xdc_runtime_Startup_sfxnRts__A)
                  00006e64    00000008     enc_rtos_pem4f.oem4f (.const:ti_sysbios_family_arm_m3_Hwi_excHookFuncs__A)
                  00006e6c    00000008     enc_rtos_pem4f.oem4f (.const:ti_sysbios_knl_Idle_funcList__C)
                  00006e74    00000008     enc_rtos_pem4f.oem4f (.const:xdc_runtime_Startup_firstFxns__C)
                  00006e7c    00000008     enc_rtos_pem4f.oem4f (.const:xdc_runtime_Startup_lastFxns__C)
                  00006e84    00000004     enc_rtos_pem4f.oem4f (.const:ti_catalog_arm_cortexm4_tiva_ce_Boot_A_mustUseEnhancedClockMode__C)
                  00006e88    00000004     enc_rtos_pem4f.oem4f (.const:ti_catalog_arm_cortexm4_tiva_ce_Boot_Module__diagsEnabled__C)
                  00006e8c    00000004     enc_rtos_pem4f.oem4f (.const:ti_catalog_arm_cortexm4_tiva_ce_Boot_Module__diagsIncluded__C)
                  00006e90    00000004     enc_rtos_pem4f.oem4f (.const:ti_catalog_arm_cortexm4_tiva_ce_Boot_Module__diagsMask__C)
                  00006e94    00000004     enc_rtos_pem4f.oem4f (.const:ti_sysbios_family_arm_lm4_Timer_enableFunc__C)
                  00006e98    00000004     enc_rtos_pem4f.oem4f (.const:ti_sysbios_family_arm_lm4_Timer_numTimerDevices__C)
                  00006e9c    00000004     enc_rtos_pem4f.oem4f (.const:ti_sysbios_family_arm_lm4_Timer_startupNeeded__C)
                  00006ea0    00000004     enc_rtos_pem4f.oem4f (.const:ti_sysbios_family_arm_m3_Hwi_E_NMI__C)
                  00006ea4    00000004     enc_rtos_pem4f.oem4f (.const:ti_sysbios_family_arm_m3_Hwi_E_alreadyDefined__C)
                  00006ea8    00000004     enc_rtos_pem4f.oem4f (.const:ti_sysbios_family_arm_m3_Hwi_E_busFault__C)
                  00006eac    00000004     enc_rtos_pem4f.oem4f (.const:ti_sysbios_family_arm_m3_Hwi_E_debugMon__C)
                  00006eb0    00000004     enc_rtos_pem4f.oem4f (.const:ti_sysbios_family_arm_m3_Hwi_E_hardFault__C)
                  00006eb4    00000004     enc_rtos_pem4f.oem4f (.const:ti_sysbios_family_arm_m3_Hwi_E_memFault__C)
                  00006eb8    00000004     enc_rtos_pem4f.oem4f (.const:ti_sysbios_family_arm_m3_Hwi_E_noIsr__C)
                  00006ebc    00000004     enc_rtos_pem4f.oem4f (.const:ti_sysbios_family_arm_m3_Hwi_E_reserved__C)
                  00006ec0    00000004     enc_rtos_pem4f.oem4f (.const:ti_sysbios_family_arm_m3_Hwi_E_svCall__C)
                  00006ec4    00000004     enc_rtos_pem4f.oem4f (.const:ti_sysbios_family_arm_m3_Hwi_E_usageFault__C)
                  00006ec8    00000004     enc_rtos_pem4f.oem4f (.const:ti_sysbios_family_arm_m3_Hwi_NUM_INTERRUPTS__C)
                  00006ecc    00000004     enc_rtos_pem4f.oem4f (.const:ti_sysbios_family_arm_m3_Hwi_Object__count__C)
                  00006ed0    00000004     enc_rtos_pem4f.oem4f (.const:ti_sysbios_family_arm_m3_Hwi_ccr__C)
                  00006ed4    00000004     enc_rtos_pem4f.oem4f (.const:ti_sysbios_family_arm_m3_Hwi_excHandlerFunc__C)
                  00006ed8    00000004     enc_rtos_pem4f.oem4f (.const:ti_sysbios_family_arm_m3_Hwi_excHookFuncs__C)
                  00006edc    00000004     enc_rtos_pem4f.oem4f (.const:ti_sysbios_family_arm_m3_Hwi_nullIsrFunc__C)
                  00006ee0    00000004     enc_rtos_pem4f.oem4f (.const:ti_sysbios_family_arm_m3_Hwi_priGroup__C)
                  00006ee4    00000004     enc_rtos_pem4f.oem4f (.const:ti_sysbios_gates_GateMutex_A_badContext__C)
                  00006ee8    00000004     enc_rtos_pem4f.oem4f (.const:ti_sysbios_gates_GateMutex_Instance_State_sem__O)
                  00006eec    00000004     enc_rtos_pem4f.oem4f (.const:ti_sysbios_gates_GateMutex_Module__diagsEnabled__C)
                  00006ef0    00000004     enc_rtos_pem4f.oem4f (.const:ti_sysbios_gates_GateMutex_Module__diagsIncluded__C)
                  00006ef4    00000004     enc_rtos_pem4f.oem4f (.const:ti_sysbios_gates_GateMutex_Module__diagsMask__C)
                  00006ef8    00000004     enc_rtos_pem4f.oem4f (.const:ti_sysbios_hal_Hwi_E_stackOverflow__C)
                  00006efc    00000004     enc_rtos_pem4f.oem4f (.const:ti_sysbios_heaps_HeapMem_A_align__C)
                  00006f00    00000004     enc_rtos_pem4f.oem4f (.const:ti_sysbios_heaps_HeapMem_A_heapSize__C)
                  00006f04    00000004     enc_rtos_pem4f.oem4f (.const:ti_sysbios_heaps_HeapMem_A_invalidFree__C)
                  00006f08    00000004     enc_rtos_pem4f.oem4f (.const:ti_sysbios_heaps_HeapMem_A_zeroBlock__C)
                  00006f0c    00000004     enc_rtos_pem4f.oem4f (.const:ti_sysbios_heaps_HeapMem_E_memory__C)
                  00006f10    00000004     enc_rtos_pem4f.oem4f (.const:ti_sysbios_heaps_HeapMem_Module__diagsEnabled__C)
                  00006f14    00000004     enc_rtos_pem4f.oem4f (.const:ti_sysbios_heaps_HeapMem_Module__diagsIncluded__C)
                  00006f18    00000004     enc_rtos_pem4f.oem4f (.const:ti_sysbios_heaps_HeapMem_Module__diagsMask__C)
                  00006f1c    00000004     enc_rtos_pem4f.oem4f (.const:ti_sysbios_heaps_HeapMem_Module__gateObj__C)
                  00006f20    00000004     enc_rtos_pem4f.oem4f (.const:ti_sysbios_heaps_HeapMem_Object__count__C)
                  00006f24    00000004     enc_rtos_pem4f.oem4f (.const:ti_sysbios_heaps_HeapMem_reqAlign__C)
                  00006f28    00000004     enc_rtos_pem4f.oem4f (.const:ti_sysbios_knl_Clock_Module_State_clockQ__O)
                  00006f2c    00000004     enc_rtos_pem4f.oem4f (.const:ti_sysbios_knl_Idle_funcList__A)
                  00006f30    00000004     enc_rtos_pem4f.oem4f (.const:ti_sysbios_knl_Semaphore_A_badContext__C)
                  00006f34    00000004     enc_rtos_pem4f.oem4f (.const:ti_sysbios_knl_Semaphore_A_noEvents__C)
                  00006f38    00000004     enc_rtos_pem4f.oem4f (.const:ti_sysbios_knl_Semaphore_A_overflow__C)
                  00006f3c    00000004     enc_rtos_pem4f.oem4f (.const:ti_sysbios_knl_Semaphore_A_pendTaskDisabled__C)
                  00006f40    00000004     enc_rtos_pem4f.oem4f (.const:ti_sysbios_knl_Semaphore_Instance_State_pendQ__O)
                  00006f44    00000004     enc_rtos_pem4f.oem4f (.const:ti_sysbios_knl_Semaphore_Module__diagsEnabled__C)
                  00006f48    00000004     enc_rtos_pem4f.oem4f (.const:ti_sysbios_knl_Semaphore_Module__diagsIncluded__C)
                  00006f4c    00000004     enc_rtos_pem4f.oem4f (.const:ti_sysbios_knl_Semaphore_Module__diagsMask__C)
                  00006f50    00000004     enc_rtos_pem4f.oem4f (.const:ti_sysbios_knl_Swi_Object__count__C)
                  00006f54    00000004     enc_rtos_pem4f.oem4f (.const:ti_sysbios_knl_Task_A_badTimeout__C)
                  00006f58    00000004     enc_rtos_pem4f.oem4f (.const:ti_sysbios_knl_Task_A_sleepTaskDisabled__C)
                  00006f5c    00000004     enc_rtos_pem4f.oem4f (.const:ti_sysbios_knl_Task_E_spOutOfBounds__C)
                  00006f60    00000004     enc_rtos_pem4f.oem4f (.const:ti_sysbios_knl_Task_E_stackOverflow__C)
                  00006f64    00000004     enc_rtos_pem4f.oem4f (.const:ti_sysbios_knl_Task_Module_State_inactiveQ__O)
                  00006f68    00000004     enc_rtos_pem4f.oem4f (.const:ti_sysbios_knl_Task_Module__diagsEnabled__C)
                  00006f6c    00000004     enc_rtos_pem4f.oem4f (.const:ti_sysbios_knl_Task_Module__diagsIncluded__C)
                  00006f70    00000004     enc_rtos_pem4f.oem4f (.const:ti_sysbios_knl_Task_Module__diagsMask__C)
                  00006f74    00000004     enc_rtos_pem4f.oem4f (.const:ti_sysbios_knl_Task_Object__count__C)
                  00006f78    00000004     enc_rtos_pem4f.oem4f (.const:ti_sysbios_knl_Task_allBlockedFunc__C)
                  00006f7c    00000004     enc_rtos_pem4f.oem4f (.const:ti_sysbios_knl_Task_numConstructedTasks__C)
                  00006f80    00000004     enc_rtos_pem4f.oem4f (.const:xdc_runtime_Assert_E_assertFailed__C)
                  00006f84    00000004     enc_rtos_pem4f.oem4f (.const:xdc_runtime_Core_A_initializedParams__C)
                  00006f88    00000004     enc_rtos_pem4f.oem4f (.const:xdc_runtime_Core_Module__diagsEnabled__C)
                  00006f8c    00000004     enc_rtos_pem4f.oem4f (.const:xdc_runtime_Core_Module__diagsIncluded__C)
                  00006f90    00000004     enc_rtos_pem4f.oem4f (.const:xdc_runtime_Core_Module__diagsMask__C)
                  00006f94    00000004     enc_rtos_pem4f.oem4f (.const:xdc_runtime_Error_E_memory__C)
                  00006f98    00000004     enc_rtos_pem4f.oem4f (.const:xdc_runtime_Error_Module__diagsEnabled__C)
                  00006f9c    00000004     enc_rtos_pem4f.oem4f (.const:xdc_runtime_Error_Module__diagsIncluded__C)
                  00006fa0    00000004     enc_rtos_pem4f.oem4f (.const:xdc_runtime_Error_Module__diagsMask__C)
                  00006fa4    00000004     enc_rtos_pem4f.oem4f (.const:xdc_runtime_Error_Module__loggerFxn8__C)
                  00006fa8    00000004     enc_rtos_pem4f.oem4f (.const:xdc_runtime_Error_Module__loggerObj__C)
                  00006fac    00000004     enc_rtos_pem4f.oem4f (.const:xdc_runtime_Error_policyFxn__C)
                  00006fb0    00000004     enc_rtos_pem4f.oem4f (.const:xdc_runtime_Error_raiseHook__C)
                  00006fb4    00000004     enc_rtos_pem4f.oem4f (.const:xdc_runtime_IGateProvider_Interface__BASE__C)
                  00006fb8    00000004     enc_rtos_pem4f.oem4f (.const:xdc_runtime_IHeap_Interface__BASE__C)
                  00006fbc    00000004     enc_rtos_pem4f.oem4f (.const:xdc_runtime_IModule_Interface__BASE__C)
                  00006fc0    00000004     enc_rtos_pem4f.oem4f (.const:xdc_runtime_Log_L_error__C)
                  00006fc4    00000004     enc_rtos_pem4f.oem4f (.const:xdc_runtime_Memory_defaultHeapInstance__C)
                  00006fc8    00000004     enc_rtos_pem4f.oem4f (.const:xdc_runtime_Startup_execImpl__C)
                  00006fcc    00000004     enc_rtos_pem4f.oem4f (.const:xdc_runtime_Startup_maxPasses__C)
                  00006fd0    00000004     enc_rtos_pem4f.oem4f (.const:xdc_runtime_Startup_sfxnRts__C)
                  00006fd4    00000004     enc_rtos_pem4f.oem4f (.const:xdc_runtime_Startup_sfxnTab__C)
                  00006fd8    00000004     enc_rtos_pem4f.oem4f (.const:xdc_runtime_SysMin_bufSize__C)
                  00006fdc    00000004     enc_rtos_pem4f.oem4f (.const:xdc_runtime_SysMin_outputFunc__C)
                  00006fe0    00000004     enc_rtos_pem4f.oem4f (.const:xdc_runtime_System_Module__gateObj__C)
                  00006fe4    00000004     enc_rtos_pem4f.oem4f (.const:xdc_runtime_System_abortFxn__C)
                  00006fe8    00000004     enc_rtos_pem4f.oem4f (.const:xdc_runtime_System_exitFxn__C)
                  00006fec    00000004     enc_rtos_pem4f.oem4f (.const:xdc_runtime_System_extendFxn__C)
                  00006ff0    00000004     enc_rtos_pem4f.oem4f (.const:xdc_runtime_System_maxAtexitHandlers__C)
                  00006ff4    00000004     enc_rtos_pem4f.oem4f (.const:xdc_runtime_Text_charTab__C)
                  00006ff8    00000004     enc_rtos_pem4f.oem4f (.const:xdc_runtime_Text_nameEmpty__C)
                  00006ffc    00000004     enc_rtos_pem4f.oem4f (.const:xdc_runtime_Text_nameStatic__C)
                  00007000    00000004     enc_rtos_pem4f.oem4f (.const:xdc_runtime_Text_nameUnknown__C)
                  00007004    00000004     enc_rtos_pem4f.oem4f (.const:xdc_runtime_Text_nodeTab__C)
                  00007008    00000004     enc_rtos_pem4f.oem4f (.const:xdc_runtime_Text_visitRopeFxn__C)
                  0000700c    00000002     enc_rtos_pem4f.oem4f (.const:ti_catalog_arm_cortexm4_tiva_ce_Boot_Module__id__C)
                  0000700e    00000002     enc_rtos_pem4f.oem4f (.const:ti_sysbios_family_arm_m3_Hwi_Module__id__C)
                  00007010    00000002     enc_rtos_pem4f.oem4f (.const:ti_sysbios_gates_GateMutex_Module__id__C)
                  00007012    00000002     enc_rtos_pem4f.oem4f (.const:ti_sysbios_hal_Hwi_Module__id__C)
                  00007014    00000002     enc_rtos_pem4f.oem4f (.const:ti_sysbios_heaps_HeapMem_Module__id__C)
                  00007016    00000002     enc_rtos_pem4f.oem4f (.const:ti_sysbios_knl_Semaphore_Module__id__C)
                  00007018    00000002     enc_rtos_pem4f.oem4f (.const:ti_sysbios_knl_Task_Module__id__C)
                  0000701a    00000002     enc_rtos_pem4f.oem4f (.const:xdc_runtime_Core_Module__id__C)
                  0000701c    00000002     enc_rtos_pem4f.oem4f (.const:xdc_runtime_Error_Module__loggerDefined__C)
                  0000701e    00000002     enc_rtos_pem4f.oem4f (.const:xdc_runtime_Error_maxDepth__C)
                  00007020    00000002     enc_rtos_pem4f.oem4f (.const:xdc_runtime_Memory_Module__id__C)
                  00007022    00000002     enc_rtos_pem4f.oem4f (.const:xdc_runtime_SysMin_flushAtExit__C)
                  00007024    00000002     enc_rtos_pem4f.oem4f (.const:xdc_runtime_Text_charCnt__C)
                  00007026    00000002     enc_rtos_pem4f.oem4f (.const:xdc_runtime_Text_isLoaded__C)
                  00007028    00000002     enc_rtos_pem4f.oem4f (.const:xdc_runtime_Text_registryModsLastId__C)
                  0000702a    00000002     enc_rtos_pem4f.oem4f (.const:xdc_runtime_Text_unnamedModsLastId__C)

.cinit     0    00007030    00000210     
                  00007030    000001db     (.cinit..data.load) [load image, compression = lzss]
                  0000720b    00000001     --HOLE-- [fill = 0]
                  0000720c    0000000c     (__TI_handler_table)
                  00007218    00000008     (.cinit..bss.load) [load image, compression = zero_init]
                  00007220    00000008     (.cinit..vecs.load) [load image, compression = zero_init]
                  00007228    00000018     (__TI_cinit_table)

.init_array 
*          0    00000000    00000000     UNINITIALIZED

.resetVecs 
*          0    00000000    0000003c     
                  00000000    0000003c     enc_rtos_pem4f.oem4f (.resetVecs)

.bss       0    20000360    00000da0     UNINITIALIZED
                  20000360    00000400     enc_rtos_pem4f.oem4f (.bss:taskStackSection)
                  20000760    00000400     (.common:ti_sysbios_heaps_HeapMem_Instance_State_0_buf__A)
                  20000b60    00000360     (.common:ti_sysbios_family_arm_m3_Hwi_dispatchTable)
                  20000ec0    00000120     rtsv7M4_T_le_v4SPD16_eabi.lib : trgmsg.c.obj (.bss:_CIOBUF_)
                  20000fe0    00000090     drivers_tivaware.aem4f : GPIOTiva.oem4f (.bss:gpioCallbackInfo)
                  20001070    00000080     (.common:xdc_runtime_SysMin_Module_State_0_outbuf__A)
                  200010f0    00000008     (.common:parmbuf)
                  200010f8    00000004     (.common:gpioInterruptVectors)
                  200010fc    00000004     (.common:pos)

.data      0    20001100    0000044a     UNINITIALIZED
                  20001100    00000098     enc_rtos_pem4f.oem4f (.data:ti_sysbios_knl_Task_Object__table__V)
                  20001198    00000080     enc_rtos_pem4f.oem4f (.data:ti_sysbios_knl_Swi_Module_State_0_readyQ__A)
                  20001218    00000080     enc_rtos_pem4f.oem4f (.data:ti_sysbios_knl_Task_Module_State_0_readyQ__A)
                  20001298    00000044     enc_rtos_pem4f.oem4f (.data:ti_sysbios_knl_Task_Module__state__V)
                  200012dc    00000040     enc_rtos_pem4f.oem4f (.data:ti_sysbios_family_arm_lm4_Timer_Object__table__V)
                  2000131c    00000038     enc_rtos_pem4f.oem4f (.data:ti_sysbios_gates_GateMutex_Object__table__V)
                  20001354    00000034     enc_rtos_pem4f.oem4f (.data:ti_sysbios_family_arm_m3_Hwi_Module__state__V)
                  20001388    00000030     enc_rtos_pem4f.oem4f (.data:ti_sysbios_family_arm_lm4_Timer_Module_State_0_device__A)
                  200013b8    00000030     enc_rtos_pem4f.oem4f (.data:ti_sysbios_knl_Swi_Object__table__V)
                  200013e8    0000002c     enc_rtos_pem4f.oem4f (.data:ti_sysbios_knl_Clock_Module__state__V)
                  20001414    00000024     enc_rtos_pem4f.oem4f (.data:ti_sysbios_BIOS_Module__state__V)
                  20001438    0000001c     enc_rtos_pem4f.oem4f (.data:ti_sysbios_knl_Swi_Module__state__V)
                  20001454    00000018     enc_rtos_pem4f.oem4f (.data:ti_sysbios_family_arm_lm4_Timer_Module_State_0_handles__A)
                  2000146c    00000018     enc_rtos_pem4f.oem4f (.data:ti_sysbios_family_arm_m3_Hwi_Object__table__V)
                  20001484    00000018     enc_rtos_pem4f.oem4f (.data:ti_sysbios_heaps_HeapMem_Object__table__V)
                  2000149c    00000014     EK_TM4C123GXL.obj (.data:gpioPinConfigs)
                  200014b0    0000000c     enc_rtos_pem4f.oem4f (.data:ti_sysbios_family_arm_lm4_Timer_Module__state__V)
                  200014bc    0000000c     enc_rtos_pem4f.oem4f (.data:xdc_runtime_SysMin_Module__state__V)
                  200014c8    00000008     rtsv7M4_T_le_v4SPD16_eabi.lib : _lock.c.obj (.data:$O1$$)
                  200014d0    00000008     EK_TM4C123GXL.obj (.data:gpioCallbackFunctions)
                  200014d8    00000008     enc_rtos_pem4f.oem4f (.data:ti_sysbios_family_arm_m3_Hwi_Module__root__V)
                  200014e0    00000008     enc_rtos_pem4f.oem4f (.data:ti_sysbios_gates_GateHwi_Module__root__V)
                  200014e8    00000008     enc_rtos_pem4f.oem4f (.data:ti_sysbios_gates_GateMutex_Module__root__V)
                  200014f0    00000008     enc_rtos_pem4f.oem4f (.data:ti_sysbios_heaps_HeapMem_Module__root__V)
                  200014f8    00000008     enc_rtos_pem4f.oem4f (.data:ti_sysbios_knl_Queue_Module__root__V)
                  20001500    00000008     enc_rtos_pem4f.oem4f (.data:ti_sysbios_knl_Semaphore_Module__root__V)
                  20001508    00000008     enc_rtos_pem4f.oem4f (.data:xdc_runtime_Registry_Module__state__V)
                  20001510    00000008     enc_rtos_pem4f.oem4f (.data:xdc_runtime_Startup_Module__state__V)
                  20001518    00000008     enc_rtos_pem4f.oem4f (.data:xdc_runtime_System_Module_State_0_atexitHandlers__A)
                  20001520    00000008     enc_rtos_pem4f.oem4f (.data:xdc_runtime_System_Module__state__V)
                  20001528    00000005     drivers_tivaware.aem4f : GPIOTiva.oem4f (.data)
                  2000152d    00000001     --HOLE--
                  2000152e    00000002     enc_rtos_pem4f.oem4f (.data:ti_sysbios_family_arm_m3_Hwi_Module_State_0_excActive__A)
                  20001530    00000004     rtsv7M4_T_le_v4SPD16_eabi.lib : stkdepth_vars.c.obj (.data)
                  20001534    00000004     enc_rtos_pem4f.oem4f (.data:ti_sysbios_family_arm_m3_Hwi_Module_State_0_excContext__A)
                  20001538    00000004     enc_rtos_pem4f.oem4f (.data:ti_sysbios_family_arm_m3_Hwi_Module_State_0_excStack__A)
                  2000153c    00000004     enc_rtos_pem4f.oem4f (.data:ti_sysbios_gates_GateHwi_Object__table__V)
                  20001540    00000004     enc_rtos_pem4f.oem4f (.data:ti_sysbios_knl_Task_Module_State_0_idleTask__A)
                  20001544    00000004     enc_rtos_pem4f.oem4f (.data:xdc_runtime_Memory_Module__state__V)
                  20001548    00000002     enc_rtos_pem4f.oem4f (.data:xdc_runtime_Error_Module__state__V)

.stack     0    20001550    00000300     UNINITIALIZED
                  20001550    00000300     --HOLE--

.bootVecs 
*          0    00000000    00000008     DSECT
                  00000000    00000008     boot.aem4f : boot.oem4f (.bootVecs)

.vecs      0    20000000    00000360     UNINITIALIZED
                  20000000    00000360     enc_rtos_pem4f.oem4f (.vecs)

xdc.meta   0    00000000    000000e4     COPY SECTION
                  00000000    000000e4     enc_rtos_pem4f.oem4f (xdc.meta)

MODULE SUMMARY

       Module                       code    ro data   rw data
       ------                       ----    -------   -------
    .\
       main_enc.obj                 368     0         4      
    +--+----------------------------+-------+---------+---------+
       Total:                       368     0         4      
                                                             
    .\project_includes\
       EK_TM4C123GXL.obj            112     20        28     
    +--+----------------------------+-------+---------+---------+
       Total:                       112     20        28     
                                                             
    C:\Users\Julio\workspace_v8\Quad_Encoder\Debug\configPkg\package\cfg\
       enc_rtos_pem4f.oem4f         1558    7604      4956   
    +--+----------------------------+-------+---------+---------+
       Total:                       1558    7604      4956   
                                                             
    C:/ti/tirtos_tivac_2_16_00_08/products/TivaWare_C_Series-2.1.1.71b/driverlib/ccs/Debug/driverlib.lib
       gpio.obj                     572     144       0      
       sysctl.obj                   108     0         0      
       qei.obj                      54      0         0      
    +--+----------------------------+-------+---------+---------+
       Total:                       734     144       0      
                                                             
    C:/ti/tirtos_tivac_2_16_00_08/products/tidrivers_tivac_2_16_00_08/packages/ti/drivers/lib/drivers_tivaware.aem4f
       GPIOTiva.oem4f               844     156       153    
    +--+----------------------------+-------+---------+---------+
       Total:                       844     156       153    
                                                             
    C:\Users\Julio\workspace_v8\Quad_Encoder\src\sysbios\sysbios.aem4f
       BIOS.obj                     10906   0         0      
       m3_Hwi_asm.obj               314     0         0      
       m3_TaskSupport_asm.obj       180     0         0      
       m3_Hwi_asm_switch.obj        118     0         0      
    +--+----------------------------+-------+---------+---------+
       Total:                       11518   0         0      
                                                             
    C:\ti\ccsv8\tools\compiler\ti-cgt-arm_18.1.4.LTS\lib\rtsv7M4_T_le_v4SPD16_eabi.lib
       trgmsg.c.obj                 108     0         288    
       memcpy_t2.asm.obj            156     0         0      
       memset_t2.asm.obj            122     0         0      
       copy_decompress_lzss.c.obj   104     0         0      
       hostwrite.c.obj              88      0         0      
       cpy_tbl.c.obj                76      0         0      
       u_divt2.asm.obj              64      0         0      
       _lock.c.obj                  26      0         8      
       args_main.c.obj              24      0         0      
       strlen.c.obj                 20      0         0      
       copy_decompress_none.c.obj   14      0         0      
       copy_zero_init.c.obj         12      0         0      
       hostopen.c.obj               0       0         8      
       exit.c.obj                   4       0         0      
       stkdepth_vars.c.obj          0       0         4      
       div0.asm.obj                 2       0         0      
    +--+----------------------------+-------+---------+---------+
       Total:                       820     0         308    
                                                             
    C:\ti\tirtos_tivac_2_16_00_08\products\bios_6_45_01_29\packages\ti\catalog\arm\cortexm4\tiva\ce\lib\Boot.aem4f
       Boot_sysctl.oem4f            262     0         0      
       Boot.oem4f                   152     0         0      
    +--+----------------------------+-------+---------+---------+
       Total:                       414     0         0      
                                                             
    C:\ti\tirtos_tivac_2_16_00_08\products\bios_6_45_01_29\packages\ti\targets\arm\rtsarm\lib\auto_init.aem4f
       auto_init.oem4f              160     0         0      
    +--+----------------------------+-------+---------+---------+
       Total:                       160     0         0      
                                                             
    C:\ti\tirtos_tivac_2_16_00_08\products\bios_6_45_01_29\packages\ti\targets\arm\rtsarm\lib\boot.aem4f
       boot.oem4f                   88      0         0      
    +--+----------------------------+-------+---------+---------+
       Total:                       88      0         0      
                                                             
    C:\ti\tirtos_tivac_2_16_00_08\products\bios_6_45_01_29\packages\ti\targets\arm\rtsarm\lib\ti.targets.arm.rtsarm.aem4f
       System.oem4f                 1255    0         0      
       Text.oem4f                   672     0         0      
       Error.oem4f                  524     0         0      
       Core-mem.oem4f               358     0         0      
       Startup.oem4f                328     0         0      
       SysMin.oem4f                 248     0         0      
       Core-smem.oem4f              204     0         0      
       Memory.oem4f                 176     0         0      
       Assert.oem4f                 84      0         0      
       Core-params.oem4f            70      0         0      
       Core-label.oem4f             52      0         0      
       Registry.oem4f               32      0         0      
       Gate.oem4f                   28      0         0      
    +--+----------------------------+-------+---------+---------+
       Total:                       4031    0         0      
                                                             
       Stack:                       0       0         768    
       Linker Generated:            0       527       0      
    +--+----------------------------+-------+---------+---------+
       Grand Total:                 20647   8451      6217   


LINKER GENERATED COPY TABLES

__TI_cinit_table @ 00007228 records: 3, size/record: 8, table size: 24
	.data: load addr=00007030, load size=000001db bytes, run addr=20001100, run size=0000044a bytes, compression=lzss
	.bss: load addr=00007218, load size=00000008 bytes, run addr=20000360, run size=00000da0 bytes, compression=zero_init
	.vecs: load addr=00007220, load size=00000008 bytes, run addr=20000000, run size=00000360 bytes, compression=zero_init


LINKER GENERATED HANDLER TABLE

__TI_handler_table @ 0000720c records: 3, size/record: 4, table size: 12
	index: 0, handler: __TI_decompress_lzss
	index: 1, handler: __TI_decompress_none
	index: 2, handler: __TI_zero_init


GLOBAL SYMBOLS: SORTED ALPHABETICALLY BY Name 

address   name                                                              
-------   ----                                                              
00000cfd  C$$EXIT                                                           
00004273  C$$IO$$                                                           
0000450d  EK_TM4C123GXL_initGPIO                                            
00004091  EK_TM4C123GXL_initGeneral                                         
00004801  GPIODirModeSet                                                    
00004b93  GPIOIntClear                                                      
00004fc9  GPIOIntStatus                                                     
00003a01  GPIOIntTypeSet                                                    
00001b2d  GPIOPadConfigSet                                                  
00003dcd  GPIOPinConfigure                                                  
00004ff3  GPIOPinRead                                                       
00004e9d  GPIOPinTypeGPIOInput                                              
00004eaf  GPIOPinTypeQEI                                                    
00005109  GPIOPinWrite                                                      
00006e2c  GPIOTiva_config                                                   
000034cd  GPIO_hwiIntFxn                                                    
00002f4d  GPIO_init                                                         
00003aad  GPIO_setCallback                                                  
0000161d  GPIO_setConfig                                                    
00003afd  GPIO_toggle                                                       
00003b4d  GPIO_write                                                        
00003951  HOSTwrite                                                         
00004fd7  QEIConfigure                                                      
000050c9  QEIEnable                                                         
000007bd  QEIPositionGet                                                    
00004ee5  QEIVelocityConfigure                                              
000050d3  QEIVelocityEnable                                                 
UNDEFED   SHT$$INIT_ARRAY$$Base                                             
UNDEFED   SHT$$INIT_ARRAY$$Limit                                            
00004361  SysCtlPeripheralEnable                                            
0000420d  SysCtlPeripheralReady                                             
00000000  __ASM__                                                           
20000ec0  __CIOBUF_                                                         
00000062  __ISA__                                                           
00000075  __PLAT__                                                          
20001850  __STACK_END                                                       
00000300  __STACK_SIZE                                                      
00000096  __TARG__                                                          
00007228  __TI_CINIT_Base                                                   
00007240  __TI_CINIT_Limit                                                  
0000720c  __TI_Handler_Table_Base                                           
00007218  __TI_Handler_Table_Limit                                          
000029e1  __TI_auto_init                                                    
000033fd  __TI_decompress_lzss                                              
00004fe5  __TI_decompress_none                                              
ffffffff  __TI_pprof_out_hndl                                               
ffffffff  __TI_prof_data_size                                               
ffffffff  __TI_prof_data_start                                              
00004395  __TI_readmsg                                                      
00007030  __TI_static_base__                                                
00004245  __TI_writemsg                                                     
0000503d  __TI_zero_init                                                    
000000bc  __TRDR__                                                          
00003167  __aeabi_idiv0                                                     
00003167  __aeabi_ldiv0                                                     
000030ed  __aeabi_memclr                                                    
000030ed  __aeabi_memclr4                                                   
000030ed  __aeabi_memclr8                                                   
00002b21  __aeabi_memcpy                                                    
00002b21  __aeabi_memcpy4                                                   
00002b21  __aeabi_memcpy8                                                   
000030ef  __aeabi_memset                                                    
000030ef  __aeabi_memset4                                                   
000030ef  __aeabi_memset8                                                   
000040d1  __aeabi_uidiv                                                     
000040d1  __aeabi_uidivmod                                                  
ffffffff  __binit__                                                         
ffffffff  __c_args__                                                        
20001550  __stack                                                           
00004d2d  _args_main                                                        
000038f9  _c_int00                                                          
200014c8  _lock                                                             
00002cf7  _nop                                                              
00005025  _register_lock                                                    
00005031  _register_unlock                                                  
200014cc  _unlock                                                           
00000cfd  abort                                                             
ffffffff  binit                                                             
00003c91  copy_in                                                           
200014d0  gpioCallbackFunctions                                             
2000149c  gpioPinConfigs                                                    
00002345  heartBeat_TASK                                                    
00002ebd  main                                                              
20001530  main_func_sp                                                      
00002b21  memcpy                                                            
000030f5  memset                                                            
00004f69  osi_TaskDisable                                                   
00004f09  osi_start                                                         
200010f0  parmbuf                                                           
200010fc  pos                                                               
00004e37  strlen                                                            
00006e84  ti_catalog_arm_cortexm4_tiva_ce_Boot_A_mustUseEnhancedClockMode__C
00006e88  ti_catalog_arm_cortexm4_tiva_ce_Boot_Module__diagsEnabled__C      
00006e8c  ti_catalog_arm_cortexm4_tiva_ce_Boot_Module__diagsIncluded__C     
00006e90  ti_catalog_arm_cortexm4_tiva_ce_Boot_Module__diagsMask__C         
0000700c  ti_catalog_arm_cortexm4_tiva_ce_Boot_Module__id__C                
00005019  ti_catalog_arm_cortexm4_tiva_ce_Boot_init__I                      
00001d75  ti_catalog_arm_cortexm4_tiva_ce_Boot_sysCtlClockSetI__I           
00002cf9  ti_catalog_arm_cortexm4_tiva_ce_Boot_sysCtlClockSet__E            
0000510f  ti_catalog_arm_cortexm4_tiva_ce_Boot_sysCtlDelayI__I              
20001414  ti_sysbios_BIOS_Module__state__V                                  
00004c91  ti_sysbios_BIOS_RtsGateProxy_Handle__label__S                     
0000495d  ti_sysbios_BIOS_RtsGateProxy_Object__delete__S                    
0000114d  ti_sysbios_BIOS_RtsGateProxy_enter__E                             
000014b5  ti_sysbios_BIOS_RtsGateProxy_leave__E                             
00005159  ti_sysbios_BIOS_RtsGateProxy_query__E                             
0000453d  ti_sysbios_BIOS_atExitFunc__I                                     
000048cd  ti_sysbios_BIOS_errorRaiseHook__I                                 
00004e21  ti_sysbios_BIOS_exitFunc__I                                       
000032b7  ti_sysbios_BIOS_nullFunc__I                                       
000048f1  ti_sysbios_BIOS_registerRTSLock__I                                
00004915  ti_sysbios_BIOS_removeRTSLock__I                                  
00004a35  ti_sysbios_BIOS_rtsLock__I                                        
00004d45  ti_sysbios_BIOS_rtsUnlock__I                                      
00004ef9  ti_sysbios_BIOS_setThreadType__E                                  
00004939  ti_sysbios_BIOS_startFunc__I                                      
00004f09  ti_sysbios_BIOS_start__E                                          
20001388  ti_sysbios_family_arm_lm4_Timer_Module_State_0_device__A          
20001454  ti_sysbios_family_arm_lm4_Timer_Module_State_0_handles__A         
00004d5d  ti_sysbios_family_arm_lm4_Timer_Module__startupDone__F            
00004d5d  ti_sysbios_family_arm_lm4_Timer_Module__startupDone__S            
200014b0  ti_sysbios_family_arm_lm4_Timer_Module__state__V                  
00003531  ti_sysbios_family_arm_lm4_Timer_Module_startup__E                 
200012dc  ti_sysbios_family_arm_lm4_Timer_Object__table__V                  
00006e94  ti_sysbios_family_arm_lm4_Timer_enableFunc__C                     
00002891  ti_sysbios_family_arm_lm4_Timer_enableTimers__I                   
000027e1  ti_sysbios_family_arm_lm4_Timer_enableTiva__I                     
00005049  ti_sysbios_family_arm_lm4_Timer_getMaxTicks__E                    
00003661  ti_sysbios_family_arm_lm4_Timer_isrStub__E                        
000050f1  ti_sysbios_family_arm_lm4_Timer_masterDisable__I                  
0000176d  ti_sysbios_family_arm_lm4_Timer_masterEnable__I                   
00006e98  ti_sysbios_family_arm_lm4_Timer_numTimerDevices__C                
000019f9  ti_sysbios_family_arm_lm4_Timer_start__E                          
00006e9c  ti_sysbios_family_arm_lm4_Timer_startupNeeded__C                  
00004111  ti_sysbios_family_arm_lm4_Timer_startup__E                        
00004571  ti_sysbios_family_arm_lm4_Timer_stop__E                           
000049f1  ti_sysbios_family_arm_lm4_Timer_write__I                          
00006ea0  ti_sysbios_family_arm_m3_Hwi_E_NMI__C                             
00006ea4  ti_sysbios_family_arm_m3_Hwi_E_alreadyDefined__C                  
00006ea8  ti_sysbios_family_arm_m3_Hwi_E_busFault__C                        
00006eac  ti_sysbios_family_arm_m3_Hwi_E_debugMon__C                        
00006eb0  ti_sysbios_family_arm_m3_Hwi_E_hardFault__C                       
00006eb4  ti_sysbios_family_arm_m3_Hwi_E_memFault__C                        
00006eb8  ti_sysbios_family_arm_m3_Hwi_E_noIsr__C                           
00006ebc  ti_sysbios_family_arm_m3_Hwi_E_reserved__C                        
00006ec0  ti_sysbios_family_arm_m3_Hwi_E_svCall__C                          
00006ec4  ti_sysbios_family_arm_m3_Hwi_E_usageFault__C                      
00004c5d  ti_sysbios_family_arm_m3_Hwi_Handle__label__S                     
000043c9  ti_sysbios_family_arm_m3_Hwi_Instance_finalize__E                 
00002d91  ti_sysbios_family_arm_m3_Hwi_Instance_init__E                     
2000152e  ti_sysbios_family_arm_m3_Hwi_Module_State_0_excActive__A          
20001534  ti_sysbios_family_arm_m3_Hwi_Module_State_0_excContext__A         
20001538  ti_sysbios_family_arm_m3_Hwi_Module_State_0_excStack__A           
0000700e  ti_sysbios_family_arm_m3_Hwi_Module__id__C                        
200014d8  ti_sysbios_family_arm_m3_Hwi_Module__root__V                      
00004d75  ti_sysbios_family_arm_m3_Hwi_Module__startupDone__F               
00004d75  ti_sysbios_family_arm_m3_Hwi_Module__startupDone__S               
20001354  ti_sysbios_family_arm_m3_Hwi_Module__state__V                     
00003ba1  ti_sysbios_family_arm_m3_Hwi_Module_startup__E                    
00006ec8  ti_sysbios_family_arm_m3_Hwi_NUM_INTERRUPTS__C                    
00006d04  ti_sysbios_family_arm_m3_Hwi_Object__DESC__C                      
00006c1c  ti_sysbios_family_arm_m3_Hwi_Object__PARAMS__C                    
00006ecc  ti_sysbios_family_arm_m3_Hwi_Object__count__C                     
00004e4d  ti_sysbios_family_arm_m3_Hwi_Object__get__S                       
2000146c  ti_sysbios_family_arm_m3_Hwi_Object__table__V                     
00005055  ti_sysbios_family_arm_m3_Hwi_Params__init__S                      
00006ed0  ti_sysbios_family_arm_m3_Hwi_ccr__C                               
00003595  ti_sysbios_family_arm_m3_Hwi_create                               
00005061  ti_sysbios_family_arm_m3_Hwi_disableFxn__E                        
00003e19  ti_sysbios_family_arm_m3_Hwi_disableInterrupt__E                  
000035f9  ti_sysbios_family_arm_m3_Hwi_dispatchC__I                         
20000b60  ti_sysbios_family_arm_m3_Hwi_dispatchTable                        
00002165  ti_sysbios_family_arm_m3_Hwi_dispatch__I                          
000050f9  ti_sysbios_family_arm_m3_Hwi_doSwiRestore__I                      
00005119  ti_sysbios_family_arm_m3_Hwi_doTaskRestore__I                     
00003e61  ti_sysbios_family_arm_m3_Hwi_enableInterrupt__E                   
00001341  ti_sysbios_family_arm_m3_Hwi_excBusFault__I                       
000024f1  ti_sysbios_family_arm_m3_Hwi_excDebugMon__I                       
00000041  ti_sysbios_family_arm_m3_Hwi_excDumpRegs__I                       
00004a55  ti_sysbios_family_arm_m3_Hwi_excHandlerAsm__I                     
00006ed4  ti_sysbios_family_arm_m3_Hwi_excHandlerFunc__C                    
00000f51  ti_sysbios_family_arm_m3_Hwi_excHandlerMax__I                     
00004a79  ti_sysbios_family_arm_m3_Hwi_excHandler__I                        
000025b1  ti_sysbios_family_arm_m3_Hwi_excHardFault__I                      
00006e64  ti_sysbios_family_arm_m3_Hwi_excHookFuncs__A                      
00006ed8  ti_sysbios_family_arm_m3_Hwi_excHookFuncs__C                      
00001771  ti_sysbios_family_arm_m3_Hwi_excMemFault__I                       
00004401  ti_sysbios_family_arm_m3_Hwi_excNmi__I                            
00004281  ti_sysbios_family_arm_m3_Hwi_excNoIsr__I                          
00003ea9  ti_sysbios_family_arm_m3_Hwi_excReserved__I                       
00004151  ti_sysbios_family_arm_m3_Hwi_excSvCall__I                         
000014b9  ti_sysbios_family_arm_m3_Hwi_excUsageFault__I                     
00003f39  ti_sysbios_family_arm_m3_Hwi_getStackInfo__E                      
00002e29  ti_sysbios_family_arm_m3_Hwi_initNVIC__E                          
000039a9  ti_sysbios_family_arm_m3_Hwi_initStacks__E                        
00006edc  ti_sysbios_family_arm_m3_Hwi_nullIsrFunc__C                       
e000e000  ti_sysbios_family_arm_m3_Hwi_nvic                                 
00004881  ti_sysbios_family_arm_m3_Hwi_pendSV__I                            
00003069  ti_sysbios_family_arm_m3_Hwi_postInit__I                          
00006ee0  ti_sysbios_family_arm_m3_Hwi_priGroup__C                          
20000000  ti_sysbios_family_arm_m3_Hwi_ramVectors                           
[...]
00004fb9  xdc_runtime_Text_visitRope__I                                     
00004fc9  GPIOIntStatus                                                     
00004fd7  QEIConfigure                                                      
00004fe5  __TI_decompress_none                                              
00004ff3  GPIOPinRead                                                       
00004ff9  ti_sysbios_knl_Idle_loop__E                                       
00005009  ti_sysbios_knl_Queue_empty__E                                     
00005019  ti_catalog_arm_cortexm4_tiva_ce_Boot_init__I                      
00005025  _register_lock                                                    
00005031  _register_unlock                                                  
0000503d  __TI_zero_init                                                    
00005049  ti_sysbios_family_arm_lm4_Timer_getMaxTicks__E                    
00005055  ti_sysbios_family_arm_m3_Hwi_Params__init__S                      
00005055  ti_sysbios_hal_Hwi_HwiProxy_Params__init__S                       
00005061  ti_sysbios_family_arm_m3_Hwi_disableFxn__E                        
00005061  ti_sysbios_hal_Hwi_HwiProxy_disable__E                            
00005071  ti_sysbios_family_arm_m3_TaskSupport_checkStack__E                
00005071  ti_sysbios_knl_Task_SupportProxy_checkStack__E                    
00005081  ti_sysbios_gates_GateHwi_enter__E                                 
0000508d  ti_sysbios_knl_Queue_Object__get__S                               
00005099  xdc_runtime_Error_init__E                                         
000050a5  xdc_runtime_Gate_enterSystem__E                                   
000050b1  xdc_runtime_Memory_calloc__E                                      
000050bd  xdc_runtime_Memory_getMaxDefaultTypeAlign__E                      
000050c9  QEIEnable                                                         
000050d3  QEIVelocityEnable                                                 
000050dd  xdc_runtime_Memory_HeapProxy_alloc__E                             
000050e7  xdc_runtime_Memory_HeapProxy_free__E                              
000050f1  ti_sysbios_family_arm_lm4_Timer_masterDisable__I                  
000050f9  ti_sysbios_family_arm_m3_Hwi_doSwiRestore__I                      
00005101  ti_sysbios_family_arm_m3_Hwi_startup__E                           
00005101  ti_sysbios_hal_Hwi_HwiProxy_startup__E                            
00005101  ti_sysbios_hal_Hwi_startup__E                                     
00005109  GPIOPinWrite                                                      
0000510f  ti_catalog_arm_cortexm4_tiva_ce_Boot_sysCtlDelayI__I              
00005119  ti_sysbios_family_arm_m3_Hwi_doTaskRestore__I                     
00005121  ti_sysbios_family_arm_m3_Hwi_restoreFxn__E                        
00005121  ti_sysbios_hal_Hwi_HwiProxy_restore__E                            
00005129  ti_sysbios_gates_GateHwi_leave__E                                 
00005131  ti_sysbios_heaps_HeapMem_isBlocking__E                            
00005139  ti_sysbios_knl_Queue_Instance_init__E                             
00005141  ti_sysbios_knl_Swi_startup__E                                     
00005147  xdc_runtime_System_Module_startup__E                              
00005151  ti_sysbios_gates_GateHwi_query__E                                 
00005151  xdc_runtime_Main_Module_GateProxy_query__E                        
00005151  xdc_runtime_System_Module_GateProxy_query__E                      
00005159  ti_sysbios_BIOS_RtsGateProxy_query__E                             
00005159  ti_sysbios_gates_GateMutex_query__E                               
00005159  ti_sysbios_heaps_HeapMem_Module_GateProxy_query__E                
00005161  ti_sysbios_knl_Task_startup__E                                    
00005169  ti_sysbios_gates_GateHwi_Instance_init__E                         
00005171  ti_sysbios_knl_Clock_logTick__E                                   
00005174  xdc_runtime_Text_charTab__A                                       
000069eb  xdc_runtime_Error_policy__C                                       
000069ec  xdc_runtime_Text_nodeTab__A                                       
00006c1c  ti_sysbios_family_arm_m3_Hwi_Object__PARAMS__C                    
00006c4c  ti_sysbios_heaps_HeapMem_Module__FXNS__C                          
00006c74  ti_sysbios_gates_GateHwi_Module__FXNS__C                          
00006c98  ti_sysbios_gates_GateMutex_Module__FXNS__C                        
00006cbc  ti_sysbios_heaps_HeapMem_Object__PARAMS__C                        
00006ce0  ti_sysbios_knl_Semaphore_Object__PARAMS__C                        
00006d04  ti_sysbios_family_arm_m3_Hwi_Object__DESC__C                      
00006d24  ti_sysbios_gates_GateHwi_Object__DESC__C                          
00006d44  ti_sysbios_gates_GateMutex_Object__DESC__C                        
00006d64  ti_sysbios_heaps_HeapMem_Object__DESC__C                          
00006d84  ti_sysbios_knl_Queue_Object__DESC__C                              
00006da4  ti_sysbios_knl_Semaphore_Object__DESC__C                          
00006dc4  xdc_runtime_Startup_sfxnTab__A                                    
00006de4  ti_sysbios_gates_GateHwi_Object__PARAMS__C                        
00006dfc  ti_sysbios_gates_GateMutex_Object__PARAMS__C                      
00006e14  ti_sysbios_knl_Queue_Object__PARAMS__C                            
00006e2c  GPIOTiva_config                                                   
00006e40  xdc_runtime_Startup_firstFxns__A                                  
00006e54  xdc_runtime_Startup_sfxnRts__A                                    
00006e64  ti_sysbios_family_arm_m3_Hwi_excHookFuncs__A                      
00006e6c  ti_sysbios_knl_Idle_funcList__C                                   
00006e74  xdc_runtime_Startup_firstFxns__C                                  
00006e7c  xdc_runtime_Startup_lastFxns__C                                   
00006e84  ti_catalog_arm_cortexm4_tiva_ce_Boot_A_mustUseEnhancedClockMode__C
00006e88  ti_catalog_arm_cortexm4_tiva_ce_Boot_Module__diagsEnabled__C      
00006e8c  ti_catalog_arm_cortexm4_tiva_ce_Boot_Module__diagsIncluded__C     
00006e90  ti_catalog_arm_cortexm4_tiva_ce_Boot_Module__diagsMask__C         
00006e94  ti_sysbios_family_arm_lm4_Timer_enableFunc__C                     
00006e98  ti_sysbios_family_arm_lm4_Timer_numTimerDevices__C                
00006e9c  ti_sysbios_family_arm_lm4_Timer_startupNeeded__C                  
00006ea0  ti_sysbios_family_arm_m3_Hwi_E_NMI__C                             
00006ea4  ti_sysbios_family_arm_m3_Hwi_E_alreadyDefined__C                  
00006ea8  ti_sysbios_family_arm_m3_Hwi_E_busFault__C                        
00006eac  ti_sysbios_family_arm_m3_Hwi_E_debugMon__C                        
00006eb0  ti_sysbios_family_arm_m3_Hwi_E_hardFault__C                       
00006eb4  ti_sysbios_family_arm_m3_Hwi_E_memFault__C                        
00006eb8  ti_sysbios_family_arm_m3_Hwi_E_noIsr__C                           
00006ebc  ti_sysbios_family_arm_m3_Hwi_E_reserved__C                        
00006ec0  ti_sysbios_family_arm_m3_Hwi_E_svCall__C                          
00006ec4  ti_sysbios_family_arm_m3_Hwi_E_usageFault__C                      
00006ec8  ti_sysbios_family_arm_m3_Hwi_NUM_INTERRUPTS__C                    
00006ecc  ti_sysbios_family_arm_m3_Hwi_Object__count__C                     
00006ed0  ti_sysbios_family_arm_m3_Hwi_ccr__C                               
00006ed4  ti_sysbios_family_arm_m3_Hwi_excHandlerFunc__C                    
00006ed8  ti_sysbios_family_arm_m3_Hwi_excHookFuncs__C                      
00006edc  ti_sysbios_family_arm_m3_Hwi_nullIsrFunc__C                       
00006ee0  ti_sysbios_family_arm_m3_Hwi_priGroup__C                          
00006ee4  ti_sysbios_gates_GateMutex_A_badContext__C                        
00006ee8  ti_sysbios_gates_GateMutex_Instance_State_sem__O                  
00006eec  ti_sysbios_gates_GateMutex_Module__diagsEnabled__C                
00006ef0  ti_sysbios_gates_GateMutex_Module__diagsIncluded__C               
00006ef4  ti_sysbios_gates_GateMutex_Module__diagsMask__C                   
00006ef8  ti_sysbios_hal_Hwi_E_stackOverflow__C                             
00006efc  ti_sysbios_heaps_HeapMem_A_align__C                               
00006f00  ti_sysbios_heaps_HeapMem_A_heapSize__C                            
00006f04  ti_sysbios_heaps_HeapMem_A_invalidFree__C                         
00006f08  ti_sysbios_heaps_HeapMem_A_zeroBlock__C                           
00006f0c  ti_sysbios_heaps_HeapMem_E_memory__C                              
00006f10  ti_sysbios_heaps_HeapMem_Module__diagsEnabled__C                  
00006f14  ti_sysbios_heaps_HeapMem_Module__diagsIncluded__C                 
00006f18  ti_sysbios_heaps_HeapMem_Module__diagsMask__C                     
00006f1c  ti_sysbios_heaps_HeapMem_Module__gateObj__C                       
00006f20  ti_sysbios_heaps_HeapMem_Object__count__C                         
00006f24  ti_sysbios_heaps_HeapMem_reqAlign__C                              
00006f28  ti_sysbios_knl_Clock_Module_State_clockQ__O                       
00006f2c  ti_sysbios_knl_Idle_funcList__A                                   
00006f30  ti_sysbios_knl_Semaphore_A_badContext__C                          
00006f34  ti_sysbios_knl_Semaphore_A_noEvents__C                            
00006f38  ti_sysbios_knl_Semaphore_A_overflow__C                            
00006f3c  ti_sysbios_knl_Semaphore_A_pendTaskDisabled__C                    
00006f40  ti_sysbios_knl_Semaphore_Instance_State_pendQ__O                  
00006f44  ti_sysbios_knl_Semaphore_Module__diagsEnabled__C                  
00006f48  ti_sysbios_knl_Semaphore_Module__diagsIncluded__C                 
00006f4c  ti_sysbios_knl_Semaphore_Module__diagsMask__C                     
00006f50  ti_sysbios_knl_Swi_Object__count__C                               
00006f54  ti_sysbios_knl_Task_A_badTimeout__C                               
00006f58  ti_sysbios_knl_Task_A_sleepTaskDisabled__C                        
00006f5c  ti_sysbios_knl_Task_E_spOutOfBounds__C                            
00006f60  ti_sysbios_knl_Task_E_stackOverflow__C                            
00006f64  ti_sysbios_knl_Task_Module_State_inactiveQ__O                     
00006f68  ti_sysbios_knl_Task_Module__diagsEnabled__C                       
00006f6c  ti_sysbios_knl_Task_Module__diagsIncluded__C                      
00006f70  ti_sysbios_knl_Task_Module__diagsMask__C                          
00006f74  ti_sysbios_knl_Task_Object__count__C                              
00006f78  ti_sysbios_knl_Task_allBlockedFunc__C                             
00006f7c  ti_sysbios_knl_Task_numConstructedTasks__C                        
00006f80  xdc_runtime_Assert_E_assertFailed__C                              
00006f84  xdc_runtime_Core_A_initializedParams__C                           
00006f88  xdc_runtime_Core_Module__diagsEnabled__C                          
00006f8c  xdc_runtime_Core_Module__diagsIncluded__C                         
00006f90  xdc_runtime_Core_Module__diagsMask__C                             
00006f94  xdc_runtime_Error_E_memory__C                                     
00006f98  xdc_runtime_Error_Module__diagsEnabled__C                         
00006f9c  xdc_runtime_Error_Module__diagsIncluded__C                        
00006fa0  xdc_runtime_Error_Module__diagsMask__C                            
00006fa4  xdc_runtime_Error_Module__loggerFxn8__C                           
00006fa8  xdc_runtime_Error_Module__loggerObj__C                            
00006fac  xdc_runtime_Error_policyFxn__C                                    
00006fb0  xdc_runtime_Error_raiseHook__C                                    
00006fb4  xdc_runtime_IGateProvider_Interface__BASE__C                      
00006fb8  xdc_runtime_IHeap_Interface__BASE__C                              
00006fbc  xdc_runtime_IModule_Interface__BASE__C                            
00006fc0  xdc_runtime_Log_L_error__C                                        
00006fc4  xdc_runtime_Memory_defaultHeapInstance__C                         
00006fc8  xdc_runtime_Startup_execImpl__C                                   
00006fcc  xdc_runtime_Startup_maxPasses__C                                  
00006fd0  xdc_runtime_Startup_sfxnRts__C                                    
00006fd4  xdc_runtime_Startup_sfxnTab__C                                    
00006fd8  xdc_runtime_SysMin_bufSize__C                                     
00006fdc  xdc_runtime_SysMin_outputFunc__C                                  
00006fe0  xdc_runtime_System_Module__gateObj__C                             
00006fe4  xdc_runtime_System_abortFxn__C                                    
00006fe8  xdc_runtime_System_exitFxn__C                                     
00006fec  xdc_runtime_System_extendFxn__C                                   
00006ff0  xdc_runtime_System_maxAtexitHandlers__C                           
00006ff4  xdc_runtime_Text_charTab__C                                       
00006ff8  xdc_runtime_Text_nameEmpty__C                                     
00006ffc  xdc_runtime_Text_nameStatic__C                                    
00007000  xdc_runtime_Text_nameUnknown__C                                   
00007004  xdc_runtime_Text_nodeTab__C                                       
00007008  xdc_runtime_Text_visitRopeFxn__C                                  
0000700c  ti_catalog_arm_cortexm4_tiva_ce_Boot_Module__id__C                
0000700e  ti_sysbios_family_arm_m3_Hwi_Module__id__C                        
00007010  ti_sysbios_gates_GateMutex_Module__id__C                          
00007012  ti_sysbios_hal_Hwi_Module__id__C                                  
00007014  ti_sysbios_heaps_HeapMem_Module__id__C                            
00007016  ti_sysbios_knl_Semaphore_Module__id__C                            
00007018  ti_sysbios_knl_Task_Module__id__C                                 
0000701a  xdc_runtime_Core_Module__id__C                                    
0000701c  xdc_runtime_Error_Module__loggerDefined__C                        
0000701e  xdc_runtime_Error_maxDepth__C                                     
00007020  xdc_runtime_Memory_Module__id__C                                  
00007022  xdc_runtime_SysMin_flushAtExit__C                                 
00007024  xdc_runtime_Text_charCnt__C                                       
00007026  xdc_runtime_Text_isLoaded__C                                      
00007028  xdc_runtime_Text_registryModsLastId__C                            
0000702a  xdc_runtime_Text_unnamedModsLastId__C                             
00007030  __TI_static_base__                                                
0000720c  __TI_Handler_Table_Base                                           
00007218  __TI_Handler_Table_Limit                                          
00007228  __TI_CINIT_Base                                                   
00007240  __TI_CINIT_Limit                                                  
20000000  ti_sysbios_family_arm_m3_Hwi_ramVectors                           
20000360  ti_sysbios_knl_Task_Instance_State_0_stack__A                     
20000560  ti_sysbios_knl_Task_Instance_State_1_stack__A                     
20000760  ti_sysbios_heaps_HeapMem_Instance_State_0_buf__A                  
20000b60  ti_sysbios_family_arm_m3_Hwi_dispatchTable                        
20000ec0  __CIOBUF_                                                         
20001070  xdc_runtime_SysMin_Module_State_0_outbuf__A                       
200010f0  parmbuf                                                           
200010fc  pos                                                               
20001100  ti_sysbios_knl_Task_Object__table__V                              
20001198  ti_sysbios_knl_Swi_Module_State_0_readyQ__A                       
20001218  ti_sysbios_knl_Task_Module_State_0_readyQ__A                      
20001298  ti_sysbios_knl_Task_Module__state__V                              
200012dc  ti_sysbios_family_arm_lm4_Timer_Object__table__V                  
2000131c  ti_sysbios_gates_GateMutex_Object__table__V                       
20001354  ti_sysbios_family_arm_m3_Hwi_Module__state__V                     
20001388  ti_sysbios_family_arm_lm4_Timer_Module_State_0_device__A          
200013b8  ti_sysbios_knl_Swi_Object__table__V                               
200013e8  ti_sysbios_knl_Clock_Module__state__V                             
20001414  ti_sysbios_BIOS_Module__state__V                                  
20001438  ti_sysbios_knl_Swi_Module__state__V                               
20001454  ti_sysbios_family_arm_lm4_Timer_Module_State_0_handles__A         
2000146c  ti_sysbios_family_arm_m3_Hwi_Object__table__V                     
20001484  ti_sysbios_heaps_HeapMem_Object__table__V                         
2000149c  gpioPinConfigs                                                    
200014b0  ti_sysbios_family_arm_lm4_Timer_Module__state__V                  
200014bc  xdc_runtime_SysMin_Module__state__V                               
200014c8  _lock                                                             
200014cc  _unlock                                                           
200014d0  gpioCallbackFunctions                                             
200014d8  ti_sysbios_family_arm_m3_Hwi_Module__root__V                      
200014e0  ti_sysbios_gates_GateHwi_Module__root__V                          
200014e8  ti_sysbios_gates_GateMutex_Module__root__V                        
200014f0  ti_sysbios_heaps_HeapMem_Module__root__V                          
200014f8  ti_sysbios_knl_Queue_Module__root__V                              
20001500  ti_sysbios_knl_Semaphore_Module__root__V                          
20001508  xdc_runtime_Registry_Module__state__V                             
20001510  xdc_runtime_Startup_Module__state__V                              
20001518  xdc_runtime_System_Module_State_0_atexitHandlers__A               
20001520  xdc_runtime_System_Module__state__V                               
2000152e  ti_sysbios_family_arm_m3_Hwi_Module_State_0_excActive__A          
20001530  main_func_sp                                                      
20001534  ti_sysbios_family_arm_m3_Hwi_Module_State_0_excContext__A         
20001538  ti_sysbios_family_arm_m3_Hwi_Module_State_0_excStack__A           
2000153c  ti_sysbios_gates_GateHwi_Object__table__V                         
20001540  ti_sysbios_knl_Task_Module_State_0_idleTask__A                    
20001544  xdc_runtime_Memory_Module__state__V                               
20001548  xdc_runtime_Error_Module__state__V                                
20001550  __stack                                                           
20001850  __STACK_END                                                       
e000e000  ti_sysbios_family_arm_m3_Hwi_nvic                                 
ffffffff  __TI_pprof_out_hndl                                               
ffffffff  __TI_prof_data_size                                               
ffffffff  __TI_prof_data_start                                              
ffffffff  __binit__                                                         
ffffffff  __c_args__                                                        
ffffffff  binit                                                             
UNDEFED   SHT$$INIT_ARRAY$$Base                                             
UNDEFED   SHT$$INIT_ARRAY$$Limit                                            

[534 symbols]
