******************************************************************************
                  TI ARM Linker PC v18.1.4                     
******************************************************************************
>> Linked Sat Nov 17 16:20:54 2018

OUTPUT FILE NAME:   <Quad_Encoder.out>
ENTRY POINT SYMBOL: "_c_int00"  address: 00003a89


MEMORY CONFIGURATION

         name            origin    length      used     unused   attr    fill
----------------------  --------  ---------  --------  --------  ----  --------
  FLASH                 00000000   00040000  0000749d  00038b63  R  X
  SRAM                  20000000   00008000  00001aa2  0000655e  RW X


SEGMENT ALLOCATION MAP

run origin  load origin   length   init length attrs members
----------  ----------- ---------- ----------- ----- -------
00000000    00000000    000074a8   000074a8    r-x
  00000000    00000000    0000003c   0000003c    r-- .resetVecs
  00000040    00000040    0000537a   0000537a    r-x .text
  000053bc    000053bc    00001ec7   00001ec7    r-- .const
  00007288    00007288    00000220   00000220    r-- .cinit
20000000    20000000    00001aa8   00000000    rw-
  20000000    20000000    00000360   00000000    rw- .vecs
  20000360    20000360    00000fac   00000000    rw- .bss
  2000130c    2000130c    00000496   00000000    rw- .data
  200017a8    200017a8    00000300   00000000    rw- .stack


SECTION ALLOCATION MAP

 output                                  attributes/
section   page    origin      length       input sections
--------  ----  ----------  ----------   ----------------
.text      0    00000040    0000537a     
                  00000040    00000430     sysbios.aem4f : BIOS.obj (.text:ti_sysbios_family_arm_m3_Hwi_excDumpRegs__I)
                  00000470    0000034c     ti.targets.arm.rtsarm.aem4f : System.oem4f (.text:xdc_runtime_System_doPrint__I)
                  000007bc    00000004     driverlib.lib : qei.obj (.text:QEIPositionGet)
                  000007c0    000002d0     sysbios.aem4f : BIOS.obj (.text:ti_sysbios_knl_Semaphore_pend__E)
                  00000a90    0000026c                   : BIOS.obj (.text:ti_sysbios_heaps_HeapMem_free__E)
                  00000cfc    00000004     driverlib.lib : qei.obj (.text:QEIVelocityGet)
                  00000d00    00000250     sysbios.aem4f : BIOS.obj (.text:ti_sysbios_heaps_HeapMem_alloc__E)
                  00000f50    000001fc                   : BIOS.obj (.text:ti_sysbios_family_arm_m3_Hwi_excHandlerMax__I)
                  0000114c    00000004     rtsv7M4_T_le_v4SPD16_eabi.lib : exit.c.obj (.text:abort:abort)
                  00001150    000001f0     sysbios.aem4f : BIOS.obj (.text:ti_sysbios_knl_Task_sleep__E)
                  00001340    00000174                   : BIOS.obj (.text:ti_sysbios_family_arm_m3_Hwi_excBusFault__I)
                  000014b4    00000004     enc_rtos_pem4f.oem4f (.text:ti_sysbios_BIOS_RtsGateProxy_enter__E)
                  000014b8    00000164     sysbios.aem4f : BIOS.obj (.text:ti_sysbios_family_arm_m3_Hwi_excUsageFault__I)
                  0000161c    00000150     drivers_tivaware.aem4f : GPIOTiva.oem4f (.text:GPIO_setConfig)
                  0000176c    00000004     enc_rtos_pem4f.oem4f (.text:ti_sysbios_BIOS_RtsGateProxy_leave__E)
                  00001770    00000148     sysbios.aem4f : BIOS.obj (.text:ti_sysbios_family_arm_m3_Hwi_excMemFault__I)
                  000018b8    0000013c                   : BIOS.obj (.text:ti_sysbios_heaps_HeapMem_Instance_init__E)
                  000019f4    00000004                   : BIOS.obj (.text:ti_sysbios_family_arm_lm4_Timer_masterEnable__I)
                  000019f8    00000134                   : BIOS.obj (.text:ti_sysbios_family_arm_lm4_Timer_start__E)
                  00001b2c    00000130     driverlib.lib : gpio.obj (.text:GPIOPadConfigSet)
                  00001c5c    00000118     ti.targets.arm.rtsarm.aem4f : Error.oem4f (.text:xdc_runtime_Error_policyDefault__E)
                  00001d74    00000100     enc.obj (.text:encInit)
                  00001e74    00000100     Boot.aem4f : Boot_sysctl.oem4f (.text:ti_catalog_arm_cortexm4_tiva_ce_Boot_sysCtlClockSetI__I)
                  00001f74    00000100     ti.targets.arm.rtsarm.aem4f : Core-mem.oem4f (.text:xdc_runtime_Core_createObject__I)
                  00002074    000000fc     rtsv7M4_T_le_v4SPD16_eabi.lib : fd_mul_t2.asm.obj (.text)
                  00002170    000000f8     ti.targets.arm.rtsarm.aem4f : Startup.oem4f (.text:xdc_runtime_Startup_startMods__I)
                  00002268    000000f8     enc_rtos_pem4f.oem4f (.text:xdc_runtime_System_printfExtend__I)
                  00002360    000000f4     sysbios.aem4f : m3_Hwi_asm.obj (.text:ti_sysbios_family_arm_m3_Hwi_dispatch__I)
                  00002454    00000004     enc_rtos_pem4f.oem4f (.text:ti_sysbios_family_arm_m3_TaskSupport_Module__startupDone__S)
                  00002458    000000ec     sysbios.aem4f : BIOS.obj (.text:ti_sysbios_knl_Semaphore_post__E)
                  00002544    000000cc     ti.targets.arm.rtsarm.aem4f : Core-smem.oem4f (.text:xdc_runtime_Core_constructObject__I)
                  00002610    000000bc     sysbios.aem4f : BIOS.obj (.text:ti_sysbios_family_arm_m3_Hwi_excDebugMon__I)
                  000026cc    00000004     enc_rtos_pem4f.oem4f (.text:ti_sysbios_heaps_HeapMem_Module_GateProxy_enter__E)
                  000026d0    000000bc     sysbios.aem4f : BIOS.obj (.text:ti_sysbios_family_arm_m3_Hwi_excHardFault__I)
                  0000278c    00000004     enc_rtos_pem4f.oem4f (.text:ti_sysbios_heaps_HeapMem_Module_GateProxy_leave__E)
                  00002790    000000b4     sysbios.aem4f : BIOS.obj (.text:ti_sysbios_gates_GateMutex_enter__E)
                  00002844    00000004     enc_rtos_pem4f.oem4f (.text:ti_sysbios_knl_Clock_TimerProxy_getMaxTicks__E)
                  00002848    000000b4     sysbios.aem4f : BIOS.obj (.text:ti_sysbios_knl_Task_checkStacks__E)
                  000028fc    00000004     enc_rtos_pem4f.oem4f (.text:ti_sysbios_knl_Queue_destruct)
                  00002900    000000ac     sysbios.aem4f : BIOS.obj (.text:ti_sysbios_family_arm_lm4_Timer_enableTiva__I)
                  000029ac    00000004     enc_rtos_pem4f.oem4f (.text:ti_sysbios_knl_Semaphore_destruct)
                  000029b0    000000a8     sysbios.aem4f : BIOS.obj (.text:ti_sysbios_family_arm_lm4_Timer_enableTimers__I)
                  00002a58    000000a8                   : BIOS.obj (.text:ti_sysbios_knl_Task_postInit__I)
                  00002b00    000000a0     auto_init.aem4f : auto_init.oem4f (.text)
                  00002ba0    000000a0     ti.targets.arm.rtsarm.aem4f : Text.oem4f (.text:xdc_runtime_Text_putMod__E)
                  00002c40    0000009c     rtsv7M4_T_le_v4SPD16_eabi.lib : memcpy_t2.asm.obj (.text)
                  00002cdc    00000004     ti.targets.arm.rtsarm.aem4f : Error.oem4f (.text:xdc_runtime_Error_getSite__E)
                  00002ce0    0000009c     sysbios.aem4f : BIOS.obj (.text:ti_sysbios_knl_Semaphore_Instance_init__E)
                  00002d7c    0000009a     ti.targets.arm.rtsarm.aem4f : Text.oem4f (.text:xdc_runtime_Text_putSite__E)
                  00002e16    00000002     rtsv7M4_T_le_v4SPD16_eabi.lib : _lock.c.obj (.text:_nop)
                  00002e18    00000098     Boot.aem4f : Boot.oem4f (.text:ti_catalog_arm_cortexm4_tiva_ce_Boot_sysCtlClockSet__E)
                  00002eb0    00000094     sysbios.aem4f : BIOS.obj (.text:ti_sysbios_family_arm_m3_Hwi_Instance_init__E)
                  00002f44    00000004     enc_rtos_pem4f.oem4f (.text:xdc_runtime_System_Module_GateProxy_enter__E)
                  00002f48    00000094     sysbios.aem4f : BIOS.obj (.text:ti_sysbios_family_arm_m3_Hwi_initNVIC__E)
                  00002fdc    00000090     main_enc.obj (.text:main)
                  0000306c    0000008c     drivers_tivaware.aem4f : GPIOTiva.oem4f (.text:GPIO_init)
                  000030f8    0000008c     sysbios.aem4f : m3_TaskSupport_asm.obj (.text:ti_sysbios_family_arm_m3_TaskSupport_buildTaskStack)
                  00003184    00000004     enc_rtos_pem4f.oem4f (.text:xdc_runtime_System_Module_GateProxy_leave__E)
                  00003188    00000084     sysbios.aem4f : BIOS.obj (.text:ti_sysbios_family_arm_m3_Hwi_postInit__I)
                  0000320c    0000007a     rtsv7M4_T_le_v4SPD16_eabi.lib : memset_t2.asm.obj (.text)
                  00003286    00000002                                   : div0.asm.obj (.text)
                  00003288    00000070     sysbios.aem4f : BIOS.obj (.text:ti_sysbios_knl_Clock_workFunc__E)
                  000032f8    00000070                   : BIOS.obj (.text:ti_sysbios_knl_Task_exit__E)
                  00003368    0000006e     rtsv7M4_T_le_v4SPD16_eabi.lib : fd_tos_t2.asm.obj (.text)
                  000033d6    00000002     enc_rtos_pem4f.oem4f (.text:ti_sysbios_BIOS_nullFunc__I)
                  000033d8    0000006d     ti.targets.arm.rtsarm.aem4f : System.oem4f (.text:xdc_runtime_System_formatNum__I)
                  00003445    00000001     --HOLE-- [fill = 0]
                  00003446    00000002     enc_rtos_pem4f.oem4f (.text:xdc_runtime_Startup_reset__I)
                  00003448    0000006c     sysbios.aem4f : BIOS.obj (.text:ti_sysbios_knl_Swi_restoreHwi__E)
                  000034b4    0000006c     ti.targets.arm.rtsarm.aem4f : Error.oem4f (.text:xdc_runtime_Error_print__E)
                  00003520    0000006c                                 : Memory.oem4f (.text:xdc_runtime_Memory_alloc__E)
                  0000358c    00000068     rtsv7M4_T_le_v4SPD16_eabi.lib : copy_decompress_lzss.c.obj (.text:decompress:lzss:__TI_decompress_lzss)
                  000035f4    00000066     ti.targets.arm.rtsarm.aem4f : Core-mem.oem4f (.text:xdc_runtime_Core_deleteObject__I)
                  0000365a    00000002     --HOLE-- [fill = 0]
                  0000365c    00000064     drivers_tivaware.aem4f : GPIOTiva.oem4f (.text:GPIO_hwiIntFxn)
                  000036c0    00000064     sysbios.aem4f : BIOS.obj (.text:ti_sysbios_family_arm_lm4_Timer_Module_startup__E)
                  00003724    00000064     enc_rtos_pem4f.oem4f (.text:ti_sysbios_family_arm_m3_Hwi_create)
                  00003788    00000064     sysbios.aem4f : BIOS.obj (.text:ti_sysbios_family_arm_m3_Hwi_dispatchC__I)
                  000037ec    00000004     ti.targets.arm.rtsarm.aem4f : System.oem4f (.text:xdc_runtime_System_aprintf_va__F)
                  000037f0    00000060     sysbios.aem4f : BIOS.obj (.text:ti_sysbios_family_arm_lm4_Timer_isrStub__E)
                  00003850    00000060                   : BIOS.obj (.text:ti_sysbios_knl_Task_schedule__I)
                  000038b0    0000005c                   : BIOS.obj (.text:ti_sysbios_knl_Swi_run__I)
                  0000390c    00000004     ti.targets.arm.rtsarm.aem4f : System.oem4f (.text:xdc_runtime_System_printf_va__F)
                  00003910    0000005c     sysbios.aem4f : BIOS.obj (.text:ti_sysbios_knl_Swi_schedule__I)
                  0000396c    00000004     --HOLE-- [fill = 0]
                  00003970    0000005c                   : BIOS.obj (.text:ti_sysbios_knl_Task_Module_startup__E)
                  000039cc    00000004     --HOLE-- [fill = 0]
                  000039d0    0000005c                   : BIOS.obj (.text:ti_sysbios_knl_Task_startCore__E)
                  00003a2c    0000005b     ti.targets.arm.rtsarm.aem4f : Text.oem4f (.text:xdc_runtime_Text_putLab__E)
                  00003a87    00000001     --HOLE-- [fill = 0]
                  00003a88    00000058     boot.aem4f : boot.oem4f (.text)
                  00003ae0    00000058     rtsv7M4_T_le_v4SPD16_eabi.lib : hostwrite.c.obj (.text:HOSTwrite)
                  00003b38    00000058     sysbios.aem4f : m3_Hwi_asm_switch.obj (.text:ti_sysbios_family_arm_m3_Hwi_initStacks__E)
                  00003b90    00000056     driverlib.lib : gpio.obj (.text:GPIOIntTypeSet)
                  00003be6    00000002     --HOLE-- [fill = 0]
                  00003be8    00000054     main_enc.obj (.text:speedLoop_TASK)
                  00003c3c    00000054     ti.targets.arm.rtsarm.aem4f : Assert.oem4f (.text:xdc_runtime_Assert_raise__I)
                  00003c90    00000050     drivers_tivaware.aem4f : GPIOTiva.oem4f (.text:GPIO_setCallback)
                  00003ce0    00000050                            : GPIOTiva.oem4f (.text:GPIO_toggle)
                  00003d30    00000050                            : GPIOTiva.oem4f (.text:GPIO_write)
                  00003d80    00000050     sysbios.aem4f : BIOS.obj (.text:ti_sysbios_family_arm_m3_Hwi_Module_startup__E)
                  00003dd0    00000050     ti.targets.arm.rtsarm.aem4f : Startup.oem4f (.text:xdc_runtime_Startup_exec__E)
                  00003e20    00000050                                 : Text.oem4f (.text:xdc_runtime_Text_visitRope2__I)
                  00003e70    0000004c     rtsv7M4_T_le_v4SPD16_eabi.lib : cpy_tbl.c.obj (.text:copy_in)
                  00003ebc    00000004     --HOLE-- [fill = 0]
                  00003ec0    0000004c     sysbios.aem4f : BIOS.obj (.text:ti_sysbios_heaps_HeapMem_getStats__E)
                  00003f0c    00000004     --HOLE-- [fill = 0]
                  00003f10    0000004c                   : BIOS.obj (.text:ti_sysbios_knl_Swi_runLoop__I)
                  00003f5c    00000004     --HOLE-- [fill = 0]
                  00003f60    0000004c                   : BIOS.obj (.text:ti_sysbios_knl_Task_allBlockedFunction__I)
                  00003fac    00000048     driverlib.lib : gpio.obj (.text:GPIOPinConfigure)
                  00003ff4    00000004     --HOLE-- [fill = 0]
                  00003ff8    00000048     sysbios.aem4f : BIOS.obj (.text:ti_sysbios_family_arm_m3_Hwi_disableInterrupt__E)
                  00004040    00000048                   : BIOS.obj (.text:ti_sysbios_family_arm_m3_Hwi_enableInterrupt__E)
                  00004088    00000048                   : BIOS.obj (.text:ti_sysbios_family_arm_m3_Hwi_excReserved__I)
                  000040d0    00000046     ti.targets.arm.rtsarm.aem4f : Core-params.oem4f (.text:xdc_runtime_Core_assignParams__I)
                  00004116    00000002     --HOLE-- [fill = 0]
                  00004118    00000044     sysbios.aem4f : BIOS.obj (.text:ti_sysbios_family_arm_m3_Hwi_getStackInfo__E)
                  0000415c    00000004     --HOLE-- [fill = 0]
                  00004160    00000044                   : BIOS.obj (.text:ti_sysbios_knl_Swi_post__E)
                  000041a4    00000044     ti.targets.arm.rtsarm.aem4f : Error.oem4f (.text:xdc_runtime_Error_setX__E)
                  000041e8    00000044                                 : SysMin.oem4f (.text:xdc_runtime_SysMin_flush__E)
                  0000422c    00000044                                 : Text.oem4f (.text:xdc_runtime_Text_xprintf__I)
                  00004270    00000040     EK_TM4C123GXL.obj (.text:EK_TM4C123GXL_initGeneral)
                  000042b0    00000040     rtsv7M4_T_le_v4SPD16_eabi.lib : u_divt2.asm.obj (.text)
                  000042f0    00000040     sysbios.aem4f : BIOS.obj (.text:ti_sysbios_family_arm_lm4_Timer_startup__E)
                  00004330    0000003c                   : BIOS.obj (.text:ti_sysbios_family_arm_m3_Hwi_excSvCall__I)
                  0000436c    00000004     --HOLE-- [fill = 0]
                  00004370    0000003c                   : BIOS.obj (.text:ti_sysbios_heaps_HeapMem_init__I)
                  000043ac    00000004     --HOLE-- [fill = 0]
                  000043b0    0000003c                   : BIOS.obj (.text:ti_sysbios_knl_Swi_restore__E)
                  000043ec    00000038     driverlib.lib : sysctl.obj (.text:SysCtlPeripheralReady)
                  00004424    00000038     rtsv7M4_T_le_v4SPD16_eabi.lib : trgmsg.c.obj (.text:__TI_writemsg)
                  0000445c    00000004     --HOLE-- [fill = 0]
                  00004460    00000038     sysbios.aem4f : BIOS.obj (.text:ti_sysbios_family_arm_m3_Hwi_excNoIsr__I)
                  00004498    00000038                   : BIOS.obj (.text:ti_sysbios_knl_Task_processVitalTaskFlag__I)
                  000044d0    00000038     ti.targets.arm.rtsarm.aem4f : SysMin.oem4f (.text:xdc_runtime_SysMin_putch__E)
                  00004508    00000038                                 : System.oem4f (.text:xdc_runtime_System_atexit__E)
                  00004540    00000034     driverlib.lib : sysctl.obj (.text:SysCtlPeripheralEnable)
                  00004574    00000034     rtsv7M4_T_le_v4SPD16_eabi.lib : trgmsg.c.obj (.text:__TI_readmsg)
                  000045a8    00000034     sysbios.aem4f : BIOS.obj (.text:ti_sysbios_family_arm_m3_Hwi_Instance_finalize__E)
                  000045dc    00000004     --HOLE-- [fill = 0]
                  000045e0    00000034                   : BIOS.obj (.text:ti_sysbios_family_arm_m3_Hwi_excNmi__I)
                  00004614    00000004     --HOLE-- [fill = 0]
                  00004618    00000034                   : BIOS.obj (.text:ti_sysbios_hal_Hwi_checkStack)
                  0000464c    00000034     ti.targets.arm.rtsarm.aem4f : Core-label.oem4f (.text:xdc_runtime_Core_assignLabel__I)
                  00004680    00000033                                 : Text.oem4f (.text:xdc_runtime_Text_printVisFxn__I)
                  000046b3    00000005     --HOLE-- [fill = 0]
                  000046b8    00000032     sysbios.aem4f : BIOS.obj (.text:ti_sysbios_hal_Hwi_initStack)
                  000046ea    00000002     --HOLE-- [fill = 0]
                  000046ec    00000030     EK_TM4C123GXL.obj (.text:EK_TM4C123GXL_initGPIO)
                  0000471c    00000030     enc_rtos_pem4f.oem4f (.text:ti_sysbios_BIOS_atExitFunc__I)
                  0000474c    00000004     --HOLE-- [fill = 0]
                  00004750    00000030     sysbios.aem4f : BIOS.obj (.text:ti_sysbios_family_arm_lm4_Timer_stop__E)
                  00004780    00000030                   : BIOS.obj (.text:ti_sysbios_family_arm_m3_TaskSupport_start__E)
                  000047b0    00000030     enc_rtos_pem4f.oem4f (.text:ti_sysbios_gates_GateHwi_Object__create__S)
                  000047e0    00000030     enc_rtos_pem4f.oem4f (.text:ti_sysbios_gates_GateMutex_Object__create__S)
                  00004810    00000030     enc_rtos_pem4f.oem4f (.text:ti_sysbios_heaps_HeapMem_Object__create__S)
                  00004840    00000030     enc_rtos_pem4f.oem4f (.text:ti_sysbios_knl_Semaphore_construct)
                  00004870    00000030     sysbios.aem4f : BIOS.obj (.text:ti_sysbios_knl_Semaphore_pendTimeout__I)
                  000048a0    00000030                   : BIOS.obj (.text:ti_sysbios_knl_Task_unblockI__E)
                  000048d0    00000030     ti.targets.arm.rtsarm.aem4f : SysMin.oem4f (.text:xdc_runtime_SysMin_abort__E)
                  00004900    00000030                                 : System.oem4f (.text:xdc_runtime_System_processAtExit__E)
                  00004930    0000002c     enc_rtos_pem4f.oem4f (.text:ti_sysbios_knl_Clock_doTick__I)
                  0000495c    0000002c     enc_rtos_pem4f.oem4f (.text:ti_sysbios_knl_Queue_construct)
                  00004988    0000002c     sysbios.aem4f : BIOS.obj (.text:ti_sysbios_knl_Task_restore__E)
                  000049b4    0000002c     ti.targets.arm.rtsarm.aem4f : Text.oem4f (.text:xdc_runtime_Text_cordText__E)
                  000049e0    0000002a     driverlib.lib : gpio.obj (.text:GPIODirModeSet)
                  00004a0a    0000002a     ti.targets.arm.rtsarm.aem4f : System.oem4f (.text:xdc_runtime_System_putchar__I)
                  00004a34    00000028     enc.obj (.text:encGetVelocity)
                  00004a5c    00000004     --HOLE-- [fill = 0]
                  00004a60    00000028     sysbios.aem4f : BIOS.obj (.text:ti_sysbios_knl_Swi_Module_startup__E)
                  00004a88    00000026                   : m3_Hwi_asm.obj (.text:ti_sysbios_family_arm_m3_Hwi_pendSV__I)
                  00004aae    00000026     ti.targets.arm.rtsarm.aem4f : System.oem4f (.text:xdc_runtime_System_avprintf__E)
                  00004ad4    00000024     enc_rtos_pem4f.oem4f (.text:ti_sysbios_BIOS_errorRaiseHook__I)
                  00004af8    00000024     enc_rtos_pem4f.oem4f (.text:ti_sysbios_BIOS_registerRTSLock__I)
                  00004b1c    00000024     enc_rtos_pem4f.oem4f (.text:ti_sysbios_BIOS_removeRTSLock__I)
                  00004b40    00000024     enc_rtos_pem4f.oem4f (.text:ti_sysbios_BIOS_startFunc__I)
                  00004b64    00000024     enc_rtos_pem4f.oem4f (.text:ti_sysbios_gates_GateMutex_Object__delete__S)
                  00004b88    00000024     sysbios.aem4f : BIOS.obj (.text:ti_sysbios_knl_Clock_Module_startup__E)
                  00004bac    00000004     --HOLE-- [fill = 0]
                  00004bb0    00000024                   : BIOS.obj (.text:ti_sysbios_knl_Task_restoreHwi__E)
                  00004bd4    00000024     ti.targets.arm.rtsarm.aem4f : System.oem4f (.text:xdc_runtime_System_vprintf__E)
                  00004bf8    00000022     sysbios.aem4f : BIOS.obj (.text:ti_sysbios_family_arm_lm4_Timer_write__I)
                  00004c1a    00000022     enc_rtos_pem4f.oem4f (.text:xdc_runtime_SysMin_output__I)
                  00004c3c    00000020     rtsv7M4_T_le_v4SPD16_eabi.lib : u_tofd_t2.asm.obj (.text)
                  00004c5c    00000020     enc_rtos_pem4f.oem4f (.text:ti_sysbios_BIOS_rtsLock__I)
                  00004c7c    00000020     sysbios.aem4f : m3_Hwi_asm.obj (.text:ti_sysbios_family_arm_m3_Hwi_excHandlerAsm__I)
                  00004c9c    00000004     --HOLE-- [fill = 0]
                  00004ca0    00000020                   : BIOS.obj (.text:ti_sysbios_family_arm_m3_Hwi_excHandler__I)
                  00004cc0    00000020     enc_rtos_pem4f.oem4f (.text:ti_sysbios_gates_GateHwi_Object__delete__S)
                  00004ce0    00000020     enc_rtos_pem4f.oem4f (.text:ti_sysbios_heaps_HeapMem_Object__delete__S)
                  00004d00    00000020     sysbios.aem4f : BIOS.obj (.text:ti_sysbios_knl_Idle_run__E)
                  00004d20    00000020     enc_rtos_pem4f.oem4f (.text:ti_sysbios_knl_Semaphore_Object__destruct__S)
                  00004d40    00000020     ti.targets.arm.rtsarm.aem4f : Registry.oem4f (.text:xdc_runtime_Registry_findById__E)
                  00004d60    00000020                                 : SysMin.oem4f (.text:xdc_runtime_SysMin_Module_startup__E)
                  00004d80    0000001e     sysbios.aem4f : m3_Hwi_asm_switch.obj (.text:ti_sysbios_family_xxx_Hwi_switchAndRunFunc)
                  00004d9e    0000001c     drivers_tivaware.aem4f : GPIOTiva.oem4f (.text:getGpioIntIndex)
                  00004dba    00000006     driverlib.lib : gpio.obj (.text:GPIOIntClear)
                  00004dc0    0000001c     sysbios.aem4f : BIOS.obj (.text:ti_sysbios_gates_GateMutex_Instance_init__E)
                  00004ddc    0000001c     enc_rtos_pem4f.oem4f (.text:ti_sysbios_knl_Queue_Object__destruct__S)
                  00004df8    0000001c     sysbios.aem4f : BIOS.obj (.text:ti_sysbios_knl_Task_enter__I)
                  00004e14    0000001c     ti.targets.arm.rtsarm.aem4f : Error.oem4f (.text:xdc_runtime_Error_raiseX__E)
                  00004e30    0000001c                                 : Memory.oem4f (.text:xdc_runtime_Memory_valloc__E)
                  00004e4c    0000001c                                 : SysMin.oem4f (.text:xdc_runtime_SysMin_exit__E)
                  00004e68    0000001c                                 : System.oem4f (.text:xdc_runtime_System_abort__E)
                  00004e84    0000001a     enc_rtos_pem4f.oem4f (.text:ti_sysbios_family_arm_m3_Hwi_Handle__label__S)
                  00004e9e    0000001a     enc_rtos_pem4f.oem4f (.text:ti_sysbios_gates_GateHwi_Handle__label__S)
                  00004eb8    0000001a     enc_rtos_pem4f.oem4f (.text:ti_sysbios_gates_GateMutex_Handle__label__S)
                  00004ed2    0000001a     enc_rtos_pem4f.oem4f (.text:ti_sysbios_heaps_HeapMem_Handle__label__S)
                  00004eec    0000001a     enc_rtos_pem4f.oem4f (.text:ti_sysbios_knl_Swi_Handle__label__S)
                  00004f06    0000001a     enc_rtos_pem4f.oem4f (.text:ti_sysbios_knl_Task_Handle__label__S)
                  00004f20    0000001a     enc_rtos_pem4f.oem4f (.text:xdc_runtime_System_aprintf__E)
                  00004f3a    0000001a     enc_rtos_pem4f.oem4f (.text:xdc_runtime_System_printf__E)
                  00004f54    00000018     rtsv7M4_T_le_v4SPD16_eabi.lib : args_main.c.obj (.text:_args_main)
                  00004f6c    00000018     enc_rtos_pem4f.oem4f (.text:ti_sysbios_BIOS_rtsUnlock__I)
                  00004f84    00000018     enc_rtos_pem4f.oem4f (.text:ti_sysbios_family_arm_lm4_Timer_Module__startupDone__F)
                  00004f9c    00000018     enc_rtos_pem4f.oem4f (.text:ti_sysbios_family_arm_m3_Hwi_Module__startupDone__F)
                  00004fb4    00000018     sysbios.aem4f : m3_TaskSupport_asm.obj (.text:ti_sysbios_family_arm_m3_TaskSupport_swap__E)
                  00004fcc    00000004     --HOLE-- [fill = 0]
                  00004fd0    00000018                   : BIOS.obj (.text:ti_sysbios_gates_GateMutex_leave__E)
                  00004fe8    00000018                   : BIOS.obj (.text:ti_sysbios_knl_Task_sleepTimeout__I)
                  00005000    00000018     ti.targets.arm.rtsarm.aem4f : Error.oem4f (.text:xdc_runtime_Error_check__E)
                  00005018    00000018                                 : System.oem4f (.text:xdc_runtime_System_exit__E)
                  00005030    00000018                                 : Text.oem4f (.text:xdc_runtime_Text_ropeText__E)
                  00005048    00000016     enc_rtos_pem4f.oem4f (.text:ti_sysbios_BIOS_exitFunc__I)
                  0000505e    00000014     rtsv7M4_T_le_v4SPD16_eabi.lib : strlen.c.obj (.text:strlen)
                  00005072    00000002     --HOLE-- [fill = 0]
                  00005074    00000014     enc_rtos_pem4f.oem4f (.text:ti_sysbios_family_arm_m3_Hwi_Object__get__S)
                  00005088    00000014     sysbios.aem4f : BIOS.obj (.text:ti_sysbios_family_arm_m3_Hwi_switchFromBootStack__E)
                  0000509c    00000014     enc_rtos_pem4f.oem4f (.text:ti_sysbios_heaps_HeapMem_Object__get__S)
                  000050b0    00000014     enc_rtos_pem4f.oem4f (.text:ti_sysbios_knl_Swi_Object__get__S)
                  000050c4    00000012     driverlib.lib : gpio.obj (.text:GPIOPinTypeGPIOInput)
                  000050d6    00000012                   : gpio.obj (.text:GPIOPinTypeQEI)
                  000050e8    00000012     sysbios.aem4f : BIOS.obj (.text:ti_sysbios_hal_Hwi_Module_startup__E)
                  000050fa    00000012     enc_rtos_pem4f.oem4f (.text:xdc_runtime_Startup_exec__I)
                  0000510c    00000010     driverlib.lib : qei.obj (.text:QEIVelocityConfigure)
                  0000511c    00000010     main_enc.obj (.text:heartBeat_TASK)
                  0000512c    00000004     --HOLE-- [fill = 0]
                  00005130    00000010     sysbios.aem4f : BIOS.obj (.text:ti_sysbios_BIOS_setThreadType__E)
                  00005140    00000010                   : BIOS.obj (.text:ti_sysbios_BIOS_start__E)
                  00005150    00000010                   : m3_TaskSupport_asm.obj (.text:ti_sysbios_family_arm_m3_TaskSupport_glue)
                  00005160    00000010                   : BIOS.obj (.text:ti_sysbios_gates_GateMutex_Instance_finalize__E)
                  00005170    00000010                   : BIOS.obj (.text:ti_sysbios_knl_Semaphore_Instance_finalize__E)
                  00005180    00000010                   : BIOS.obj (.text:ti_sysbios_knl_Swi_disable__E)
                  00005190    00000010     enc_rtos_pem4f.oem4f (.text:ti_sysbios_knl_Task_Object__get__S)
                  000051a0    00000010     sysbios.aem4f : BIOS.obj (.text:ti_sysbios_knl_Task_disable__E)
                  000051b0    00000010     ti.targets.arm.rtsarm.aem4f : Gate.oem4f (.text:xdc_runtime_Gate_leaveSystem__E)
                  000051c0    00000010                                 : Memory.oem4f (.text:xdc_runtime_Memory_free__E)
                  000051d0    00000010                                 : SysMin.oem4f (.text:xdc_runtime_SysMin_ready__E)
                  000051e0    00000010                                 : System.oem4f (.text:xdc_runtime_System_vsnprintf__E)
                  000051f0    00000010     enc_rtos_pem4f.oem4f (.text:xdc_runtime_Text_visitRope__I)
                  00005200    0000000e     driverlib.lib : gpio.obj (.text:GPIOIntStatus)
                  0000520e    0000000e                   : qei.obj (.text:QEIConfigure)
                  0000521c    0000000e     rtsv7M4_T_le_v4SPD16_eabi.lib : copy_decompress_none.c.obj (.text:decompress:none:__TI_decompress_none)
                  0000522a    00000006     driverlib.lib : gpio.obj (.text:GPIOPinRead)
                  00005230    0000000e     sysbios.aem4f : BIOS.obj (.text:ti_sysbios_knl_Idle_loop__E)
                  0000523e    00000002     --HOLE-- [fill = 0]
                  00005240    0000000e                   : BIOS.obj (.text:ti_sysbios_knl_Queue_empty__E)
                  0000524e    00000002     --HOLE-- [fill = 0]
                  00005250    0000000c     enc_rtos_pem4f.oem4f (.text:.bootCodeSection:ti_catalog_arm_cortexm4_tiva_ce_Boot_init__I)
                  0000525c    0000000c     rtsv7M4_T_le_v4SPD16_eabi.lib : _lock.c.obj (.text:_register_lock)
                  00005268    0000000c                                   : _lock.c.obj (.text:_register_unlock)
                  00005274    0000000c                                   : copy_zero_init.c.obj (.text:decompress:ZI:__TI_zero_init)
                  00005280    0000000c     enc.obj (.text:encGetPosition)
                  0000528c    00000004     --HOLE-- [fill = 0]
                  00005290    0000000c     sysbios.aem4f : BIOS.obj (.text:ti_sysbios_family_arm_lm4_Timer_getMaxTicks__E)
                  0000529c    0000000c     enc_rtos_pem4f.oem4f (.text:ti_sysbios_family_arm_m3_Hwi_Params__init__S)
                  000052a8    0000000c     sysbios.aem4f : BIOS.obj (.text:ti_sysbios_family_arm_m3_Hwi_disableFxn__E)
                  000052b4    00000004     --HOLE-- [fill = 0]
                  000052b8    0000000c                   : BIOS.obj (.text:ti_sysbios_family_arm_m3_TaskSupport_checkStack__E)
                  000052c4    00000004     --HOLE-- [fill = 0]
                  000052c8    0000000c                   : BIOS.obj (.text:ti_sysbios_gates_GateHwi_enter__E)
                  000052d4    0000000c     enc_rtos_pem4f.oem4f (.text:ti_sysbios_knl_Queue_Object__get__S)
                  000052e0    0000000c     ti.targets.arm.rtsarm.aem4f : Error.oem4f (.text:xdc_runtime_Error_init__E)
                  000052ec    0000000c                                 : Gate.oem4f (.text:xdc_runtime_Gate_enterSystem__E)
                  000052f8    0000000c                                 : Memory.oem4f (.text:xdc_runtime_Memory_calloc__E)
                  00005304    0000000c                                 : Memory.oem4f (.text:xdc_runtime_Memory_getMaxDefaultTypeAlign__E)
                  00005310    0000000a     driverlib.lib : qei.obj (.text:QEIEnable)
                  0000531a    0000000a                   : qei.obj (.text:QEIVelocityEnable)
                  00005324    0000000a     enc_rtos_pem4f.oem4f (.text:xdc_runtime_IHeap_alloc)
                  0000532e    0000000a     enc_rtos_pem4f.oem4f (.text:xdc_runtime_IHeap_free)
                  00005338    00000008     sysbios.aem4f : BIOS.obj (.text:ti_sysbios_family_arm_lm4_Timer_masterDisable__I)
                  00005340    00000008                   : BIOS.obj (.text:ti_sysbios_family_arm_m3_Hwi_doSwiRestore__I)
                  00005348    00000008                   : BIOS.obj (.text:ti_sysbios_family_arm_m3_Hwi_startup__E)
                  00005350    00000006     driverlib.lib : gpio.obj (.text:GPIOPinWrite)
                  00005356    00000006     Boot.aem4f : Boot_sysctl.oem4f (.text:ti_catalog_arm_cortexm4_tiva_ce_Boot_sysCtlDelayI__I)
                  0000535c    00000004     --HOLE-- [fill = 0]
                  00005360    00000006     sysbios.aem4f : BIOS.obj (.text:ti_sysbios_family_arm_m3_Hwi_doTaskRestore__I)
                  00005366    00000002     --HOLE-- [fill = 0]
                  00005368    00000006                   : BIOS.obj (.text:ti_sysbios_family_arm_m3_Hwi_restoreFxn__E)
                  0000536e    00000002     --HOLE-- [fill = 0]
                  00005370    00000006                   : BIOS.obj (.text:ti_sysbios_gates_GateHwi_leave__E)
                  00005376    00000002     --HOLE-- [fill = 0]
                  00005378    00000006                   : BIOS.obj (.text:ti_sysbios_heaps_HeapMem_isBlocking__E)
                  0000537e    00000002     --HOLE-- [fill = 0]
                  00005380    00000006                   : BIOS.obj (.text:ti_sysbios_knl_Queue_Instance_init__E)
                  00005386    00000002     --HOLE-- [fill = 0]
                  00005388    00000006                   : BIOS.obj (.text:ti_sysbios_knl_Swi_startup__E)
                  0000538e    00000006     ti.targets.arm.rtsarm.aem4f : System.oem4f (.text:xdc_runtime_System_Module_startup__E)
                  00005394    00000004     --HOLE-- [fill = 0]
                  00005398    00000004     sysbios.aem4f : BIOS.obj (.text:ti_sysbios_gates_GateHwi_query__E)
                  0000539c    00000004     --HOLE-- [fill = 0]
                  000053a0    00000004                   : BIOS.obj (.text:ti_sysbios_gates_GateMutex_query__E)
                  000053a4    00000004     --HOLE-- [fill = 0]
                  000053a8    00000004                   : BIOS.obj (.text:ti_sysbios_knl_Task_startup__E)
                  000053ac    00000004     --HOLE-- [fill = 0]
                  000053b0    00000002                   : BIOS.obj (.text:ti_sysbios_gates_GateHwi_Instance_init__E)
                  000053b2    00000006     --HOLE-- [fill = 0]
                  000053b8    00000002                   : BIOS.obj (.text:ti_sysbios_knl_Clock_logTick__E)

.const     0    000053bc    00001ec7     
                  000053bc    00001886     enc_rtos_pem4f.oem4f (.const:xdc_runtime_Text_charTab__A)
                  00006c42    000000bc     enc_rtos_pem4f.oem4f (.const:xdc_runtime_Text_nodeTab__A)
                  00006cfe    00000002     enc_rtos_pem4f.oem4f (.const:ti_catalog_arm_cortexm4_tiva_ce_Boot_Module__id__C)
                  00006d00    00000090     driverlib.lib : gpio.obj (.const:g_pui32GPIOBaseAddrs)
                  00006d90    00000054     drivers_tivaware.aem4f : GPIOTiva.oem4f (.const:.string)
                  00006de4    00000048     enc_rtos_pem4f.oem4f (.const:.string)
                  00006e2c    00000048     drivers_tivaware.aem4f : GPIOTiva.oem4f (.const:gpioBaseAddresses)
                  00006e74    00000030     enc_rtos_pem4f.oem4f (.const:ti_sysbios_family_arm_m3_Hwi_Object__PARAMS__C)
                  00006ea4    00000028     enc_rtos_pem4f.oem4f (.const:ti_sysbios_heaps_HeapMem_Module__FXNS__C)
                  00006ecc    00000024     enc_rtos_pem4f.oem4f (.const:ti_sysbios_gates_GateHwi_Module__FXNS__C)
                  00006ef0    00000024     enc_rtos_pem4f.oem4f (.const:ti_sysbios_gates_GateMutex_Module__FXNS__C)
                  00006f14    00000024     enc_rtos_pem4f.oem4f (.const:ti_sysbios_heaps_HeapMem_Object__PARAMS__C)
                  00006f38    00000024     enc_rtos_pem4f.oem4f (.const:ti_sysbios_knl_Semaphore_Object__PARAMS__C)
                  00006f5c    00000020     enc_rtos_pem4f.oem4f (.const:ti_sysbios_family_arm_m3_Hwi_Object__DESC__C)
                  00006f7c    00000020     enc_rtos_pem4f.oem4f (.const:ti_sysbios_gates_GateHwi_Object__DESC__C)
                  00006f9c    00000020     enc_rtos_pem4f.oem4f (.const:ti_sysbios_gates_GateMutex_Object__DESC__C)
                  00006fbc    00000020     enc_rtos_pem4f.oem4f (.const:ti_sysbios_heaps_HeapMem_Object__DESC__C)
                  00006fdc    00000020     enc_rtos_pem4f.oem4f (.const:ti_sysbios_knl_Queue_Object__DESC__C)
                  00006ffc    00000020     enc_rtos_pem4f.oem4f (.const:ti_sysbios_knl_Semaphore_Object__DESC__C)
                  0000701c    00000020     enc_rtos_pem4f.oem4f (.const:xdc_runtime_Startup_sfxnTab__A)
                  0000703c    00000018     enc_rtos_pem4f.oem4f (.const:ti_sysbios_gates_GateHwi_Object__PARAMS__C)
                  00007054    00000018     enc_rtos_pem4f.oem4f (.const:ti_sysbios_gates_GateMutex_Object__PARAMS__C)
                  0000706c    00000018     enc_rtos_pem4f.oem4f (.const:ti_sysbios_knl_Queue_Object__PARAMS__C)
                  00007084    00000014     EK_TM4C123GXL.obj (.const:GPIOTiva_config)
                  00007098    00000014     enc_rtos_pem4f.oem4f (.const:xdc_runtime_Startup_firstFxns__A)
                  000070ac    00000010     enc_rtos_pem4f.oem4f (.const:xdc_runtime_Startup_sfxnRts__A)
                  000070bc    00000008     enc_rtos_pem4f.oem4f (.const:ti_sysbios_family_arm_m3_Hwi_excHookFuncs__A)
                  000070c4    00000008     enc_rtos_pem4f.oem4f (.const:ti_sysbios_knl_Idle_funcList__C)
                  000070cc    00000008     enc_rtos_pem4f.oem4f (.const:xdc_runtime_Startup_firstFxns__C)
                  000070d4    00000008     enc_rtos_pem4f.oem4f (.const:xdc_runtime_Startup_lastFxns__C)
                  000070dc    00000004     enc_rtos_pem4f.oem4f (.const:ti_catalog_arm_cortexm4_tiva_ce_Boot_A_mustUseEnhancedClockMode__C)
                  000070e0    00000004     enc_rtos_pem4f.oem4f (.const:ti_catalog_arm_cortexm4_tiva_ce_Boot_Module__diagsEnabled__C)
                  000070e4    00000004     enc_rtos_pem4f.oem4f (.const:ti_catalog_arm_cortexm4_tiva_ce_Boot_Module__diagsIncluded__C)
                  000070e8    00000004     enc_rtos_pem4f.oem4f (.const:ti_catalog_arm_cortexm4_tiva_ce_Boot_Module__diagsMask__C)
                  000070ec    00000004     enc_rtos_pem4f.oem4f (.const:ti_sysbios_family_arm_lm4_Timer_enableFunc__C)
                  000070f0    00000004     enc_rtos_pem4f.oem4f (.const:ti_sysbios_family_arm_lm4_Timer_numTimerDevices__C)
                  000070f4    00000004     enc_rtos_pem4f.oem4f (.const:ti_sysbios_family_arm_lm4_Timer_startupNeeded__C)
                  000070f8    00000004     enc_rtos_pem4f.oem4f (.const:ti_sysbios_family_arm_m3_Hwi_E_NMI__C)
                  000070fc    00000004     enc_rtos_pem4f.oem4f (.const:ti_sysbios_family_arm_m3_Hwi_E_alreadyDefined__C)
                  00007100    00000004     enc_rtos_pem4f.oem4f (.const:ti_sysbios_family_arm_m3_Hwi_E_busFault__C)
                  00007104    00000004     enc_rtos_pem4f.oem4f (.const:ti_sysbios_family_arm_m3_Hwi_E_debugMon__C)
                  00007108    00000004     enc_rtos_pem4f.oem4f (.const:ti_sysbios_family_arm_m3_Hwi_E_hardFault__C)
                  0000710c    00000004     enc_rtos_pem4f.oem4f (.const:ti_sysbios_family_arm_m3_Hwi_E_memFault__C)
                  00007110    00000004     enc_rtos_pem4f.oem4f (.const:ti_sysbios_family_arm_m3_Hwi_E_noIsr__C)
                  00007114    00000004     enc_rtos_pem4f.oem4f (.const:ti_sysbios_family_arm_m3_Hwi_E_reserved__C)
                  00007118    00000004     enc_rtos_pem4f.oem4f (.const:ti_sysbios_family_arm_m3_Hwi_E_svCall__C)
                  0000711c    00000004     enc_rtos_pem4f.oem4f (.const:ti_sysbios_family_arm_m3_Hwi_E_usageFault__C)
                  00007120    00000004     enc_rtos_pem4f.oem4f (.const:ti_sysbios_family_arm_m3_Hwi_NUM_INTERRUPTS__C)
                  00007124    00000004     enc_rtos_pem4f.oem4f (.const:ti_sysbios_family_arm_m3_Hwi_Object__count__C)
                  00007128    00000004     enc_rtos_pem4f.oem4f (.const:ti_sysbios_family_arm_m3_Hwi_ccr__C)
                  0000712c    00000004     enc_rtos_pem4f.oem4f (.const:ti_sysbios_family_arm_m3_Hwi_excHandlerFunc__C)
                  00007130    00000004     enc_rtos_pem4f.oem4f (.const:ti_sysbios_family_arm_m3_Hwi_excHookFuncs__C)
                  00007134    00000004     enc_rtos_pem4f.oem4f (.const:ti_sysbios_family_arm_m3_Hwi_nullIsrFunc__C)
                  00007138    00000004     enc_rtos_pem4f.oem4f (.const:ti_sysbios_family_arm_m3_Hwi_priGroup__C)
                  0000713c    00000004     enc_rtos_pem4f.oem4f (.const:ti_sysbios_gates_GateMutex_A_badContext__C)
                  00007140    00000004     enc_rtos_pem4f.oem4f (.const:ti_sysbios_gates_GateMutex_Instance_State_sem__O)
                  00007144    00000004     enc_rtos_pem4f.oem4f (.const:ti_sysbios_gates_GateMutex_Module__diagsEnabled__C)
                  00007148    00000004     enc_rtos_pem4f.oem4f (.const:ti_sysbios_gates_GateMutex_Module__diagsIncluded__C)
                  0000714c    00000004     enc_rtos_pem4f.oem4f (.const:ti_sysbios_gates_GateMutex_Module__diagsMask__C)
                  00007150    00000004     enc_rtos_pem4f.oem4f (.const:ti_sysbios_hal_Hwi_E_stackOverflow__C)
                  00007154    00000004     enc_rtos_pem4f.oem4f (.const:ti_sysbios_heaps_HeapMem_A_align__C)
                  00007158    00000004     enc_rtos_pem4f.oem4f (.const:ti_sysbios_heaps_HeapMem_A_heapSize__C)
                  0000715c    00000004     enc_rtos_pem4f.oem4f (.const:ti_sysbios_heaps_HeapMem_A_invalidFree__C)
                  00007160    00000004     enc_rtos_pem4f.oem4f (.const:ti_sysbios_heaps_HeapMem_A_zeroBlock__C)
                  00007164    00000004     enc_rtos_pem4f.oem4f (.const:ti_sysbios_heaps_HeapMem_E_memory__C)
                  00007168    00000004     enc_rtos_pem4f.oem4f (.const:ti_sysbios_heaps_HeapMem_Module__diagsEnabled__C)
                  0000716c    00000004     enc_rtos_pem4f.oem4f (.const:ti_sysbios_heaps_HeapMem_Module__diagsIncluded__C)
                  00007170    00000004     enc_rtos_pem4f.oem4f (.const:ti_sysbios_heaps_HeapMem_Module__diagsMask__C)
                  00007174    00000004     enc_rtos_pem4f.oem4f (.const:ti_sysbios_heaps_HeapMem_Module__gateObj__C)
                  00007178    00000004     enc_rtos_pem4f.oem4f (.const:ti_sysbios_heaps_HeapMem_Object__count__C)
                  0000717c    00000004     enc_rtos_pem4f.oem4f (.const:ti_sysbios_heaps_HeapMem_reqAlign__C)
                  00007180    00000004     enc_rtos_pem4f.oem4f (.const:ti_sysbios_knl_Clock_Module_State_clockQ__O)
                  00007184    00000004     enc_rtos_pem4f.oem4f (.const:ti_sysbios_knl_Idle_funcList__A)
                  00007188    00000004     enc_rtos_pem4f.oem4f (.const:ti_sysbios_knl_Semaphore_A_badContext__C)
                  0000718c    00000004     enc_rtos_pem4f.oem4f (.const:ti_sysbios_knl_Semaphore_A_noEvents__C)
                  00007190    00000004     enc_rtos_pem4f.oem4f (.const:ti_sysbios_knl_Semaphore_A_overflow__C)
                  00007194    00000004     enc_rtos_pem4f.oem4f (.const:ti_sysbios_knl_Semaphore_A_pendTaskDisabled__C)
                  00007198    00000004     enc_rtos_pem4f.oem4f (.const:ti_sysbios_knl_Semaphore_Instance_State_pendQ__O)
                  0000719c    00000004     enc_rtos_pem4f.oem4f (.const:ti_sysbios_knl_Semaphore_Module__diagsEnabled__C)
                  000071a0    00000004     enc_rtos_pem4f.oem4f (.const:ti_sysbios_knl_Semaphore_Module__diagsIncluded__C)
                  000071a4    00000004     enc_rtos_pem4f.oem4f (.const:ti_sysbios_knl_Semaphore_Module__diagsMask__C)
                  000071a8    00000004     enc_rtos_pem4f.oem4f (.const:ti_sysbios_knl_Swi_Object__count__C)
                  000071ac    00000004     enc_rtos_pem4f.oem4f (.const:ti_sysbios_knl_Task_A_badTimeout__C)
                  000071b0    00000004     enc_rtos_pem4f.oem4f (.const:ti_sysbios_knl_Task_A_sleepTaskDisabled__C)
                  000071b4    00000004     enc_rtos_pem4f.oem4f (.const:ti_sysbios_knl_Task_E_spOutOfBounds__C)
                  000071b8    00000004     enc_rtos_pem4f.oem4f (.const:ti_sysbios_knl_Task_E_stackOverflow__C)
                  000071bc    00000004     enc_rtos_pem4f.oem4f (.const:ti_sysbios_knl_Task_Module_State_inactiveQ__O)
                  000071c0    00000004     enc_rtos_pem4f.oem4f (.const:ti_sysbios_knl_Task_Module__diagsEnabled__C)
                  000071c4    00000004     enc_rtos_pem4f.oem4f (.const:ti_sysbios_knl_Task_Module__diagsIncluded__C)
                  000071c8    00000004     enc_rtos_pem4f.oem4f (.const:ti_sysbios_knl_Task_Module__diagsMask__C)
                  000071cc    00000004     enc_rtos_pem4f.oem4f (.const:ti_sysbios_knl_Task_Object__count__C)
                  000071d0    00000004     enc_rtos_pem4f.oem4f (.const:ti_sysbios_knl_Task_allBlockedFunc__C)
                  000071d4    00000004     enc_rtos_pem4f.oem4f (.const:ti_sysbios_knl_Task_numConstructedTasks__C)
                  000071d8    00000004     enc_rtos_pem4f.oem4f (.const:xdc_runtime_Assert_E_assertFailed__C)
                  000071dc    00000004     enc_rtos_pem4f.oem4f (.const:xdc_runtime_Core_A_initializedParams__C)
                  000071e0    00000004     enc_rtos_pem4f.oem4f (.const:xdc_runtime_Core_Module__diagsEnabled__C)
                  000071e4    00000004     enc_rtos_pem4f.oem4f (.const:xdc_runtime_Core_Module__diagsIncluded__C)
                  000071e8    00000004     enc_rtos_pem4f.oem4f (.const:xdc_runtime_Core_Module__diagsMask__C)
                  000071ec    00000004     enc_rtos_pem4f.oem4f (.const:xdc_runtime_Error_E_memory__C)
                  000071f0    00000004     enc_rtos_pem4f.oem4f (.const:xdc_runtime_Error_Module__diagsEnabled__C)
                  000071f4    00000004     enc_rtos_pem4f.oem4f (.const:xdc_runtime_Error_Module__diagsIncluded__C)
                  000071f8    00000004     enc_rtos_pem4f.oem4f (.const:xdc_runtime_Error_Module__diagsMask__C)
                  000071fc    00000004     enc_rtos_pem4f.oem4f (.const:xdc_runtime_Error_Module__loggerFxn8__C)
                  00007200    00000004     enc_rtos_pem4f.oem4f (.const:xdc_runtime_Error_Module__loggerObj__C)
                  00007204    00000004     enc_rtos_pem4f.oem4f (.const:xdc_runtime_Error_policyFxn__C)
                  00007208    00000004     enc_rtos_pem4f.oem4f (.const:xdc_runtime_Error_raiseHook__C)
                  0000720c    00000004     enc_rtos_pem4f.oem4f (.const:xdc_runtime_IGateProvider_Interface__BASE__C)
                  00007210    00000004     enc_rtos_pem4f.oem4f (.const:xdc_runtime_IHeap_Interface__BASE__C)
                  00007214    00000004     enc_rtos_pem4f.oem4f (.const:xdc_runtime_IModule_Interface__BASE__C)
                  00007218    00000004     enc_rtos_pem4f.oem4f (.const:xdc_runtime_Log_L_error__C)
                  0000721c    00000004     enc_rtos_pem4f.oem4f (.const:xdc_runtime_Memory_defaultHeapInstance__C)
                  00007220    00000004     enc_rtos_pem4f.oem4f (.const:xdc_runtime_Startup_execImpl__C)
                  00007224    00000004     enc_rtos_pem4f.oem4f (.const:xdc_runtime_Startup_maxPasses__C)
                  00007228    00000004     enc_rtos_pem4f.oem4f (.const:xdc_runtime_Startup_sfxnRts__C)
                  0000722c    00000004     enc_rtos_pem4f.oem4f (.const:xdc_runtime_Startup_sfxnTab__C)
                  00007230    00000004     enc_rtos_pem4f.oem4f (.const:xdc_runtime_SysMin_bufSize__C)
                  00007234    00000004     enc_rtos_pem4f.oem4f (.const:xdc_runtime_SysMin_outputFunc__C)
                  00007238    00000004     enc_rtos_pem4f.oem4f (.const:xdc_runtime_System_Module__gateObj__C)
                  0000723c    00000004     enc_rtos_pem4f.oem4f (.const:xdc_runtime_System_abortFxn__C)
                  00007240    00000004     enc_rtos_pem4f.oem4f (.const:xdc_runtime_System_exitFxn__C)
                  00007244    00000004     enc_rtos_pem4f.oem4f (.const:xdc_runtime_System_extendFxn__C)
                  00007248    00000004     enc_rtos_pem4f.oem4f (.const:xdc_runtime_System_maxAtexitHandlers__C)
                  0000724c    00000004     enc_rtos_pem4f.oem4f (.const:xdc_runtime_Text_charTab__C)
                  00007250    00000004     enc_rtos_pem4f.oem4f (.const:xdc_runtime_Text_nameEmpty__C)
                  00007254    00000004     enc_rtos_pem4f.oem4f (.const:xdc_runtime_Text_nameStatic__C)
                  00007258    00000004     enc_rtos_pem4f.oem4f (.const:xdc_runtime_Text_nameUnknown__C)
                  0000725c    00000004     enc_rtos_pem4f.oem4f (.const:xdc_runtime_Text_nodeTab__C)
                  00007260    00000004     enc_rtos_pem4f.oem4f (.const:xdc_runtime_Text_visitRopeFxn__C)
                  00007264    00000002     enc_rtos_pem4f.oem4f (.const:ti_sysbios_family_arm_m3_Hwi_Module__id__C)
                  00007266    00000002     enc_rtos_pem4f.oem4f (.const:ti_sysbios_gates_GateMutex_Module__id__C)
                  00007268    00000002     enc_rtos_pem4f.oem4f (.const:ti_sysbios_hal_Hwi_Module__id__C)
                  0000726a    00000002     enc_rtos_pem4f.oem4f (.const:ti_sysbios_heaps_HeapMem_Module__id__C)
                  0000726c    00000002     enc_rtos_pem4f.oem4f (.const:ti_sysbios_knl_Semaphore_Module__id__C)
                  0000726e    00000002     enc_rtos_pem4f.oem4f (.const:ti_sysbios_knl_Task_Module__id__C)
                  00007270    00000002     enc_rtos_pem4f.oem4f (.const:xdc_runtime_Core_Module__id__C)
                  00007272    00000002     enc_rtos_pem4f.oem4f (.const:xdc_runtime_Error_Module__loggerDefined__C)
                  00007274    00000002     enc_rtos_pem4f.oem4f (.const:xdc_runtime_Error_maxDepth__C)
                  00007276    00000002     enc_rtos_pem4f.oem4f (.const:xdc_runtime_Memory_Module__id__C)
                  00007278    00000002     enc_rtos_pem4f.oem4f (.const:xdc_runtime_SysMin_flushAtExit__C)
                  0000727a    00000002     enc_rtos_pem4f.oem4f (.const:xdc_runtime_Text_charCnt__C)
                  0000727c    00000002     enc_rtos_pem4f.oem4f (.const:xdc_runtime_Text_isLoaded__C)
                  0000727e    00000002     enc_rtos_pem4f.oem4f (.const:xdc_runtime_Text_registryModsLastId__C)
                  00007280    00000002     enc_rtos_pem4f.oem4f (.const:xdc_runtime_Text_unnamedModsLastId__C)
                  00007282    00000001     enc_rtos_pem4f.oem4f (.const:xdc_runtime_Error_policy__C)

.cinit     0    00007288    00000220     
                  00007288    000001e9     (.cinit..data.load) [load image, compression = lzss]
                  00007471    00000003     --HOLE-- [fill = 0]
                  00007474    0000000c     (__TI_handler_table)
                  00007480    00000008     (.cinit..bss.load) [load image, compression = zero_init]
                  00007488    00000008     (.cinit..vecs.load) [load image, compression = zero_init]
                  00007490    00000018     (__TI_cinit_table)

.init_array 
*          0    00000000    00000000     UNINITIALIZED

.resetVecs 
*          0    00000000    0000003c     
                  00000000    0000003c     enc_rtos_pem4f.oem4f (.resetVecs)

.bss       0    20000360    00000fac     UNINITIALIZED
                  20000360    00000600     enc_rtos_pem4f.oem4f (.bss:taskStackSection)
                  20000960    00000400     (.common:ti_sysbios_heaps_HeapMem_Instance_State_0_buf__A)
                  20000d60    00000360     (.common:ti_sysbios_family_arm_m3_Hwi_dispatchTable)
                  200010c0    00000120     rtsv7M4_T_le_v4SPD16_eabi.lib : trgmsg.c.obj (.bss:_CIOBUF_)
                  200011e0    00000090     drivers_tivaware.aem4f : GPIOTiva.oem4f (.bss:gpioCallbackInfo)
                  20001270    00000080     (.common:xdc_runtime_SysMin_Module_State_0_outbuf__A)
                  200012f0    00000008     (.common:parmbuf)
                  200012f8    00000004     (.common:enc0_pos)
                  200012fc    00000004     (.common:enc0_vel)
                  20001300    00000004     (.common:enc1_pos)
                  20001304    00000004     (.common:enc1_vel)
                  20001308    00000004     (.common:gpioInterruptVectors)

.data      0    2000130c    00000496     UNINITIALIZED
                  2000130c    000000e4     enc_rtos_pem4f.oem4f (.data:ti_sysbios_knl_Task_Object__table__V)
                  200013f0    00000080     enc_rtos_pem4f.oem4f (.data:ti_sysbios_knl_Swi_Module_State_0_readyQ__A)
                  20001470    00000080     enc_rtos_pem4f.oem4f (.data:ti_sysbios_knl_Task_Module_State_0_readyQ__A)
                  200014f0    00000044     enc_rtos_pem4f.oem4f (.data:ti_sysbios_knl_Task_Module__state__V)
                  20001534    00000040     enc_rtos_pem4f.oem4f (.data:ti_sysbios_family_arm_lm4_Timer_Object__table__V)
                  20001574    00000038     enc_rtos_pem4f.oem4f (.data:ti_sysbios_gates_GateMutex_Object__table__V)
                  200015ac    00000034     enc_rtos_pem4f.oem4f (.data:ti_sysbios_family_arm_m3_Hwi_Module__state__V)
                  200015e0    00000030     enc_rtos_pem4f.oem4f (.data:ti_sysbios_family_arm_lm4_Timer_Module_State_0_device__A)
                  20001610    00000030     enc_rtos_pem4f.oem4f (.data:ti_sysbios_knl_Swi_Object__table__V)
                  20001640    0000002c     enc_rtos_pem4f.oem4f (.data:ti_sysbios_knl_Clock_Module__state__V)
                  2000166c    00000024     enc_rtos_pem4f.oem4f (.data:ti_sysbios_BIOS_Module__state__V)
                  20001690    0000001c     enc_rtos_pem4f.oem4f (.data:ti_sysbios_knl_Swi_Module__state__V)
                  200016ac    00000018     enc_rtos_pem4f.oem4f (.data:ti_sysbios_family_arm_lm4_Timer_Module_State_0_handles__A)
                  200016c4    00000018     enc_rtos_pem4f.oem4f (.data:ti_sysbios_family_arm_m3_Hwi_Object__table__V)
                  200016dc    00000018     enc_rtos_pem4f.oem4f (.data:ti_sysbios_heaps_HeapMem_Object__table__V)
                  200016f4    00000014     EK_TM4C123GXL.obj (.data:gpioPinConfigs)
                  20001708    0000000c     enc_rtos_pem4f.oem4f (.data:ti_sysbios_family_arm_lm4_Timer_Module__state__V)
                  20001714    0000000c     enc_rtos_pem4f.oem4f (.data:xdc_runtime_SysMin_Module__state__V)
                  20001720    00000008     rtsv7M4_T_le_v4SPD16_eabi.lib : _lock.c.obj (.data:$O1$$)
                  20001728    00000008     EK_TM4C123GXL.obj (.data:gpioCallbackFunctions)
                  20001730    00000008     enc_rtos_pem4f.oem4f (.data:ti_sysbios_family_arm_m3_Hwi_Module__root__V)
                  20001738    00000008     enc_rtos_pem4f.oem4f (.data:ti_sysbios_gates_GateHwi_Module__root__V)
                  20001740    00000008     enc_rtos_pem4f.oem4f (.data:ti_sysbios_gates_GateMutex_Module__root__V)
                  20001748    00000008     enc_rtos_pem4f.oem4f (.data:ti_sysbios_heaps_HeapMem_Module__root__V)
                  20001750    00000008     enc_rtos_pem4f.oem4f (.data:ti_sysbios_knl_Queue_Module__root__V)
                  20001758    00000008     enc_rtos_pem4f.oem4f (.data:ti_sysbios_knl_Semaphore_Module__root__V)
                  20001760    00000008     enc_rtos_pem4f.oem4f (.data:xdc_runtime_Registry_Module__state__V)
                  20001768    00000008     enc_rtos_pem4f.oem4f (.data:xdc_runtime_Startup_Module__state__V)
                  20001770    00000008     enc_rtos_pem4f.oem4f (.data:xdc_runtime_System_Module_State_0_atexitHandlers__A)
                  20001778    00000008     enc_rtos_pem4f.oem4f (.data:xdc_runtime_System_Module__state__V)
                  20001780    00000005     drivers_tivaware.aem4f : GPIOTiva.oem4f (.data)
                  20001785    00000001     --HOLE--
                  20001786    00000002     enc_rtos_pem4f.oem4f (.data:ti_sysbios_family_arm_m3_Hwi_Module_State_0_excActive__A)
                  20001788    00000004     rtsv7M4_T_le_v4SPD16_eabi.lib : stkdepth_vars.c.obj (.data)
                  2000178c    00000004     enc_rtos_pem4f.oem4f (.data:ti_sysbios_family_arm_m3_Hwi_Module_State_0_excContext__A)
                  20001790    00000004     enc_rtos_pem4f.oem4f (.data:ti_sysbios_family_arm_m3_Hwi_Module_State_0_excStack__A)
                  20001794    00000004     enc_rtos_pem4f.oem4f (.data:ti_sysbios_gates_GateHwi_Object__table__V)
                  20001798    00000004     enc_rtos_pem4f.oem4f (.data:ti_sysbios_knl_Task_Module_State_0_idleTask__A)
                  2000179c    00000004     enc_rtos_pem4f.oem4f (.data:xdc_runtime_Memory_Module__state__V)
                  200017a0    00000002     enc_rtos_pem4f.oem4f (.data:xdc_runtime_Error_Module__state__V)

.stack     0    200017a8    00000300     UNINITIALIZED
                  200017a8    00000300     --HOLE--

.bootVecs 
*          0    00000000    00000008     DSECT
                  00000000    00000008     boot.aem4f : boot.oem4f (.bootVecs)

.vecs      0    20000000    00000360     UNINITIALIZED
                  20000000    00000360     enc_rtos_pem4f.oem4f (.vecs)

xdc.meta   0    00000000    000000e4     COPY SECTION
                  00000000    000000e4     enc_rtos_pem4f.oem4f (xdc.meta)

MODULE SUMMARY

       Module                       code    ro data   rw data
       ------                       ----    -------   -------
    .\
       main_enc.obj                 244     0         16     
    +--+----------------------------+-------+---------+---------+
       Total:                       244     0         16     
                                                             
    .\project_includes\
       enc.obj                      308     0         0      
       EK_TM4C123GXL.obj            112     20        28     
    +--+----------------------------+-------+---------+---------+
       Total:                       420     20        28     
                                                             
    C:\Users\Julio\workspace_v8\Quad_Encoder\Debug\configPkg\package\cfg\
       enc_rtos_pem4f.oem4f         1558    7619      5544   
    +--+----------------------------+-------+---------+---------+
       Total:                       1558    7619      5544   
                                                             
    C:/ti/tirtos_tivac_2_16_00_08/products/TivaWare_C_Series-2.1.1.71b/driverlib/ccs/Debug/driverlib.lib
       gpio.obj                     572     144       0      
       sysctl.obj                   108     0         0      
       qei.obj                      58      0         0      
    +--+----------------------------+-------+---------+---------+
       Total:                       738     144       0      
                                                             
    C:/ti/tirtos_tivac_2_16_00_08/products/tidrivers_tivac_2_16_00_08/packages/ti/drivers/lib/drivers_tivaware.aem4f
       GPIOTiva.oem4f               844     156       153    
    +--+----------------------------+-------+---------+---------+
       Total:                       844     156       153    
                                                             
    C:\Users\Julio\workspace_v8\Quad_Encoder\src\sysbios\sysbios.aem4f
       BIOS.obj                     10906   0         0      
       m3_Hwi_asm.obj               314     0         0      
       m3_TaskSupport_asm.obj       180     0         0      
       m3_Hwi_asm_switch.obj        118     0         0      
    +--+----------------------------+-------+---------+---------+
       Total:                       11518   0         0      
                                                             
    C:\ti\ccsv8\tools\compiler\ti-cgt-arm_18.1.4.LTS\lib\rtsv7M4_T_le_v4SPD16_eabi.lib
       trgmsg.c.obj                 108     0         288    
       fd_mul_t2.asm.obj            252     0         0      
       memcpy_t2.asm.obj            156     0         0      
       memset_t2.asm.obj            122     0         0      
       fd_tos_t2.asm.obj            110     0         0      
       copy_decompress_lzss.c.obj   104     0         0      
       hostwrite.c.obj              88      0         0      
       cpy_tbl.c.obj                76      0         0      
       u_divt2.asm.obj              64      0         0      
       _lock.c.obj                  26      0         8      
       u_tofd_t2.asm.obj            32      0         0      
       args_main.c.obj              24      0         0      
       strlen.c.obj                 20      0         0      
       copy_decompress_none.c.obj   14      0         0      
       copy_zero_init.c.obj         12      0         0      
       hostopen.c.obj               0       0         8      
       exit.c.obj                   4       0         0      
       stkdepth_vars.c.obj          0       0         4      
       div0.asm.obj                 2       0         0      
    +--+----------------------------+-------+---------+---------+
       Total:                       1214    0         308    
                                                             
    C:\ti\tirtos_tivac_2_16_00_08\products\bios_6_45_01_29\packages\ti\catalog\arm\cortexm4\tiva\ce\lib\Boot.aem4f
       Boot_sysctl.oem4f            262     0         0      
       Boot.oem4f                   152     0         0      
    +--+----------------------------+-------+---------+---------+
       Total:                       414     0         0      
                                                             
    C:\ti\tirtos_tivac_2_16_00_08\products\bios_6_45_01_29\packages\ti\targets\arm\rtsarm\lib\auto_init.aem4f
       auto_init.oem4f              160     0         0      
    +--+----------------------------+-------+---------+---------+
       Total:                       160     0         0      
                                                             
    C:\ti\tirtos_tivac_2_16_00_08\products\bios_6_45_01_29\packages\ti\targets\arm\rtsarm\lib\boot.aem4f
       boot.oem4f                   88      0         0      
    +--+----------------------------+-------+---------+---------+
       Total:                       88      0         0      
                                                             
    C:\ti\tirtos_tivac_2_16_00_08\products\bios_6_45_01_29\packages\ti\targets\arm\rtsarm\lib\ti.targets.arm.rtsarm.aem4f
       System.oem4f                 1255    0         0      
       Text.oem4f                   672     0         0      
       Error.oem4f                  524     0         0      
       Core-mem.oem4f               358     0         0      
       Startup.oem4f                328     0         0      
       SysMin.oem4f                 248     0         0      
       Core-smem.oem4f              204     0         0      
       Memory.oem4f                 176     0         0      
       Assert.oem4f                 84      0         0      
       Core-params.oem4f            70      0         0      
       Core-label.oem4f             52      0         0      
       Registry.oem4f               32      0         0      
       Gate.oem4f                   28      0         0      
    +--+----------------------------+-------+---------+---------+
       Total:                       4031    0         0      
                                                             
       Stack:                       0       0         768    
       Linker Generated:            0       541       0      
    +--+----------------------------+-------+---------+---------+
       Grand Total:                 21229   8480      6817   


LINKER GENERATED COPY TABLES

__TI_cinit_table @ 00007490 records: 3, size/record: 8, table size: 24
	.data: load addr=00007288, load size=000001e9 bytes, run addr=2000130c, run size=00000496 bytes, compression=lzss
	.bss: load addr=00007480, load size=00000008 bytes, run addr=20000360, run size=00000fac bytes, compression=zero_init
	.vecs: load addr=00007488, load size=00000008 bytes, run addr=20000000, run size=00000360 bytes, compression=zero_init


LINKER GENERATED HANDLER TABLE

__TI_handler_table @ 00007474 records: 3, size/record: 4, table size: 12
	index: 0, handler: __TI_decompress_lzss
	index: 1, handler: __TI_decompress_none
	index: 2, handler: __TI_zero_init


GLOBAL SYMBOLS: SORTED ALPHABETICALLY BY Name 

address   name                                                              
-------   ----                                                              
0000114d  C$$EXIT                                                           
00004453  C$$IO$$                                                           
000046ed  EK_TM4C123GXL_initGPIO                                            
00004271  EK_TM4C123GXL_initGeneral                                         
000049e1  GPIODirModeSet                                                    
00004dbb  GPIOIntClear                                                      
00005201  GPIOIntStatus                                                     
00003b91  GPIOIntTypeSet                                                    
00001b2d  GPIOPadConfigSet                                                  
00003fad  GPIOPinConfigure                                                  
0000522b  GPIOPinRead                                                       
000050c5  GPIOPinTypeGPIOInput                                              
000050d7  GPIOPinTypeQEI                                                    
00005351  GPIOPinWrite                                                      
00007084  GPIOTiva_config                                                   
0000365d  GPIO_hwiIntFxn                                                    
0000306d  GPIO_init                                                         
00003c91  GPIO_setCallback                                                  
0000161d  GPIO_setConfig                                                    
00003ce1  GPIO_toggle                                                       
00003d31  GPIO_write                                                        
00003ae1  HOSTwrite                                                         
0000520f  QEIConfigure                                                      
00005311  QEIEnable                                                         
000007bd  QEIPositionGet                                                    
0000510d  QEIVelocityConfigure                                              
0000531b  QEIVelocityEnable                                                 
00000cfd  QEIVelocityGet                                                    
UNDEFED   SHT$$INIT_ARRAY$$Base                                             
UNDEFED   SHT$$INIT_ARRAY$$Limit                                            
00004541  SysCtlPeripheralEnable                                            
000043ed  SysCtlPeripheralReady                                             
00000000  __ASM__                                                           
200010c0  __CIOBUF_                                                         
00000062  __ISA__                                                           
00000075  __PLAT__                                                          
20001aa8  __STACK_END                                                       
00000300  __STACK_SIZE                                                      
00000096  __TARG__                                                          
00007490  __TI_CINIT_Base                                                   
000074a8  __TI_CINIT_Limit                                                  
00007474  __TI_Handler_Table_Base                                           
00007480  __TI_Handler_Table_Limit                                          
00002b01  __TI_auto_init                                                    
0000358d  __TI_decompress_lzss                                              
0000521d  __TI_decompress_none                                              
ffffffff  __TI_pprof_out_hndl                                               
ffffffff  __TI_prof_data_size                                               
ffffffff  __TI_prof_data_start                                              
00004575  __TI_readmsg                                                      
00007288  __TI_static_base__                                                
00004425  __TI_writemsg                                                     
00005275  __TI_zero_init                                                    
000000bc  __TRDR__                                                          
00003369  __aeabi_d2f                                                       
00002075  __aeabi_dmul                                                      
00003287  __aeabi_idiv0                                                     
00003287  __aeabi_ldiv0                                                     
0000320d  __aeabi_memclr                                                    
0000320d  __aeabi_memclr4                                                   
0000320d  __aeabi_memclr8                                                   
00002c41  __aeabi_memcpy                                                    
00002c41  __aeabi_memcpy4                                                   
00002c41  __aeabi_memcpy8                                                   
0000320f  __aeabi_memset                                                    
0000320f  __aeabi_memset4                                                   
0000320f  __aeabi_memset8                                                   
00004c3d  __aeabi_ui2d                                                      
000042b1  __aeabi_uidiv                                                     
000042b1  __aeabi_uidivmod                                                  
ffffffff  __binit__                                                         
ffffffff  __c_args__                                                        
200017a8  __stack                                                           
00004f55  _args_main                                                        
00003a89  _c_int00                                                          
20001720  _lock                                                             
00002e17  _nop                                                              
0000525d  _register_lock                                                    
00005269  _register_unlock                                                  
20001724  _unlock                                                           
0000114d  abort                                                             
ffffffff  binit                                                             
00003e71  copy_in                                                           
200012f8  enc0_pos                                                          
200012fc  enc0_vel                                                          
20001300  enc1_pos                                                          
20001304  enc1_vel                                                          
00005281  encGetPosition                                                    
00004a35  encGetVelocity                                                    
00001d75  encInit                                                           
20001728  gpioCallbackFunctions                                             
200016f4  gpioPinConfigs                                                    
0000511d  heartBeat_TASK                                                    
00002fdd  main                                                              
20001788  main_func_sp                                                      
00002c41  memcpy                                                            
00003215  memset                                                            
000051a1  osi_TaskDisable                                                   
00005141  osi_start                                                         
200012f0  parmbuf                                                           
00003be9  speedLoop_TASK                                                    
0000505f  strlen                                                            
000070dc  ti_catalog_arm_cortexm4_tiva_ce_Boot_A_mustUseEnhancedClockMode__C
000070e0  ti_catalog_arm_cortexm4_tiva_ce_Boot_Module__diagsEnabled__C      
000070e4  ti_catalog_arm_cortexm4_tiva_ce_Boot_Module__diagsIncluded__C     
000070e8  ti_catalog_arm_cortexm4_tiva_ce_Boot_Module__diagsMask__C         
00006cfe  ti_catalog_arm_cortexm4_tiva_ce_Boot_Module__id__C                
00005251  ti_catalog_arm_cortexm4_tiva_ce_Boot_init__I                      
00001e75  ti_catalog_arm_cortexm4_tiva_ce_Boot_sysCtlClockSetI__I           
00002e19  ti_catalog_arm_cortexm4_tiva_ce_Boot_sysCtlClockSet__E            
00005357  ti_catalog_arm_cortexm4_tiva_ce_Boot_sysCtlDelayI__I              
2000166c  ti_sysbios_BIOS_Module__state__V                                  
00004eb9  ti_sysbios_BIOS_RtsGateProxy_Handle__label__S                     
00004b65  ti_sysbios_BIOS_RtsGateProxy_Object__delete__S                    
000014b5  ti_sysbios_BIOS_RtsGateProxy_enter__E                             
0000176d  ti_sysbios_BIOS_RtsGateProxy_leave__E                             
000053a1  ti_sysbios_BIOS_RtsGateProxy_query__E                             
0000471d  ti_sysbios_BIOS_atExitFunc__I                                     
00004ad5  ti_sysbios_BIOS_errorRaiseHook__I                                 
00005049  ti_sysbios_BIOS_exitFunc__I                                       
000033d7  ti_sysbios_BIOS_nullFunc__I                                       
00004af9  ti_sysbios_BIOS_registerRTSLock__I                                
00004b1d  ti_sysbios_BIOS_removeRTSLock__I                                  
00004c5d  ti_sysbios_BIOS_rtsLock__I                                        
00004f6d  ti_sysbios_BIOS_rtsUnlock__I                                      
00005131  ti_sysbios_BIOS_setThreadType__E                                  
00004b41  ti_sysbios_BIOS_startFunc__I                                      
00005141  ti_sysbios_BIOS_start__E                                          
200015e0  ti_sysbios_family_arm_lm4_Timer_Module_State_0_device__A          
200016ac  ti_sysbios_family_arm_lm4_Timer_Module_State_0_handles__A         
00004f85  ti_sysbios_family_arm_lm4_Timer_Module__startupDone__F            
00004f85  ti_sysbios_family_arm_lm4_Timer_Module__startupDone__S            
20001708  ti_sysbios_family_arm_lm4_Timer_Module__state__V                  
000036c1  ti_sysbios_family_arm_lm4_Timer_Module_startup__E                 
20001534  ti_sysbios_family_arm_lm4_Timer_Object__table__V                  
000070ec  ti_sysbios_family_arm_lm4_Timer_enableFunc__C                     
000029b1  ti_sysbios_family_arm_lm4_Timer_enableTimers__I                   
00002901  ti_sysbios_family_arm_lm4_Timer_enableTiva__I                     
00005291  ti_sysbios_family_arm_lm4_Timer_getMaxTicks__E                    
000037f1  ti_sysbios_family_arm_lm4_Timer_isrStub__E                        
00005339  ti_sysbios_family_arm_lm4_Timer_masterDisable__I                  
000019f5  ti_sysbios_family_arm_lm4_Timer_masterEnable__I                   
000070f0  ti_sysbios_family_arm_lm4_Timer_numTimerDevices__C                
000019f9  ti_sysbios_family_arm_lm4_Timer_start__E                          
000070f4  ti_sysbios_family_arm_lm4_Timer_startupNeeded__C                  
000042f1  ti_sysbios_family_arm_lm4_Timer_startup__E                        
00004751  ti_sysbios_family_arm_lm4_Timer_stop__E                           
00004bf9  ti_sysbios_family_arm_lm4_Timer_write__I                          
000070f8  ti_sysbios_family_arm_m3_Hwi_E_NMI__C                             
000070fc  ti_sysbios_family_arm_m3_Hwi_E_alreadyDefined__C                  
00007100  ti_sysbios_family_arm_m3_Hwi_E_busFault__C                        
00007104  ti_sysbios_family_arm_m3_Hwi_E_debugMon__C                        
00007108  ti_sysbios_family_arm_m3_Hwi_E_hardFault__C                       
0000710c  ti_sysbios_family_arm_m3_Hwi_E_memFault__C                        
00007110  ti_sysbios_family_arm_m3_Hwi_E_noIsr__C                           
00007114  ti_sysbios_family_arm_m3_Hwi_E_reserved__C                        
00007118  ti_sysbios_family_arm_m3_Hwi_E_svCall__C                          
0000711c  ti_sysbios_family_arm_m3_Hwi_E_usageFault__C                      
00004e85  ti_sysbios_family_arm_m3_Hwi_Handle__label__S                     
000045a9  ti_sysbios_family_arm_m3_Hwi_Instance_finalize__E                 
00002eb1  ti_sysbios_family_arm_m3_Hwi_Instance_init__E                     
20001786  ti_sysbios_family_arm_m3_Hwi_Module_State_0_excActive__A          
2000178c  ti_sysbios_family_arm_m3_Hwi_Module_State_0_excContext__A         
20001790  ti_sysbios_family_arm_m3_Hwi_Module_State_0_excStack__A           
00007264  ti_sysbios_family_arm_m3_Hwi_Module__id__C                        
20001730  ti_sysbios_family_arm_m3_Hwi_Module__root__V                      
00004f9d  ti_sysbios_family_arm_m3_Hwi_Module__startupDone__F               
00004f9d  ti_sysbios_family_arm_m3_Hwi_Module__startupDone__S               
200015ac  ti_sysbios_family_arm_m3_Hwi_Module__state__V                     
00003d81  ti_sysbios_family_arm_m3_Hwi_Module_startup__E                    
00007120  ti_sysbios_family_arm_m3_Hwi_NUM_INTERRUPTS__C                    
00006f5c  ti_sysbios_family_arm_m3_Hwi_Object__DESC__C                      
00006e74  ti_sysbios_family_arm_m3_Hwi_Object__PARAMS__C                    
00007124  ti_sysbios_family_arm_m3_Hwi_Object__count__C                     
00005075  ti_sysbios_family_arm_m3_Hwi_Object__get__S                       
200016c4  ti_sysbios_family_arm_m3_Hwi_Object__table__V                     
0000529d  ti_sysbios_family_arm_m3_Hwi_Params__init__S                      
00007128  ti_sysbios_family_arm_m3_Hwi_ccr__C                               
00003725  ti_sysbios_family_arm_m3_Hwi_create                               
000052a9  ti_sysbios_family_arm_m3_Hwi_disableFxn__E                        
00003ff9  ti_sysbios_family_arm_m3_Hwi_disableInterrupt__E                  
00003789  ti_sysbios_family_arm_m3_Hwi_dispatchC__I                         
20000d60  ti_sysbios_family_arm_m3_Hwi_dispatchTable                        
00002361  ti_sysbios_family_arm_m3_Hwi_dispatch__I                          
00005341  ti_sysbios_family_arm_m3_Hwi_doSwiRestore__I                      
00005361  ti_sysbios_family_arm_m3_Hwi_doTaskRestore__I                     
[...]
00005231  ti_sysbios_knl_Idle_loop__E                                       
00005241  ti_sysbios_knl_Queue_empty__E                                     
00005251  ti_catalog_arm_cortexm4_tiva_ce_Boot_init__I                      
0000525d  _register_lock                                                    
00005269  _register_unlock                                                  
00005275  __TI_zero_init                                                    
00005281  encGetPosition                                                    
00005291  ti_sysbios_family_arm_lm4_Timer_getMaxTicks__E                    
0000529d  ti_sysbios_family_arm_m3_Hwi_Params__init__S                      
0000529d  ti_sysbios_hal_Hwi_HwiProxy_Params__init__S                       
000052a9  ti_sysbios_family_arm_m3_Hwi_disableFxn__E                        
000052a9  ti_sysbios_hal_Hwi_HwiProxy_disable__E                            
000052b9  ti_sysbios_family_arm_m3_TaskSupport_checkStack__E                
000052b9  ti_sysbios_knl_Task_SupportProxy_checkStack__E                    
000052c9  ti_sysbios_gates_GateHwi_enter__E                                 
000052d5  ti_sysbios_knl_Queue_Object__get__S                               
000052e1  xdc_runtime_Error_init__E                                         
000052ed  xdc_runtime_Gate_enterSystem__E                                   
000052f9  xdc_runtime_Memory_calloc__E                                      
00005305  xdc_runtime_Memory_getMaxDefaultTypeAlign__E                      
00005311  QEIEnable                                                         
0000531b  QEIVelocityEnable                                                 
00005325  xdc_runtime_Memory_HeapProxy_alloc__E                             
0000532f  xdc_runtime_Memory_HeapProxy_free__E                              
00005339  ti_sysbios_family_arm_lm4_Timer_masterDisable__I                  
00005341  ti_sysbios_family_arm_m3_Hwi_doSwiRestore__I                      
00005349  ti_sysbios_family_arm_m3_Hwi_startup__E                           
00005349  ti_sysbios_hal_Hwi_HwiProxy_startup__E                            
00005349  ti_sysbios_hal_Hwi_startup__E                                     
00005351  GPIOPinWrite                                                      
00005357  ti_catalog_arm_cortexm4_tiva_ce_Boot_sysCtlDelayI__I              
00005361  ti_sysbios_family_arm_m3_Hwi_doTaskRestore__I                     
00005369  ti_sysbios_family_arm_m3_Hwi_restoreFxn__E                        
00005369  ti_sysbios_hal_Hwi_HwiProxy_restore__E                            
00005371  ti_sysbios_gates_GateHwi_leave__E                                 
00005379  ti_sysbios_heaps_HeapMem_isBlocking__E                            
00005381  ti_sysbios_knl_Queue_Instance_init__E                             
00005389  ti_sysbios_knl_Swi_startup__E                                     
0000538f  xdc_runtime_System_Module_startup__E                              
00005399  ti_sysbios_gates_GateHwi_query__E                                 
00005399  xdc_runtime_Main_Module_GateProxy_query__E                        
00005399  xdc_runtime_System_Module_GateProxy_query__E                      
000053a1  ti_sysbios_BIOS_RtsGateProxy_query__E                             
000053a1  ti_sysbios_gates_GateMutex_query__E                               
000053a1  ti_sysbios_heaps_HeapMem_Module_GateProxy_query__E                
000053a9  ti_sysbios_knl_Task_startup__E                                    
000053b1  ti_sysbios_gates_GateHwi_Instance_init__E                         
000053b9  ti_sysbios_knl_Clock_logTick__E                                   
000053bc  xdc_runtime_Text_charTab__A                                       
00006c42  xdc_runtime_Text_nodeTab__A                                       
00006cfe  ti_catalog_arm_cortexm4_tiva_ce_Boot_Module__id__C                
00006e74  ti_sysbios_family_arm_m3_Hwi_Object__PARAMS__C                    
00006ea4  ti_sysbios_heaps_HeapMem_Module__FXNS__C                          
00006ecc  ti_sysbios_gates_GateHwi_Module__FXNS__C                          
00006ef0  ti_sysbios_gates_GateMutex_Module__FXNS__C                        
00006f14  ti_sysbios_heaps_HeapMem_Object__PARAMS__C                        
00006f38  ti_sysbios_knl_Semaphore_Object__PARAMS__C                        
00006f5c  ti_sysbios_family_arm_m3_Hwi_Object__DESC__C                      
00006f7c  ti_sysbios_gates_GateHwi_Object__DESC__C                          
00006f9c  ti_sysbios_gates_GateMutex_Object__DESC__C                        
00006fbc  ti_sysbios_heaps_HeapMem_Object__DESC__C                          
00006fdc  ti_sysbios_knl_Queue_Object__DESC__C                              
00006ffc  ti_sysbios_knl_Semaphore_Object__DESC__C                          
0000701c  xdc_runtime_Startup_sfxnTab__A                                    
0000703c  ti_sysbios_gates_GateHwi_Object__PARAMS__C                        
00007054  ti_sysbios_gates_GateMutex_Object__PARAMS__C                      
0000706c  ti_sysbios_knl_Queue_Object__PARAMS__C                            
00007084  GPIOTiva_config                                                   
00007098  xdc_runtime_Startup_firstFxns__A                                  
000070ac  xdc_runtime_Startup_sfxnRts__A                                    
000070bc  ti_sysbios_family_arm_m3_Hwi_excHookFuncs__A                      
000070c4  ti_sysbios_knl_Idle_funcList__C                                   
000070cc  xdc_runtime_Startup_firstFxns__C                                  
000070d4  xdc_runtime_Startup_lastFxns__C                                   
000070dc  ti_catalog_arm_cortexm4_tiva_ce_Boot_A_mustUseEnhancedClockMode__C
000070e0  ti_catalog_arm_cortexm4_tiva_ce_Boot_Module__diagsEnabled__C      
000070e4  ti_catalog_arm_cortexm4_tiva_ce_Boot_Module__diagsIncluded__C     
000070e8  ti_catalog_arm_cortexm4_tiva_ce_Boot_Module__diagsMask__C         
000070ec  ti_sysbios_family_arm_lm4_Timer_enableFunc__C                     
000070f0  ti_sysbios_family_arm_lm4_Timer_numTimerDevices__C                
000070f4  ti_sysbios_family_arm_lm4_Timer_startupNeeded__C                  
000070f8  ti_sysbios_family_arm_m3_Hwi_E_NMI__C                             
000070fc  ti_sysbios_family_arm_m3_Hwi_E_alreadyDefined__C                  
00007100  ti_sysbios_family_arm_m3_Hwi_E_busFault__C                        
00007104  ti_sysbios_family_arm_m3_Hwi_E_debugMon__C                        
00007108  ti_sysbios_family_arm_m3_Hwi_E_hardFault__C                       
0000710c  ti_sysbios_family_arm_m3_Hwi_E_memFault__C                        
00007110  ti_sysbios_family_arm_m3_Hwi_E_noIsr__C                           
00007114  ti_sysbios_family_arm_m3_Hwi_E_reserved__C                        
00007118  ti_sysbios_family_arm_m3_Hwi_E_svCall__C                          
0000711c  ti_sysbios_family_arm_m3_Hwi_E_usageFault__C                      
00007120  ti_sysbios_family_arm_m3_Hwi_NUM_INTERRUPTS__C                    
00007124  ti_sysbios_family_arm_m3_Hwi_Object__count__C                     
00007128  ti_sysbios_family_arm_m3_Hwi_ccr__C                               
0000712c  ti_sysbios_family_arm_m3_Hwi_excHandlerFunc__C                    
00007130  ti_sysbios_family_arm_m3_Hwi_excHookFuncs__C                      
00007134  ti_sysbios_family_arm_m3_Hwi_nullIsrFunc__C                       
00007138  ti_sysbios_family_arm_m3_Hwi_priGroup__C                          
0000713c  ti_sysbios_gates_GateMutex_A_badContext__C                        
00007140  ti_sysbios_gates_GateMutex_Instance_State_sem__O                  
00007144  ti_sysbios_gates_GateMutex_Module__diagsEnabled__C                
00007148  ti_sysbios_gates_GateMutex_Module__diagsIncluded__C               
0000714c  ti_sysbios_gates_GateMutex_Module__diagsMask__C                   
00007150  ti_sysbios_hal_Hwi_E_stackOverflow__C                             
00007154  ti_sysbios_heaps_HeapMem_A_align__C                               
00007158  ti_sysbios_heaps_HeapMem_A_heapSize__C                            
0000715c  ti_sysbios_heaps_HeapMem_A_invalidFree__C                         
00007160  ti_sysbios_heaps_HeapMem_A_zeroBlock__C                           
00007164  ti_sysbios_heaps_HeapMem_E_memory__C                              
00007168  ti_sysbios_heaps_HeapMem_Module__diagsEnabled__C                  
0000716c  ti_sysbios_heaps_HeapMem_Module__diagsIncluded__C                 
00007170  ti_sysbios_heaps_HeapMem_Module__diagsMask__C                     
00007174  ti_sysbios_heaps_HeapMem_Module__gateObj__C                       
00007178  ti_sysbios_heaps_HeapMem_Object__count__C                         
0000717c  ti_sysbios_heaps_HeapMem_reqAlign__C                              
00007180  ti_sysbios_knl_Clock_Module_State_clockQ__O                       
00007184  ti_sysbios_knl_Idle_funcList__A                                   
00007188  ti_sysbios_knl_Semaphore_A_badContext__C                          
0000718c  ti_sysbios_knl_Semaphore_A_noEvents__C                            
00007190  ti_sysbios_knl_Semaphore_A_overflow__C                            
00007194  ti_sysbios_knl_Semaphore_A_pendTaskDisabled__C                    
00007198  ti_sysbios_knl_Semaphore_Instance_State_pendQ__O                  
0000719c  ti_sysbios_knl_Semaphore_Module__diagsEnabled__C                  
000071a0  ti_sysbios_knl_Semaphore_Module__diagsIncluded__C                 
000071a4  ti_sysbios_knl_Semaphore_Module__diagsMask__C                     
000071a8  ti_sysbios_knl_Swi_Object__count__C                               
000071ac  ti_sysbios_knl_Task_A_badTimeout__C                               
000071b0  ti_sysbios_knl_Task_A_sleepTaskDisabled__C                        
000071b4  ti_sysbios_knl_Task_E_spOutOfBounds__C                            
000071b8  ti_sysbios_knl_Task_E_stackOverflow__C                            
000071bc  ti_sysbios_knl_Task_Module_State_inactiveQ__O                     
000071c0  ti_sysbios_knl_Task_Module__diagsEnabled__C                       
000071c4  ti_sysbios_knl_Task_Module__diagsIncluded__C                      
000071c8  ti_sysbios_knl_Task_Module__diagsMask__C                          
000071cc  ti_sysbios_knl_Task_Object__count__C                              
000071d0  ti_sysbios_knl_Task_allBlockedFunc__C                             
000071d4  ti_sysbios_knl_Task_numConstructedTasks__C                        
000071d8  xdc_runtime_Assert_E_assertFailed__C                              
000071dc  xdc_runtime_Core_A_initializedParams__C                           
000071e0  xdc_runtime_Core_Module__diagsEnabled__C                          
000071e4  xdc_runtime_Core_Module__diagsIncluded__C                         
000071e8  xdc_runtime_Core_Module__diagsMask__C                             
000071ec  xdc_runtime_Error_E_memory__C                                     
000071f0  xdc_runtime_Error_Module__diagsEnabled__C                         
000071f4  xdc_runtime_Error_Module__diagsIncluded__C                        
000071f8  xdc_runtime_Error_Module__diagsMask__C                            
000071fc  xdc_runtime_Error_Module__loggerFxn8__C                           
00007200  xdc_runtime_Error_Module__loggerObj__C                            
00007204  xdc_runtime_Error_policyFxn__C                                    
00007208  xdc_runtime_Error_raiseHook__C                                    
0000720c  xdc_runtime_IGateProvider_Interface__BASE__C                      
00007210  xdc_runtime_IHeap_Interface__BASE__C                              
00007214  xdc_runtime_IModule_Interface__BASE__C                            
00007218  xdc_runtime_Log_L_error__C                                        
0000721c  xdc_runtime_Memory_defaultHeapInstance__C                         
00007220  xdc_runtime_Startup_execImpl__C                                   
00007224  xdc_runtime_Startup_maxPasses__C                                  
00007228  xdc_runtime_Startup_sfxnRts__C                                    
0000722c  xdc_runtime_Startup_sfxnTab__C                                    
00007230  xdc_runtime_SysMin_bufSize__C                                     
00007234  xdc_runtime_SysMin_outputFunc__C                                  
00007238  xdc_runtime_System_Module__gateObj__C                             
0000723c  xdc_runtime_System_abortFxn__C                                    
00007240  xdc_runtime_System_exitFxn__C                                     
00007244  xdc_runtime_System_extendFxn__C                                   
00007248  xdc_runtime_System_maxAtexitHandlers__C                           
0000724c  xdc_runtime_Text_charTab__C                                       
00007250  xdc_runtime_Text_nameEmpty__C                                     
00007254  xdc_runtime_Text_nameStatic__C                                    
00007258  xdc_runtime_Text_nameUnknown__C                                   
0000725c  xdc_runtime_Text_nodeTab__C                                       
00007260  xdc_runtime_Text_visitRopeFxn__C                                  
00007264  ti_sysbios_family_arm_m3_Hwi_Module__id__C                        
00007266  ti_sysbios_gates_GateMutex_Module__id__C                          
00007268  ti_sysbios_hal_Hwi_Module__id__C                                  
0000726a  ti_sysbios_heaps_HeapMem_Module__id__C                            
0000726c  ti_sysbios_knl_Semaphore_Module__id__C                            
0000726e  ti_sysbios_knl_Task_Module__id__C                                 
00007270  xdc_runtime_Core_Module__id__C                                    
00007272  xdc_runtime_Error_Module__loggerDefined__C                        
00007274  xdc_runtime_Error_maxDepth__C                                     
00007276  xdc_runtime_Memory_Module__id__C                                  
00007278  xdc_runtime_SysMin_flushAtExit__C                                 
0000727a  xdc_runtime_Text_charCnt__C                                       
0000727c  xdc_runtime_Text_isLoaded__C                                      
0000727e  xdc_runtime_Text_registryModsLastId__C                            
00007280  xdc_runtime_Text_unnamedModsLastId__C                             
00007282  xdc_runtime_Error_policy__C                                       
00007288  __TI_static_base__                                                
00007474  __TI_Handler_Table_Base                                           
00007480  __TI_Handler_Table_Limit                                          
00007490  __TI_CINIT_Base                                                   
000074a8  __TI_CINIT_Limit                                                  
20000000  ti_sysbios_family_arm_m3_Hwi_ramVectors                           
20000360  ti_sysbios_knl_Task_Instance_State_0_stack__A                     
20000560  ti_sysbios_knl_Task_Instance_State_1_stack__A                     
20000760  ti_sysbios_knl_Task_Instance_State_2_stack__A                     
20000960  ti_sysbios_heaps_HeapMem_Instance_State_0_buf__A                  
20000d60  ti_sysbios_family_arm_m3_Hwi_dispatchTable                        
200010c0  __CIOBUF_                                                         
20001270  xdc_runtime_SysMin_Module_State_0_outbuf__A                       
200012f0  parmbuf                                                           
200012f8  enc0_pos                                                          
200012fc  enc0_vel                                                          
20001300  enc1_pos                                                          
20001304  enc1_vel                                                          
2000130c  ti_sysbios_knl_Task_Object__table__V                              
200013f0  ti_sysbios_knl_Swi_Module_State_0_readyQ__A                       
20001470  ti_sysbios_knl_Task_Module_State_0_readyQ__A                      
200014f0  ti_sysbios_knl_Task_Module__state__V                              
20001534  ti_sysbios_family_arm_lm4_Timer_Object__table__V                  
20001574  ti_sysbios_gates_GateMutex_Object__table__V                       
200015ac  ti_sysbios_family_arm_m3_Hwi_Module__state__V                     
200015e0  ti_sysbios_family_arm_lm4_Timer_Module_State_0_device__A          
20001610  ti_sysbios_knl_Swi_Object__table__V                               
20001640  ti_sysbios_knl_Clock_Module__state__V                             
2000166c  ti_sysbios_BIOS_Module__state__V                                  
20001690  ti_sysbios_knl_Swi_Module__state__V                               
200016ac  ti_sysbios_family_arm_lm4_Timer_Module_State_0_handles__A         
200016c4  ti_sysbios_family_arm_m3_Hwi_Object__table__V                     
200016dc  ti_sysbios_heaps_HeapMem_Object__table__V                         
200016f4  gpioPinConfigs                                                    
20001708  ti_sysbios_family_arm_lm4_Timer_Module__state__V                  
20001714  xdc_runtime_SysMin_Module__state__V                               
20001720  _lock                                                             
20001724  _unlock                                                           
20001728  gpioCallbackFunctions                                             
20001730  ti_sysbios_family_arm_m3_Hwi_Module__root__V                      
20001738  ti_sysbios_gates_GateHwi_Module__root__V                          
20001740  ti_sysbios_gates_GateMutex_Module__root__V                        
20001748  ti_sysbios_heaps_HeapMem_Module__root__V                          
20001750  ti_sysbios_knl_Queue_Module__root__V                              
20001758  ti_sysbios_knl_Semaphore_Module__root__V                          
20001760  xdc_runtime_Registry_Module__state__V                             
20001768  xdc_runtime_Startup_Module__state__V                              
20001770  xdc_runtime_System_Module_State_0_atexitHandlers__A               
20001778  xdc_runtime_System_Module__state__V                               
20001786  ti_sysbios_family_arm_m3_Hwi_Module_State_0_excActive__A          
20001788  main_func_sp                                                      
2000178c  ti_sysbios_family_arm_m3_Hwi_Module_State_0_excContext__A         
20001790  ti_sysbios_family_arm_m3_Hwi_Module_State_0_excStack__A           
20001794  ti_sysbios_gates_GateHwi_Object__table__V                         
20001798  ti_sysbios_knl_Task_Module_State_0_idleTask__A                    
2000179c  xdc_runtime_Memory_Module__state__V                               
200017a0  xdc_runtime_Error_Module__state__V                                
200017a8  __stack                                                           
20001aa8  __STACK_END                                                       
e000e000  ti_sysbios_family_arm_m3_Hwi_nvic                                 
ffffffff  __TI_pprof_out_hndl                                               
ffffffff  __TI_prof_data_size                                               
ffffffff  __TI_prof_data_start                                              
ffffffff  __binit__                                                         
ffffffff  __c_args__                                                        
ffffffff  binit                                                             
UNDEFED   SHT$$INIT_ARRAY$$Base                                             
UNDEFED   SHT$$INIT_ARRAY$$Limit                                            

[546 symbols]
